12:08:29    0.2s FAR
12:09:00   31.3s IN at Z 18000
12:09:01   32.5s FAR
12:09:22   53.8s IN at Z 31000
12:09:23   54.8s FAR
12:09:27   58.2s IN at Z 4000
12:09:28   59.1s FAR
12:09:32   63.7s IN at Z 47000
12:09:33   64.6s FAR
12:09:55   86.8s IN at Z 45000
12:09:56   87.8s FAR
12:09:58   89.6s IN at Z 6000
12:09:59   90.1s FAR
12:10:03   94.9s IN at Z 38000
12:10:04   95.4s FAR
12:10:05   96.8s IN at Z 44000
12:10:07   98.1s FAR
12:10:42  133.8s IN at Z 16000
12:10:43  134.7s FAR
12:10:44  135.1s IN at Z 26000
12:10:44  135.6s FAR
12:11:12  163.7s IN at Z 41000
12:11:13  164.2s FAR
