02:22:58 start: median 17200 below 0.05 none 0.00
02:23:02 c0 in  pos -1: median 27600 below 0.18 none 0.00
02:23:05 c0 in  pos -2: median 17200.0 below 0.11 none 0.00
02:23:09 c0 in  pos -3: median 18000.0 below 0.14 none 0.00
02:23:12 c0 in  pos -4: median 14800.0 below 0.06 none 0.00
02:23:16 c0 in  pos -5: median 15600.0 below 0.12 none 0.00
02:23:19 c0 in  pos -6: median 15200 below 0.07 none 0.00
02:23:23 c0 in  pos -7: median 15200 below 0.05 none 0.00
02:23:26 c0 in  pos -8: median 14400 below 0.07 none 0.00
02:23:30 c0 in  pos -9: median 16000.0 below 0.08 none 0.00
02:23:33 c0 in  pos -10: median 16000.0 below 0.10 none 0.00
02:23:37 c0 in  pos -11: median 16000.0 below 0.11 none 0.00
02:23:40 c0 in  pos -12: median 16000.0 below 0.05 none 0.00
02:23:44 c0 in  pos -13: median 16800.0 below 0.08 none 0.00
02:23:48 c0 in  pos -14: median 16800.0 below 0.04 none 0.13
02:23:51 c0 in  pos -15: median 16000.0 below 0.03 none 0.00
02:23:55 c0 in  pos -16: median 15200.0 below 0.03 none 0.00
02:23:58 c0 in  pos -17: median 16000.0 below 0.05 none 0.00
02:24:02 c0 in  pos -18: median 16000.0 below 0.03 none 0.00
02:24:05 c0 in  pos -19: median 16800.0 below 0.01 none 0.00
02:24:09 c0 in  pos -20: median 17600.0 below 0.01 none 0.22
02:24:12 c0 in  pos -21: median 48400.0 below 0.01 none 0.29
02:24:16 c0 in  pos -22: median 26000 below 0.12 none 0.27
02:24:19 c0 in  pos -23: median 16400 below 0.10 none 0.10
02:24:23 c0 in  pos -24: median 15600 below 0.07 none 0.09
02:24:26 c0 in  pos -25: median 48400 below 0.01 none 0.64
02:24:30 c0 in  pos -26: median 16400.0 below 0.06 none 0.67
02:24:33 c0 in  pos -27: median 28400.0 below 0.06 none 0.80
02:24:37 c0 in  pos -28: median 30800.0 below 0.01 none 0.97
02:24:40 c0 in  pos -29: median 39200.0 below 0.05 none 0.76
02:24:44 c0 in  pos -30: median 27200.0 below 0.15 none 0.40
02:24:47 c0 in  pos -31: median 45200 below 0.12 none 0.30
02:24:51 c0 in  pos -32: median 26800 below 0.20 none 0.06
02:24:54 c0 in  pos -33: median 27600 below 0.20 none 0.22
02:24:58 c0 in  pos -34: median 27600.0 below 0.25 none 0.04
02:25:02 c0 in  pos -35: median 46000 below 0.25 none 0.21
02:25:05 c0 in  pos -36: median 45200 below 0.19 none 0.15
02:25:09 c0 in  pos -37: median 34800.0 below 0.22 none 0.13
02:25:12 c0 in  pos -38: median 42800.0 below 0.12 none 0.09
02:25:16 c0 in  pos -39: median 43200.0 below 0.05 none 0.79
02:25:19 c0 in  pos -40: median 25200 below 0.20 none 0.26
02:25:23 c0 out pos -39: median 27200.0 below 0.27 none 0.00
02:25:26 c0 out pos -38: median 26400.0 below 0.33 none 0.00
02:25:30 c0 out pos -37: median 26400.0 below 0.26 none 0.00
02:25:33 c0 out pos -36: median 42400 below 0.25 none 0.00
02:25:37 c0 out pos -35: median 43600.0 below 0.19 none 0.02
02:25:40 c0 out pos -34: median 42400.0 below 0.21 none 0.05
02:25:44 c0 out pos -33: median 41600.0 below 0.18 none 0.00
02:25:47 c0 out pos -32: median 32800.0 below 0.01 none 0.99
02:25:51 c0 out pos -31: median 36000.0 below 0.00 none 0.99
02:25:54 c1 in  pos -32: median 32800.0 below 0.01 none 0.98
02:25:58 c1 in  pos -33: median 35200.0 below 0.01 none 0.99
02:26:01 c1 in  pos -34: median 45200 below 0.01 none 0.96
02:26:05 c1 in  pos -35: median 42000 below 0.00 none 0.98
02:26:09 c1 in  pos -36: median 26000 below 0.17 none 0.00
02:26:12 c1 in  pos -37: median 18800.0 below 0.01 none 0.98
02:26:16 c1 in  pos -38: median None below 0.00 none 1.00
02:26:19 c1 in  pos -39: median 27200.0 below 0.06 none 0.62
02:26:23 c1 in  pos -40: median 27200.0 below 0.24 none 0.00
02:26:26 c1 in  pos -41: median 27200.0 below 0.01 none 0.95
02:26:30 c1 in  pos -42: median 26400.0 below 0.13 none 0.00
02:26:33 c1 in  pos -43: median 26400.0 below 0.12 none 0.23
02:26:37 c1 in  pos -44: median 27200.0 below 0.13 none 0.00
02:26:40 c1 in  pos -45: median 24800.0 below 0.01 none 0.99
02:26:44 c1 in  pos -46: median 24000.0 below 0.01 none 0.99
02:26:47 c1 in  pos -47: median 26400.0 below 0.05 none 0.64
02:26:51 c1 in  pos -48: median 22400.0 below 0.01 none 0.98
02:26:54 c1 in  pos -49: median 26400.0 below 0.22 none 0.00
02:26:58 c1 in  pos -50: median 27200.0 below 0.28 none 0.00
02:27:01 c1 in  pos -51: median 26400.0 below 0.15 none 0.33
02:27:05 c1 in  pos -52: median 26400.0 below 0.25 none 0.00
02:27:08 c1 in  pos -53: median 26400.0 below 0.25 none 0.00
02:27:12 c1 in  pos -54: median 26400.0 below 0.29 none 0.00
02:27:16 c1 in  pos -55: median 27200.0 below 0.39 none 0.00
02:27:19 c1 in  pos -56: median 26400.0 below 0.39 none 0.00
02:27:23 c1 in  pos -57: median 26400.0 below 0.42 none 0.00
02:27:26 c1 in  pos -58: median 27200.0 below 0.38 none 0.00
02:27:30 c1 in  pos -59: median 26400.0 below 0.32 none 0.00
02:27:33 c1 in  pos -60: median 26400.0 below 0.32 none 0.00
02:27:37 c1 in  pos -61: median 27200.0 below 0.42 none 0.00
02:27:40 c1 in  pos -62: median 27200.0 below 0.31 none 0.00
02:27:44 c1 in  pos -63: median 26400.0 below 0.42 none 0.00
02:27:47 c1 in  pos -64: median 28000.0 below 0.38 none 0.00
02:27:51 c1 in  pos -65: median 28800.0 below 0.27 none 0.00
02:27:54 c1 in  pos -66: median 28800.0 below 0.06 none 0.66
02:27:58 c1 in  pos -67: median 11200.0 below 0.18 none 0.00
02:28:01 c1 out pos -66: median 28800.0 below 0.10 none 0.00
02:28:05 c1 out pos -65: median 28800.0 below 0.13 none 0.00
02:28:08 c1 out pos -64: median 28800.0 below 0.22 none 0.00
02:28:12 c1 out pos -63: median 28800.0 below 0.22 none 0.00
02:28:15 c1 out pos -62: median 28800.0 below 0.19 none 0.00
02:28:19 c1 out pos -61: median 29600.0 below 0.02 none 0.87
02:28:22 c1 out pos -60: median 28800.0 below 0.24 none 0.00
02:28:26 c1 out pos -59: median 28800.0 below 0.23 none 0.00
02:28:30 c1 out pos -58: median 28800.0 below 0.19 none 0.00
02:28:33 c1 out pos -57: median 28800.0 below 0.20 none 0.00
02:28:37 c1 out pos -56: median 28000.0 below 0.26 none 0.00
02:28:40 c1 out pos -55: median 28800.0 below 0.14 none 0.00
02:28:44 c1 out pos -54: median 28800.0 below 0.18 none 0.00
02:28:47 c1 out pos -53: median 1600 below 0.98 none 0.00
02:28:51 c1 out pos -52: median None below 1.00 none 0.00
02:28:54 c1 out pos -51: median 29600.0 below 0.18 none 0.00
02:28:58 c1 out pos -50: median 28800.0 below 0.45 none 0.00
02:29:01 c1 out pos -49: median 30400.0 below 0.28 none 0.00
02:29:05 c1 out pos -48: median 29600.0 below 0.91 none 0.00
02:29:08 c1 out pos -47: median 30400.0 below 0.33 none 0.00
02:29:12 c1 out pos -46: median 29600.0 below 0.26 none 0.00
02:29:15 c1 out pos -45: median 2400.0 below 0.25 none 0.00
02:29:19 c1 out pos -44: median None below 1.00 none 0.00
02:29:22 c1 out pos -43: median 30800 below 0.15 none 0.15
02:29:26 c1 out pos -42: median 29200.0 below 0.18 none 0.01
02:29:29 c1 out pos -41: median 46000 below 0.21 none 0.01
02:29:33 c1 out pos -40: median 30800 below 0.15 none 0.00
02:29:37 c1 out pos -39: median 32400 below 0.31 none 0.01
02:29:40 c1 out pos -38: median 47600 below 0.17 none 0.01
02:29:44 c1 out pos -37: median 30000.0 below 0.30 none 0.01
02:29:47 c1 out pos -36: median 30800 below 0.18 none 0.01
02:29:51 c1 out pos -35: median 30800.0 below 0.25 none 0.00
02:29:54 c1 out pos -34: median 31600.0 below 0.21 none 0.00
02:29:58 c1 out pos -33: median 33200.0 below 0.34 none 0.01
02:30:01 c1 out pos -32: median 34800 below 0.36 none 0.03
02:30:05 c1 out pos -31: median 48400 below 0.04 none 0.01
02:30:08 c1 out pos -30: median 34800 below 0.29 none 0.00
02:30:12 c1 out pos -29: median 34000 below 0.19 none 0.15
02:30:15 c1 out pos -28: median 34000 below 0.34 none 0.00
02:30:19 c1 out pos -27: median 34000 below 0.38 none 0.00
02:30:22 c2 in  pos -28: median 34800 below 0.24 none 0.13
02:30:26 c2 in  pos -29: median 33200 below 0.35 none 0.00
02:30:29 c2 in  pos -30: median 30400.0 below 0.31 none 0.00
02:30:33 c2 in  pos -31: median 32800.0 below 0.36 none 0.00
02:30:36 c2 in  pos -32: median 30800.0 below 0.29 none 0.00
02:30:40 c2 in  pos -33: median 32400.0 below 0.35 none 0.00
02:30:43 c2 in  pos -34: median 34000.0 below 0.41 none 0.00
02:30:47 c2 in  pos -35: median 31200.0 below 0.36 none 0.00
02:30:51 c2 in  pos -36: median 30400.0 below 0.17 none 0.00
02:30:54 c2 in  pos -37: median 29600.0 below 0.26 none 0.00
02:30:58 c2 in  pos -38: median 30400.0 below 0.23 none 0.00
02:31:01 c2 in  pos -39: median 30400.0 below 0.20 none 0.00
02:31:05 c2 in  pos -40: median 29600.0 below 0.20 none 0.00
02:31:08 c2 in  pos -41: median 30400.0 below 0.20 none 0.07
02:31:12 c2 in  pos -42: median 31200 below 0.26 none 0.00
02:31:15 c2 in  pos -43: median 32400 below 0.32 none 0.01
02:31:19 c2 in  pos -44: median 31600.0 below 0.23 none 0.22
02:31:22 c2 in  pos -45: median 32000.0 below 0.14 none 0.67
02:31:26 c2 in  pos -46: median 34400.0 below 0.24 none 0.53
02:31:29 c2 in  pos -47: median 49200.0 below 0.04 none 0.73
02:31:33 c2 in  pos -48: median 49200 below 0.05 none 0.73
02:31:36 c2 in  pos -49: median 33200.0 below 0.24 none 0.32
02:31:40 c2 in  pos -50: median 48400 below 0.04 none 0.70
02:31:43 c2 in  pos -51: median 48400.0 below 0.05 none 0.60
02:31:47 c2 in  pos -52: median 33200 below 0.19 none 0.45
02:31:51 c2 in  pos -53: median 49200.0 below 0.05 none 0.75
02:31:54 c2 in  pos -54: median 34000.0 below 0.20 none 0.42
02:31:58 c2 in  pos -55: median 48400.0 below 0.01 none 0.82
02:32:01 c2 in  pos -56: median 32800.0 below 0.11 none 0.64
02:32:05 c2 in  pos -57: median 32800.0 below 0.31 none 0.00
02:32:08 c2 in  pos -58: median 32800.0 below 0.23 none 0.00
02:32:12 c2 in  pos -59: median 33600.0 below 0.28 none 0.00
02:32:15 c2 in  pos -60: median 33600.0 below 0.21 none 0.00
02:32:19 c2 in  pos -61: median 33600.0 below 0.22 none 0.00
02:32:22 c2 in  pos -62: median 34400.0 below 0.15 none 0.40
02:32:26 c2 in  pos -63: median None below 0.00 none 1.00
02:32:29 c2 in  pos -64: median 49200.0 below 0.01 none 0.08
02:32:33 c2 in  pos -65: median 43600 below 0.05 none 0.88
02:32:36 c2 in  pos -66: median 42000 below 0.00 none 0.99
02:32:40 c2 in  pos -67: median 10800.0 below 0.05 none 0.90
02:32:43 c2 out pos -66: median 49600.0 below 0.20 none 0.63
02:32:47 c2 out pos -65: median 45600.0 below 0.07 none 0.91
02:32:50 c2 out pos -64: median 38000.0 below 0.24 none 0.08
02:32:54 c2 out pos -63: median 29200.0 below 0.19 none 0.00
02:32:58 c2 out pos -62: median 42000 below 0.39 none 0.08
02:33:01 c2 out pos -61: median 42000.0 below 0.40 none 0.06
02:33:05 c2 out pos -60: median 44400 below 0.08 none 0.64
02:33:08 c2 out pos -59: median 36400.0 below 0.32 none 0.02
02:33:12 c2 out pos -58: median 34800 below 0.31 none 0.05
02:33:15 c2 out pos -57: median 37200.0 below 0.34 none 0.06
02:33:19 c2 out pos -56: median 45200.0 below 0.42 none 0.05
02:33:22 c2 out pos -55: median 42000 below 0.41 none 0.02
02:33:26 c2 out pos -54: median 43600.0 below 0.35 none 0.01
02:33:29 c2 out pos -53: median 40400.0 below 0.35 none 0.01
02:33:33 c2 out pos -52: median 42000.0 below 0.32 none 0.00
