02:10:18 start onset 15750
02:11:48 n=276 found=249 none=27 motor adj +0
  t=  0.5s onset 42000 (adj 0)
  t=  3.9s onset 32750 (adj 0)
  t=  8.1s onset None (adj 0)
  t= 11.6s onset None (adj 0)
  t= 14.4s onset 9000 (adj 0)
  t= 17.4s onset None (adj 0)
  t= 19.6s onset 27000 (adj 0)
  t= 22.6s onset 16500 (adj 0)
  t= 26.5s onset 17000 (adj 0)
  t= 30.4s onset 26250 (adj 0)
  t= 34.3s onset 23500 (adj 0)
  t= 36.6s onset 21500 (adj 0)
  t= 39.2s onset 31500 (adj 0)
  t= 42.8s onset 29500 (adj 0)
  t= 46.5s onset 33500 (adj 0)
  t= 50.1s onset 34750 (adj 0)
  t= 52.5s onset 17500 (adj 0)
  t= 55.0s onset 28250 (adj 0)
  t= 57.4s onset 22000 (adj 0)
  t= 59.6s onset 20500 (adj 0)
  t= 62.0s onset 21750 (adj 0)
  t= 64.5s onset 22750 (adj 0)
  t= 67.2s onset 37750 (adj 0)
  t= 69.9s onset 23250 (adj 0)
  t= 72.5s onset 22750 (adj 0)
  t= 75.5s onset 22500 (adj 0)
  t= 78.2s onset 22500 (adj 0)
  t= 81.0s onset 29750 (adj 0)
  t= 83.6s onset 21000 (adj 0)
  t= 86.3s onset 27500 (adj 0)
  t= 88.7s onset 24000 (adj 0)
onset mean 24067 sd 7548 min 7250 max 44250
02:11:49 end: Z 0, motor +20, bias 0 V
