====================================================================
  COARSE APPROACH -- this moves a real tip toward a real sample
====================================================================
  port              COM3
  Z direction       UNKNOWN: Z parks at 32768 for every motor step and
                    searches toward 10000 and toward 50000 each cycle
  sample bias       code 38229 (-0.50 V at the sample)
  motor step        -5 per cycle, up to 1500 steps (~11.7 um)

  BEFORE YOU CONTINUE:
   - LED1 to LED4 must be DARK. If any is lit the DACs have lost
     configuration, every Z command below does nothing, and the
     motor would advance with no piezo protection at all.
   - Nobody within a metre of the preamp.
   - Ctrl-C stops at any time and sends Z to midscale.


  Measuring baseline with Z at midscale...
  baseline 17 counts, noise 158 counts RMS (0.49 nA)
  threshold 1500 counts (4.69 nA) of deviation either way
  A high threshold costs almost no depth: tunneling current rises
  about 10x per Angstrom, so 6 nA is under an Angstrom past 1 nA.

  5/1500 motor steps, no contact yet
  10/1500 motor steps, no contact yet
  15/1500 motor steps, no contact yet
  20/1500 motor steps, no contact yet
  25/1500 motor steps, no contact yet
  30/1500 motor steps, no contact yet
  35/1500 motor steps, no contact yet
  40/1500 motor steps, no contact yet
  45/1500 motor steps, no contact yet
  50/1500 motor steps, no contact yet
  55/1500 motor steps, no contact yet
  60/1500 motor steps, no contact yet

  TUNNELING at Z = 32768 after 60 motor steps
  reading 32767 counts, baseline 17, deviation 32750
  CONTACT ALREADY PRESENT AT MIDSCALE. The Z direction
  could not be told, so Z was left at 32768. Motor stopped.
  Do not move Z or the motor. Power down, then back the
  sample off by hand.
