02:21:30    0.1s       -5 counts
02:21:30    0.1s      -10 counts
02:21:30    0.2s       -3 counts
02:21:30    0.2s       -8 counts
02:21:30    0.3s       -5 counts
02:21:30    0.4s       -7 counts
02:21:30    0.4s       -6 counts
02:21:30    0.5s       -6 counts
02:21:30    0.5s       -4 counts
02:21:30    0.6s       -4 counts
02:21:30    0.6s       -4 counts
02:21:30    0.7s       -4 counts
02:21:30    0.8s       -4 counts
02:21:31    0.8s       -4 counts
02:21:31    0.9s       -3 counts
02:21:31    0.9s       -3 counts
02:21:31    1.0s       -3 counts
02:21:31    1.0s       -6 counts
02:21:31    1.1s       -3 counts
02:21:31    1.2s       -3 counts
02:21:31    1.2s       -3 counts
02:21:31    1.3s       -5 counts
02:21:31    1.3s       -2 counts
02:21:31    1.4s      -10 counts
02:21:31    1.4s       -8 counts
02:21:31    1.5s       -6 counts
02:21:31    1.6s       -8 counts
02:21:31    1.6s        0 counts
02:21:31    1.7s       -7 counts
02:21:31    1.7s       -1 counts
02:21:32    1.8s       -6 counts
02:21:32    1.9s       -3 counts
02:21:32    1.9s       -4 counts
02:21:32    2.0s       -6 counts
02:21:32    2.0s       -6 counts
02:21:32    2.1s       -9 counts
02:21:32    2.2s       -6 counts
02:21:32    2.2s       -3 counts
02:21:32    2.3s       -4 counts
02:21:32    2.4s        5 counts
02:21:32    2.4s       -6 counts
02:21:32    2.5s       -4 counts
02:21:32    2.5s       -3 counts
02:21:32    2.6s       -3 counts
02:21:32    2.6s       -5 counts
02:21:32    2.7s        2 counts
02:21:32    2.7s       -4 counts
02:21:33    2.8s       -4 counts
02:21:33    2.9s        1 counts
02:21:33    2.9s       -6 counts
02:21:33    3.0s       -2 counts
02:21:33    3.0s       -8 counts
02:21:33    3.1s       -5 counts
02:21:33    3.1s       -5 counts
02:21:33    3.2s       -8 counts
02:21:33    3.2s       -5 counts
02:21:33    3.3s       -6 counts
02:21:33    3.4s       -5 counts
02:21:33    3.4s       -2 counts
02:21:33    3.5s      -10 counts
02:21:33    3.5s       -1 counts
02:21:33    3.6s      -10 counts
02:21:33    3.7s       -3 counts
02:21:33    3.7s       -8 counts
02:21:34    3.8s       -5 counts
02:21:34    3.8s       -8 counts
02:21:34    3.9s       -6 counts
02:21:34    3.9s       -1 counts
02:21:34    4.0s      -11 counts
02:21:34    4.1s       -5 counts
02:21:34    4.1s       -3 counts
02:21:34    4.2s       -7 counts
02:21:34    4.2s       -4 counts
02:21:34    4.3s       -4 counts
02:21:34    4.4s       -7 counts
02:21:34    4.4s       -8 counts
02:21:34    4.5s       -6 counts
02:21:34    4.5s       -3 counts
02:21:34    4.6s       -7 counts
02:21:34    4.7s       -5 counts
02:21:34    4.7s       -9 counts
02:21:35    4.8s       -8 counts
02:21:35    4.8s       -3 counts
02:21:35    4.9s       -3 counts
02:21:35    4.9s       -6 counts
02:21:35    5.0s       -8 counts
02:21:35    5.0s       -4 counts
02:21:35    5.1s       -9 counts
02:21:35    5.2s       -4 counts
02:21:35    5.2s       -3 counts
02:21:35    5.3s       -7 counts
02:21:35    5.3s       -5 counts
02:21:35    5.4s       -3 counts
02:21:35    5.4s       -3 counts
02:21:35    5.5s       -1 counts
02:21:35    5.5s       -6 counts
02:21:35    5.6s       -9 counts
02:21:35    5.7s       -7 counts
02:21:35    5.7s       -6 counts
02:21:36    5.8s       -8 counts
02:21:36    5.8s       -8 counts
02:21:36    5.9s       -4 counts
02:21:36    5.9s       -6 counts
02:21:36    6.0s        1 counts
02:21:36    6.1s       -9 counts
02:21:36    6.1s       -3 counts
02:21:36    6.2s       -6 counts
02:21:36    6.2s       -2 counts
02:21:36    6.3s       -6 counts
02:21:36    6.4s       -7 counts
02:21:36    6.4s       -4 counts
02:21:36    6.5s       -4 counts
02:21:36    6.5s       -1 counts
02:21:36    6.6s       -6 counts
02:21:36    6.7s        3 counts
02:21:36    6.7s       -9 counts
02:21:37    6.8s       -4 counts
02:21:37    6.8s       -3 counts
02:21:37    6.9s       -4 counts
02:21:37    6.9s       -7 counts
02:21:37    7.0s       -7 counts
02:21:37    7.0s       -5 counts
02:21:37    7.1s       -6 counts
02:21:37    7.2s       -3 counts
02:21:37    7.2s       -1 counts
02:21:37    7.3s       -3 counts
02:21:37    7.3s       -7 counts
02:21:37    7.4s       -5 counts
02:21:37    7.4s       -7 counts
02:21:37    7.5s       -6 counts
02:21:37    7.6s       -5 counts
02:21:37    7.6s       -5 counts
02:21:37    7.7s       -7 counts
02:21:37    7.7s       -5 counts
02:21:38    7.8s      -11 counts
02:21:38    7.9s       -3 counts
02:21:38    7.9s       -9 counts
02:21:38    8.0s       -3 counts
02:21:38    8.0s       -4 counts
02:21:38    8.1s       -7 counts
02:21:38    8.2s       -6 counts
02:21:38    8.2s      -12 counts
02:21:38    8.3s       -0 counts
02:21:38    8.3s       -6 counts
02:21:38    8.4s       -6 counts
02:21:38    8.4s       -7 counts
02:21:38    8.5s       -4 counts
02:21:38    8.6s       -7 counts
02:21:38    8.6s       -9 counts
02:21:38    8.7s       -2 counts
02:21:38    8.7s       -9 counts
02:21:39    8.8s       -7 counts
02:21:39    8.8s       -4 counts
02:21:39    8.9s       -4 counts
02:21:39    9.0s        1 counts
02:21:39    9.0s       -8 counts
02:21:39    9.1s       -4 counts
02:21:39    9.1s       -5 counts
02:21:39    9.2s       -3 counts
02:21:39    9.2s       -6 counts
02:21:39    9.3s       -7 counts
02:21:39    9.3s       -4 counts
02:21:39    9.4s       -6 counts
02:21:39    9.4s       -7 counts
02:21:39    9.5s       -4 counts
02:21:39    9.6s       -8 counts
02:21:39    9.6s       -8 counts
02:21:39    9.7s       -6 counts
02:21:39    9.7s       -1 counts
02:21:40    9.8s      -11 counts
02:21:40    9.9s       -2 counts
02:21:40    9.9s       -5 counts
02:21:40   10.0s       -4 counts
02:21:40   10.0s       -9 counts
02:21:40   10.1s       -8 counts
02:21:40   10.1s       -7 counts
02:21:40   10.2s       -1 counts
02:21:40   10.3s       -4 counts
02:21:40   10.3s      -10 counts
02:21:40   10.4s       -2 counts
02:21:40   10.4s       -7 counts
02:21:40   10.5s       -9 counts
02:21:40   10.6s       -8 counts
02:21:40   10.6s       -9 counts
02:21:40   10.7s       -6 counts
02:21:40   10.7s       -2 counts
02:21:41   10.8s       -5 counts
02:21:41   10.8s       -7 counts
02:21:41   10.9s       -4 counts
02:21:41   11.0s       -2 counts
02:21:41   11.0s       -2 counts
02:21:41   11.1s       -1 counts
02:21:41   11.1s       -7 counts
02:21:41   11.2s       -2 counts
02:21:41   11.2s       -6 counts
02:21:41   11.3s       -4 counts
02:21:41   11.4s       -9 counts
02:21:41   11.4s       -4 counts
02:21:41   11.5s       -3 counts
02:21:41   11.5s      -12 counts
02:21:41   11.6s       -4 counts
02:21:41   11.6s       -8 counts
02:21:41   11.7s      -10 counts
02:21:42   11.8s        2 counts
02:21:42   11.8s       -2 counts
02:21:42   11.9s       -7 counts
02:21:42   11.9s       -6 counts
02:21:42   12.0s       -6 counts
02:21:42   12.0s       -8 counts
02:21:42   12.1s        0 counts
02:21:42   12.2s       -3 counts
02:21:42   12.2s       -4 counts
02:21:42   12.3s      -11 counts
02:21:42   12.3s       -3 counts
02:21:42   12.4s       -8 counts
02:21:42   12.5s      -11 counts
02:21:42   12.5s        4 counts
02:21:42   12.6s       -1 counts
02:21:42   12.6s       -7 counts
02:21:42   12.7s      -12 counts
02:21:42   12.7s       -0 counts
02:21:43   12.8s       -2 counts
02:21:43   12.9s       -5 counts
02:21:43   12.9s      -12 counts
02:21:43   13.0s       -8 counts
02:21:43   13.0s       -5 counts
02:21:43   13.1s      -15 counts
02:21:43   13.2s       -1 counts
02:21:43   13.2s       -8 counts
02:21:43   13.3s       -9 counts
02:21:43   13.3s       -1 counts
02:21:43   13.4s       -8 counts
02:21:43   13.5s       -1 counts
02:21:43   13.5s       -1 counts
02:21:43   13.6s       -7 counts
02:21:43   13.6s      -12 counts
02:21:43   13.7s       -4 counts
02:21:44   13.8s      -10 counts
02:21:44   13.8s       -0 counts
02:21:44   13.9s       -7 counts
02:21:44   13.9s       -1 counts
02:21:44   14.0s      -10 counts
02:21:44   14.1s       -6 counts
02:21:44   14.1s       -7 counts
02:21:44   14.2s       -7 counts
02:21:44   14.2s       -8 counts
02:21:44   14.3s       -7 counts
02:21:44   14.4s       -9 counts
02:21:44   14.4s       -6 counts
02:21:44   14.5s       -8 counts
02:21:44   14.5s       -4 counts
02:21:44   14.6s       -1 counts
02:21:44   14.6s       -8 counts
02:21:44   14.7s       -6 counts
02:21:45   14.8s      -10 counts
02:21:45   14.8s       -6 counts
02:21:45   14.9s      -10 counts
02:21:45   14.9s       -5 counts
02:21:45   15.0s      -11 counts
02:21:45   15.1s      -12 counts
02:21:45   15.1s       -7 counts
02:21:45   15.2s       -0 counts
02:21:45   15.2s       -9 counts
02:21:45   15.3s       -7 counts
02:21:45   15.3s       -8 counts
02:21:45   15.4s       -2 counts
02:21:45   15.5s       -8 counts
02:21:45   15.5s        0 counts
02:21:45   15.6s       -9 counts
02:21:45   15.6s       -5 counts
02:21:45   15.7s      -11 counts
02:21:45   15.7s      -13 counts
02:21:46   15.8s       -6 counts
02:21:46   15.9s       -7 counts
02:21:46   15.9s       -8 counts
02:21:46   16.0s        0 counts
02:21:46   16.0s       -0 counts
02:21:46   16.1s      -12 counts
02:21:46   16.2s      -13 counts
02:21:46   16.2s      -11 counts
02:21:46   16.3s       -7 counts
02:21:46   16.4s      -13 counts
02:21:46   16.4s       -5 counts
02:21:46   16.5s       -4 counts
02:21:46   16.5s      -11 counts
02:21:46   16.6s       -4 counts
02:21:46   16.7s       -6 counts
02:21:46   16.7s       -7 counts
02:21:47   16.8s       -8 counts
02:21:47   16.8s       -5 counts
02:21:47   16.9s       -9 counts
02:21:47   16.9s       -4 counts
02:21:47   17.0s       -2 counts
02:21:47   17.1s       -8 counts
02:21:47   17.1s       -6 counts
02:21:47   17.2s      -10 counts
02:21:47   17.3s        0 counts
02:21:47   17.3s      -12 counts
02:21:47   17.4s       -4 counts
02:21:47   17.4s       -5 counts
02:21:47   17.5s       -7 counts
02:21:47   17.6s      -11 counts
02:21:47   17.6s       -5 counts
02:21:47   17.7s      -11 counts
02:21:47   17.7s       -5 counts
02:21:48   17.8s       -4 counts
02:21:48   17.9s       -6 counts
02:21:48   17.9s        4 counts
02:21:48   18.0s       -3 counts
02:21:48   18.0s       -3 counts
02:21:48   18.1s       -8 counts
02:21:48   18.2s       -6 counts
02:21:48   18.2s       -3 counts
02:21:48   18.3s       -5 counts
02:21:48   18.4s       -3 counts
02:21:48   18.4s      -11 counts
02:21:48   18.5s       -3 counts
02:21:48   18.5s       -5 counts
02:21:48   18.6s       -0 counts
02:21:48   18.7s      -16 counts
02:21:48   18.7s       -4 counts
02:21:49   18.8s       -8 counts
02:21:49   18.8s       -4 counts
02:21:49   18.9s       -7 counts
02:21:49   18.9s       -0 counts
02:21:49   19.0s      -13 counts
02:21:49   19.1s       -1 counts
02:21:49   19.1s      -15 counts
02:21:49   19.2s       -6 counts
02:21:49   19.2s       -5 counts
02:21:49   19.3s       -7 counts
02:21:49   19.4s        1 counts
02:21:49   19.4s      -14 counts
02:21:49   19.5s       -5 counts
02:21:49   19.5s       -7 counts
02:21:49   19.6s       -9 counts
02:21:49   19.7s       -6 counts
02:21:49   19.7s      -10 counts
02:21:50   19.8s       -7 counts
02:21:50   19.8s       -3 counts
02:21:50   19.9s       -3 counts
02:21:50   20.0s      -14 counts
02:21:50   20.0s       -9 counts
02:21:50   20.1s      -11 counts
02:21:50   20.1s      -10 counts
02:21:50   20.2s      -15 counts
02:21:50   20.3s       -6 counts
02:21:50   20.3s       -4 counts
02:21:50   20.4s      -10 counts
02:21:50   20.4s       -2 counts
02:21:50   20.5s      -11 counts
02:21:50   20.6s       -7 counts
02:21:50   20.6s        0 counts
02:21:50   20.7s       -6 counts
02:21:50   20.7s       -1 counts
02:21:51   20.8s      -12 counts
02:21:51   20.8s       -3 counts
02:21:51   20.9s       -5 counts
02:21:51   21.0s       -9 counts
02:21:51   21.0s       -5 counts
02:21:51   21.1s       -3 counts
02:21:51   21.2s       -9 counts
02:21:51   21.2s       -4 counts
02:21:51   21.3s       -2 counts
02:21:51   21.3s       -4 counts
02:21:51   21.4s       -3 counts
02:21:51   21.5s       -2 counts
02:21:51   21.5s       -6 counts
02:21:51   21.6s       -1 counts
02:21:51   21.6s       -6 counts
02:21:51   21.7s       -4 counts
02:21:52   21.8s       -0 counts
02:21:52   21.8s       -8 counts
02:21:52   21.9s      -11 counts
02:21:52   21.9s       -9 counts
02:21:52   22.0s       -5 counts
02:21:52   22.1s       -9 counts
02:21:52   22.1s       -3 counts
02:21:52   22.2s       -4 counts
02:21:52   22.3s       -9 counts
02:21:52   22.3s       -9 counts
02:21:52   22.4s      -10 counts
02:21:52   22.4s      -11 counts
02:21:52   22.5s      -11 counts
02:21:52   22.6s      -11 counts
02:21:52   22.6s       -2 counts
02:21:52   22.7s       -6 counts
02:21:52   22.7s       -4 counts
02:21:53   22.8s       -9 counts
02:21:53   22.8s       -7 counts
02:21:53   22.9s       -6 counts
02:21:53   23.0s       -0 counts
02:21:53   23.0s       -5 counts
02:21:53   23.1s       -5 counts
02:21:53   23.2s      -12 counts
02:21:53   23.2s       -4 counts
02:21:53   23.3s       -2 counts
02:21:53   23.3s       -5 counts
02:21:53   23.4s       -3 counts
02:21:53   23.5s       -7 counts
02:21:53   23.5s      -10 counts
02:21:53   23.6s       -9 counts
02:21:53   23.6s        0 counts
02:21:53   23.7s       -7 counts
02:21:54   23.8s      -12 counts
02:21:54   23.8s      -10 counts
02:21:54   23.9s       -8 counts
02:21:54   23.9s       -4 counts
02:21:54   24.0s       -7 counts
02:21:54   24.1s       -6 counts
02:21:54   24.1s      -13 counts
02:21:54   24.2s      -12 counts
02:21:54   24.2s       -8 counts
02:21:54   24.3s       -8 counts
02:21:54   24.4s       -7 counts
02:21:54   24.4s       -2 counts
02:21:54   24.5s      -11 counts
02:21:54   24.5s        0 counts
02:21:54   24.6s       -7 counts
02:21:54   24.7s       -7 counts
02:21:54   24.7s       -4 counts
02:21:55   24.8s       -8 counts
02:21:55   24.8s       -2 counts
02:21:55   24.9s       -4 counts
02:21:55   25.0s       -8 counts
02:21:55   25.0s       -3 counts
02:21:55   25.1s       -8 counts
02:21:55   25.2s       -5 counts
02:21:55   25.2s       -4 counts
02:21:55   25.3s       -5 counts
02:21:55   25.3s       -4 counts
02:21:55   25.4s       -5 counts
02:21:55   25.4s       -3 counts
02:21:55   25.5s      -12 counts
02:21:55   25.6s      -10 counts
02:21:55   25.6s       -5 counts
02:21:55   25.7s       -4 counts
02:21:55   25.7s      -11 counts
02:21:56   25.8s       -7 counts
02:21:56   25.9s       -3 counts
02:21:56   25.9s       -5 counts
02:21:56   26.0s       -7 counts
02:21:56   26.0s      -13 counts
02:21:56   26.1s       -4 counts
02:21:56   26.2s       -6 counts
02:21:56   26.2s      -13 counts
02:21:56   26.3s       -3 counts
02:21:56   26.4s       -0 counts
02:21:56   26.4s       -9 counts
02:21:56   26.5s       -8 counts
02:21:56   26.5s       -4 counts
02:21:56   26.6s       -3 counts
02:21:56   26.6s       -1 counts
02:21:56   26.7s       -7 counts
02:21:57   26.8s       -5 counts
02:21:57   26.8s       -4 counts
02:21:57   26.9s       -8 counts
02:21:57   26.9s       -3 counts
02:21:57   27.0s       -4 counts
02:21:57   27.1s       -0 counts
02:21:57   27.1s       -5 counts
02:21:57   27.2s       -7 counts
02:21:57   27.3s       -7 counts
02:21:57   27.3s       -8 counts
02:21:57   27.4s      -10 counts
02:21:57   27.4s       -7 counts
02:21:57   27.5s      -12 counts
02:21:57   27.5s       -5 counts
02:21:57   27.6s        1 counts
02:21:57   27.7s      -10 counts
02:21:57   27.7s       -3 counts
02:21:58   27.8s      -10 counts
02:21:58   27.9s       -6 counts
02:21:58   27.9s       -7 counts
02:21:58   28.0s       -8 counts
02:21:58   28.0s       -5 counts
02:21:58   28.1s       -3 counts
02:21:58   28.2s       -3 counts
02:21:58   28.2s       -7 counts
02:21:58   28.3s      -10 counts
02:21:58   28.3s      -11 counts
02:21:58   28.4s       -2 counts
02:21:58   28.5s       -5 counts
02:21:58   28.5s      -10 counts
02:21:58   28.6s       -6 counts
02:21:58   28.6s       -2 counts
02:21:58   28.7s      -13 counts
02:21:59   28.8s       -5 counts
02:21:59   28.8s       -9 counts
02:21:59   28.9s      -12 counts
02:21:59   28.9s       -6 counts
02:21:59   29.0s      -10 counts
02:21:59   29.1s      -10 counts
02:21:59   29.1s       -5 counts
02:21:59   29.2s       -1 counts
02:21:59   29.3s       -6 counts
02:21:59   29.3s      -12 counts
02:21:59   29.4s       -5 counts
02:21:59   29.4s       -7 counts
02:21:59   29.5s       -7 counts
02:21:59   29.5s       -2 counts
02:21:59   29.6s       -5 counts
02:21:59   29.7s       -6 counts
02:21:59   29.7s       -4 counts
02:22:00   29.8s      -14 counts
02:22:00   29.8s       -6 counts
02:22:00   29.9s       -9 counts
02:22:00   30.0s       -6 counts
02:22:00   30.0s       -5 counts
02:22:00   30.1s      -11 counts
02:22:00   30.1s      -14 counts
02:22:00   30.2s       -9 counts
02:22:00   30.3s       -5 counts
02:22:00   30.3s       -3 counts
02:22:00   30.4s       -7 counts
02:22:00   30.4s       -8 counts
02:22:00   30.5s       -5 counts
02:22:00   30.6s      -12 counts
02:22:00   30.6s       -7 counts
02:22:00   30.7s       -8 counts
02:22:00   30.7s       -8 counts
02:22:01   30.8s       -5 counts
02:22:01   30.9s       -5 counts
02:22:01   30.9s       -6 counts
02:22:01   31.0s        0 counts
02:22:01   31.0s       -7 counts
02:22:01   31.1s       -2 counts
02:22:01   31.2s      -13 counts
02:22:01   31.2s       -1 counts
02:22:01   31.3s       -7 counts
02:22:01   31.4s       -9 counts
02:22:01   31.4s       -3 counts
02:22:01   31.5s       -9 counts
02:22:01   31.5s       -6 counts
02:22:01   31.6s       -6 counts
02:22:01   31.7s       -4 counts
02:22:01   31.7s       -7 counts
02:22:02   31.8s       -5 counts
02:22:02   31.8s       -8 counts
02:22:02   31.9s        3 counts
02:22:02   32.0s       -8 counts
02:22:02   32.0s       -5 counts
02:22:02   32.1s       -6 counts
02:22:02   32.1s       -3 counts
02:22:02   32.2s      -11 counts
02:22:02   32.3s      -13 counts
02:22:02   32.3s       -2 counts
02:22:02   32.4s       -8 counts
02:22:02   32.4s       -6 counts
02:22:02   32.5s        3 counts
02:22:02   32.6s       -7 counts
02:22:02   32.6s      -11 counts
02:22:02   32.7s      -10 counts
02:22:02   32.7s       -6 counts
02:22:03   32.8s       -4 counts
02:22:03   32.9s       -3 counts
02:22:03   32.9s       -4 counts
02:22:03   33.0s        3 counts
02:22:03   33.0s       -3 counts
02:22:03   33.1s       -1 counts
02:22:03   33.1s       -8 counts
02:22:03   33.2s       -5 counts
02:22:03   33.3s       -4 counts
02:22:03   33.3s       -8 counts
02:22:03   33.4s      -11 counts
02:22:03   33.4s       -2 counts
02:22:03   33.5s      -10 counts
02:22:03   33.5s       -3 counts
02:22:03   33.6s       -7 counts
02:22:03   33.6s       -0 counts
02:22:03   33.7s       -8 counts
02:22:03   33.7s       -8 counts
02:22:04   33.8s       -3 counts
02:22:04   33.9s       -7 counts
02:22:04   33.9s       -3 counts
02:22:04   34.0s       -2 counts
02:22:04   34.0s       -5 counts
02:22:04   34.1s       -3 counts
02:22:04   34.2s       -4 counts
02:22:04   34.2s       -4 counts
02:22:04   34.3s       -2 counts
02:22:04   34.3s      -12 counts
02:22:04   34.4s       -6 counts
02:22:04   34.5s      -15 counts
02:22:04   34.5s       -5 counts
02:22:04   34.6s       -8 counts
02:22:04   34.6s       -7 counts
02:22:04   34.7s       -8 counts
02:22:04   34.7s       -6 counts
02:22:05   34.8s       -6 counts
02:22:05   34.9s       -5 counts
02:22:05   34.9s       -0 counts
02:22:05   35.0s       -8 counts
02:22:05   35.0s       -7 counts
02:22:05   35.1s       -6 counts
02:22:05   35.2s       -1 counts
02:22:05   35.2s       -7 counts
02:22:05   35.3s       -5 counts
02:22:05   35.3s       -9 counts
02:22:05   35.4s       -9 counts
02:22:05   35.5s       -2 counts
02:22:05   35.5s       -3 counts
02:22:05   35.6s       -6 counts
02:22:05   35.6s       -1 counts
02:22:05   35.7s       -4 counts
02:22:05   35.7s       -8 counts
02:22:06   35.8s       -3 counts
02:22:06   35.9s       -2 counts
02:22:06   35.9s       -8 counts
02:22:06   36.0s       -9 counts
02:22:06   36.0s       -5 counts
02:22:06   36.1s       -4 counts
02:22:06   36.2s       -6 counts
02:22:06   36.2s       -3 counts
02:22:06   36.3s       -6 counts
02:22:06   36.3s       -3 counts
02:22:06   36.4s       -7 counts
02:22:06   36.5s       -9 counts
02:22:06   36.5s       -3 counts
02:22:06   36.6s       -6 counts
02:22:06   36.6s        1 counts
02:22:06   36.7s       -9 counts
02:22:06   36.8s       -4 counts
02:22:07   36.8s       -7 counts
02:22:07   36.9s       -4 counts
02:22:07   36.9s       -8 counts
02:22:07   37.0s       -3 counts
02:22:07   37.1s      -10 counts
02:22:07   37.1s       -5 counts
02:22:07   37.2s      -11 counts
02:22:07   37.2s       -2 counts
02:22:07   37.3s       -7 counts
02:22:07   37.3s       -5 counts
02:22:07   37.4s       -3 counts
02:22:07   37.5s       -7 counts
02:22:07   37.5s       -5 counts
02:22:07   37.6s       -9 counts
02:22:07   37.6s       -5 counts
02:22:07   37.7s       -6 counts
02:22:08   37.8s       -5 counts
02:22:08   37.8s       -2 counts
02:22:08   37.9s       -2 counts
02:22:08   37.9s        0 counts
02:22:08   38.0s       -8 counts
02:22:08   38.0s       -7 counts
02:22:08   38.1s      -10 counts
02:22:08   38.2s       -8 counts
02:22:08   38.2s       -9 counts
02:22:08   38.3s       -4 counts
02:22:08   38.3s       -7 counts
02:22:08   38.4s       -3 counts
02:22:08   38.5s       -6 counts
02:22:08   38.5s       -5 counts
02:22:08   38.6s       -6 counts
02:22:08   38.6s       -3 counts
02:22:08   38.7s       -7 counts
02:22:08   38.7s       -8 counts
02:22:09   38.8s       -6 counts
02:22:09   38.9s       -5 counts
02:22:09   38.9s       -5 counts
02:22:09   39.0s       -2 counts
02:22:09   39.1s       -1 counts
02:22:09   39.1s       -5 counts
02:22:09   39.2s       -8 counts
02:22:09   39.2s      -10 counts
02:22:09   39.3s       -9 counts
02:22:09   39.4s       -6 counts
02:22:09   39.4s      -10 counts
02:22:09   39.5s       -5 counts
02:22:09   39.5s       -6 counts
02:22:09   39.6s      -10 counts
02:22:09   39.7s       -7 counts
02:22:09   39.7s       -2 counts
02:22:10   39.8s       -6 counts
02:22:10   39.8s       -6 counts
02:22:10   39.9s       -7 counts
02:22:10   39.9s       -2 counts
02:22:10   40.0s       -2 counts
02:22:10   40.1s       -8 counts
02:22:10   40.1s       -4 counts
02:22:10   40.2s       -2 counts
02:22:10   40.3s        1 counts
02:22:10   40.3s       -8 counts
02:22:10   40.4s       -2 counts
02:22:10   40.4s       -6 counts
02:22:10   40.5s       -6 counts
02:22:10   40.6s       -5 counts
02:22:10   40.6s       -9 counts
02:22:10   40.7s       -3 counts
02:22:10   40.7s       -6 counts
02:22:11   40.8s       -5 counts
02:22:11   40.8s       -5 counts
02:22:11   40.9s       -5 counts
02:22:11   41.0s       -6 counts
02:22:11   41.0s       -3 counts
02:22:11   41.1s       -5 counts
02:22:11   41.2s       -9 counts
02:22:11   41.2s       -5 counts
02:22:11   41.3s       -8 counts
02:22:11   41.4s       -6 counts
02:22:11   41.4s       -7 counts
02:22:11   41.5s       -4 counts
02:22:11   41.5s       -4 counts
02:22:11   41.6s       -1 counts
02:22:11   41.7s       -6 counts
02:22:11   41.7s       -2 counts
02:22:12   41.8s       -8 counts
02:22:12   41.8s       -5 counts
02:22:12   41.9s      -10 counts
02:22:12   42.0s       -5 counts
02:22:12   42.0s       -2 counts
02:22:12   42.1s       -7 counts
02:22:12   42.1s      -10 counts
02:22:12   42.2s       -4 counts
02:22:12   42.3s       -6 counts
02:22:12   42.3s      -10 counts
02:22:12   42.4s       -8 counts
02:22:12   42.4s      -10 counts
02:22:12   42.5s       -7 counts
02:22:12   42.6s       -9 counts
02:22:12   42.6s       -3 counts
02:22:12   42.7s       -7 counts
02:22:12   42.7s       -4 counts
02:22:13   42.8s       -2 counts
02:22:13   42.8s        1 counts
02:22:13   42.9s        3 counts
02:22:13   43.0s      -14 counts
02:22:13   43.0s       -7 counts
02:22:13   43.1s       -6 counts
02:22:13   43.1s      -10 counts
02:22:13   43.2s       -4 counts
02:22:13   43.3s       -2 counts
02:22:13   43.3s       -7 counts
02:22:13   43.4s       -2 counts
02:22:13   43.4s      -11 counts
02:22:13   43.5s        2 counts
02:22:13   43.6s       -6 counts
02:22:13   43.6s       -6 counts
02:22:13   43.7s        0 counts
02:22:13   43.7s       -5 counts
02:22:14   43.8s       -5 counts
02:22:14   43.9s       -2 counts
02:22:14   43.9s       -5 counts
02:22:14   44.0s       -1 counts
02:22:14   44.0s       -6 counts
02:22:14   44.1s       -3 counts
02:22:14   44.2s        1 counts
02:22:14   44.2s       -8 counts
02:22:14   44.3s       -6 counts
02:22:14   44.3s       -9 counts
02:22:14   44.4s      -12 counts
02:22:14   44.5s       -2 counts
02:22:14   44.5s       -4 counts
02:22:14   44.6s       -8 counts
02:22:14   44.6s       -5 counts
02:22:14   44.7s      -10 counts
02:22:14   44.7s      -11 counts
02:22:15   44.8s       -6 counts
02:22:15   44.9s       -7 counts
02:22:15   44.9s       -8 counts
02:22:15   45.0s       -7 counts
02:22:15   45.0s       -4 counts
02:22:15   45.1s       -1 counts
02:22:15   45.2s       -8 counts
02:22:15   45.2s       -9 counts
02:22:15   45.3s       -2 counts
02:22:15   45.3s        3 counts
02:22:15   45.4s       -6 counts
02:22:15   45.5s       -2 counts
02:22:15   45.5s        0 counts
02:22:15   45.6s       -3 counts
02:22:15   45.6s       -3 counts
02:22:15   45.7s       -1 counts
02:22:15   45.7s       -1 counts
02:22:16   45.8s       -4 counts
02:22:16   45.8s       -6 counts
02:22:16   45.9s       -5 counts
02:22:16   45.9s        1 counts
02:22:16   46.0s       -6 counts
02:22:16   46.1s       -4 counts
02:22:16   46.1s       -2 counts
02:22:16   46.2s       -5 counts
02:22:16   46.2s       -4 counts
02:22:16   46.3s       -4 counts
02:22:16   46.4s       -4 counts
02:22:16   46.4s       -6 counts
02:22:16   46.5s        1 counts
02:22:16   46.5s      -13 counts
02:22:16   46.6s       -3 counts
02:22:16   46.7s       -1 counts
02:22:16   46.7s      -11 counts
02:22:17   46.8s       -4 counts
02:22:17   46.8s        5 counts
02:22:17   46.9s       -0 counts
02:22:17   47.0s       -4 counts
02:22:17   47.0s       -4 counts
02:22:17   47.1s       -9 counts
02:22:17   47.2s        1 counts
02:22:17   47.2s      -12 counts
02:22:17   47.3s      -12 counts
02:22:17   47.3s       -2 counts
02:22:17   47.4s       -8 counts
02:22:17   47.5s       -7 counts
02:22:17   47.5s       -6 counts
02:22:17   47.6s       -4 counts
02:22:17   47.6s        4 counts
02:22:17   47.7s      -12 counts
02:22:17   47.8s      -10 counts
02:22:18   47.8s       -8 counts
02:22:18   47.9s      -12 counts
02:22:18   47.9s      -12 counts
02:22:18   48.0s       -7 counts
02:22:18   48.0s       -2 counts
02:22:18   48.1s       -8 counts
02:22:18   48.1s       -8 counts
02:22:18   48.2s       -7 counts
02:22:18   48.3s       -6 counts
02:22:18   48.3s       -3 counts
02:22:18   48.4s       -4 counts
02:22:18   48.4s       -4 counts
02:22:18   48.5s       -9 counts
02:22:18   48.6s       -1 counts
02:22:18   48.6s       -8 counts
02:22:18   48.7s       -5 counts
02:22:18   48.7s       -4 counts
02:22:19   48.8s       -7 counts
02:22:19   48.9s       -2 counts
02:22:19   48.9s       -1 counts
02:22:19   49.0s        2 counts
02:22:19   49.0s       -3 counts
02:22:19   49.1s       -4 counts
02:22:19   49.2s       -8 counts
02:22:19   49.2s      -11 counts
02:22:19   49.3s       -6 counts
02:22:19   49.3s      -10 counts
02:22:19   49.4s       -7 counts
02:22:19   49.5s       -7 counts
02:22:19   49.5s       -1 counts
02:22:19   49.6s       -6 counts
02:22:19   49.6s        0 counts
02:22:19   49.7s       -4 counts
02:22:19   49.8s       -2 counts
02:22:20   49.8s      -12 counts
02:22:20   49.9s       -9 counts
02:22:20   49.9s       -3 counts
02:22:20   50.0s       -1 counts
02:22:20   50.0s       -4 counts
02:22:20   50.1s       -4 counts
02:22:20   50.2s       -7 counts
02:22:20   50.2s        2 counts
02:22:20   50.3s       -8 counts
02:22:20   50.3s        3 counts
02:22:20   50.4s       -8 counts
02:22:20   50.5s       -7 counts
02:22:20   50.5s       -2 counts
02:22:20   50.6s       -6 counts
02:22:20   50.6s       -2 counts
02:22:20   50.7s       -5 counts
02:22:21   50.8s       -7 counts
02:22:21   50.8s       -6 counts
02:22:21   50.9s       -5 counts
02:22:21   50.9s        5 counts
02:22:21   51.0s        0 counts
02:22:21   51.0s       -6 counts
02:22:21   51.1s       -5 counts
02:22:21   51.1s        1 counts
02:22:21   51.1s       -3 counts
02:22:21   51.2s       -4 counts
02:22:21   51.2s       -4 counts
02:22:21   51.3s       -1 counts
02:22:21   51.3s        3 counts
02:22:21   51.4s       -7 counts
02:22:21   51.4s        5 counts
02:22:21   51.5s       -4 counts
02:22:21   51.5s       -4 counts
02:22:21   51.6s       -1 counts
02:22:21   51.6s       -4 counts
02:22:21   51.7s       -3 counts
02:22:21   51.7s       -6 counts
02:22:22   51.8s       -4 counts
02:22:22   51.9s       -2 counts
02:22:22   51.9s       -3 counts
02:22:22   52.0s       -8 counts
02:22:22   52.0s       -2 counts
02:22:22   52.1s       -3 counts
02:22:22   52.2s       -6 counts
02:22:22   52.2s       -4 counts
02:22:22   52.3s       -8 counts
02:22:22   52.3s       -6 counts
02:22:22   52.4s       -5 counts
02:22:22   52.4s       -2 counts
02:22:22   52.5s       -3 counts
02:22:22   52.6s      -11 counts
02:22:22   52.6s       -1 counts
02:22:22   52.7s       -5 counts
02:22:22   52.7s      -11 counts
02:22:23   52.8s       -5 counts
02:22:23   52.9s        0 counts
02:22:23   52.9s       -6 counts
02:22:23   53.0s       -2 counts
02:22:23   53.0s       -2 counts
02:22:23   53.1s       -1 counts
02:22:23   53.1s       -4 counts
02:22:23   53.2s       -5 counts
02:22:23   53.2s       -7 counts
02:22:23   53.3s       -5 counts
02:22:23   53.3s       -5 counts
02:22:23   53.4s       -5 counts
02:22:23   53.5s       -1 counts
02:22:23   53.5s       -0 counts
02:22:23   53.6s       -9 counts
02:22:23   53.6s       -0 counts
02:22:23   53.7s        1 counts
02:22:23   53.8s       -5 counts
02:22:24   53.8s        1 counts
02:22:24   53.9s       -7 counts
02:22:24   53.9s       -3 counts
02:22:24   54.0s       -7 counts
02:22:24   54.0s       -4 counts
02:22:24   54.1s       -3 counts
02:22:24   54.2s       -2 counts
02:22:24   54.2s      -11 counts
02:22:24   54.3s       -2 counts
02:22:24   54.3s       -5 counts
02:22:24   54.4s       -2 counts
02:22:24   54.4s       -5 counts
02:22:24   54.5s       -1 counts
02:22:24   54.6s       -4 counts
02:22:24   54.6s       -7 counts
02:22:24   54.7s       -1 counts
02:22:24   54.8s        1 counts
02:22:25   54.8s       -5 counts
02:22:25   54.9s       -4 counts
02:22:25   54.9s       -4 counts
02:22:25   55.0s       -8 counts
02:22:25   55.0s        1 counts
02:22:25   55.1s       -4 counts
02:22:25   55.2s        1 counts
02:22:25   55.2s      -10 counts
02:22:25   55.3s       -1 counts
02:22:25   55.3s       -8 counts
02:22:25   55.4s       -2 counts
02:22:25   55.5s       -6 counts
02:22:25   55.5s       -5 counts
02:22:25   55.6s       -6 counts
02:22:25   55.6s       -5 counts
02:22:25   55.7s       -5 counts
02:22:25   55.8s      -11 counts
02:22:26   55.8s       -3 counts
02:22:26   55.9s       -3 counts
02:22:26   55.9s       -9 counts
02:22:26   56.0s       -9 counts
02:22:26   56.1s       -4 counts
02:22:26   56.1s       -3 counts
02:22:26   56.2s       -0 counts
02:22:26   56.2s       -6 counts
02:22:26   56.3s       -2 counts
02:22:26   56.3s        0 counts
02:22:26   56.4s       -8 counts
02:22:26   56.5s       -4 counts
02:22:26   56.5s       -5 counts
02:22:26   56.6s       -4 counts
02:22:26   56.6s       -4 counts
02:22:26   56.7s       -5 counts
02:22:26   56.8s       -2 counts
02:22:27   56.8s       -7 counts
02:22:27   56.9s        2 counts
02:22:27   56.9s       -9 counts
02:22:27   57.0s       -4 counts
02:22:27   57.0s       -6 counts
02:22:27   57.1s       -6 counts
02:22:27   57.2s       -5 counts
02:22:27   57.2s       -1 counts
02:22:27   57.3s        1 counts
02:22:27   57.3s        3 counts
02:22:27   57.4s      -13 counts
02:22:27   57.5s        0 counts
02:22:27   57.5s       -7 counts
02:22:27   57.6s       -7 counts
02:22:27   57.6s       -4 counts
02:22:27   57.7s       -1 counts
02:22:27   57.7s       -8 counts
02:22:28   57.8s       -4 counts
02:22:28   57.9s       -6 counts
02:22:28   57.9s       -7 counts
02:22:28   58.0s       -0 counts
02:22:28   58.0s       -5 counts
02:22:28   58.1s       -6 counts
02:22:28   58.1s       -4 counts
02:22:28   58.2s       -4 counts
02:22:28   58.3s       -9 counts
02:22:28   58.3s        1 counts
02:22:28   58.4s       -7 counts
02:22:28   58.4s       -8 counts
02:22:28   58.5s       -4 counts
02:22:28   58.5s       -8 counts
02:22:28   58.6s       -4 counts
02:22:28   58.6s       -5 counts
02:22:28   58.7s       -6 counts
02:22:28   58.7s       -2 counts
02:22:29   58.8s       -8 counts
02:22:29   58.9s       -6 counts
02:22:29   58.9s       -2 counts
02:22:29   59.0s        3 counts
02:22:29   59.0s        3 counts
02:22:29   59.1s       -8 counts
02:22:29   59.1s       -3 counts
02:22:29   59.2s       -5 counts
02:22:29   59.2s       -6 counts
02:22:29   59.3s       -2 counts
02:22:29   59.4s       -1 counts
02:22:29   59.4s      -11 counts
02:22:29   59.5s       -4 counts
02:22:29   59.5s       -7 counts
02:22:29   59.6s       -0 counts
02:22:29   59.6s       -4 counts
02:22:29   59.7s       -0 counts
02:22:29   59.7s       -5 counts
02:22:30   59.8s       -4 counts
02:22:30   59.8s       -5 counts
02:22:30   59.9s       -2 counts
02:22:30   60.0s       -5 counts
02:22:30   60.0s       -8 counts
02:22:30   60.1s       -1 counts
02:22:30   60.1s       -9 counts
02:22:30   60.2s       -3 counts
02:22:30   60.2s       -4 counts
02:22:30   60.3s       -6 counts
02:22:30   60.3s       -5 counts
02:22:30   60.4s       -3 counts
02:22:30   60.5s       -8 counts
02:22:30   60.5s       -2 counts
02:22:30   60.6s       -3 counts
02:22:30   60.6s       -6 counts
02:22:30   60.7s       -4 counts
02:22:30   60.7s       -4 counts
02:22:31   60.8s       -5 counts
02:22:31   60.8s       -8 counts
02:22:31   60.9s        0 counts
02:22:31   60.9s       -8 counts
02:22:31   61.0s       -2 counts
02:22:31   61.1s       -5 counts
02:22:31   61.1s      -10 counts
02:22:31   61.2s       -6 counts
02:22:31   61.2s       -2 counts
02:22:31   61.3s       -1 counts
02:22:31   61.4s       -2 counts
02:22:31   61.4s       -6 counts
02:22:31   61.5s      -10 counts
02:22:31   61.5s       -5 counts
02:22:31   61.6s       -8 counts
02:22:31   61.6s       -8 counts
02:22:31   61.7s       -4 counts
02:22:31   61.7s       -6 counts
02:22:32   61.8s       -2 counts
02:22:32   61.9s        1 counts
02:22:32   61.9s       -6 counts
02:22:32   62.0s       -8 counts
02:22:32   62.0s       -4 counts
02:22:32   62.1s       -9 counts
02:22:32   62.2s       -1 counts
02:22:32   62.2s        0 counts
02:22:32   62.3s      -12 counts
02:22:32   62.3s       -4 counts
02:22:32   62.4s       -4 counts
02:22:32   62.4s       -8 counts
02:22:32   62.5s       -4 counts
02:22:32   62.6s        2 counts
02:22:32   62.6s       -5 counts
02:22:32   62.7s      -10 counts
02:22:32   62.7s       -5 counts
02:22:33   62.8s       -7 counts
02:22:33   62.8s        0 counts
02:22:33   62.9s       -6 counts
02:22:33   63.0s        1 counts
02:22:33   63.0s      -13 counts
02:22:33   63.1s       -5 counts
02:22:33   63.1s       -3 counts
02:22:33   63.2s       -5 counts
02:22:33   63.2s       -2 counts
02:22:33   63.3s      -10 counts
02:22:33   63.4s       -7 counts
02:22:33   63.4s      -13 counts
02:22:33   63.5s       -7 counts
02:22:33   63.5s       -8 counts
02:22:33   63.6s       -3 counts
02:22:33   63.7s      -17 counts
02:22:33   63.7s        2 counts
02:22:34   63.8s       -5 counts
02:22:34   63.8s       -2 counts
02:22:34   63.9s       -3 counts
02:22:34   63.9s       -9 counts
02:22:34   64.0s      -10 counts
02:22:34   64.0s       -1 counts
02:22:34   64.1s       -7 counts
02:22:34   64.2s       -3 counts
02:22:34   64.2s       -1 counts
02:22:34   64.3s       -9 counts
02:22:34   64.3s       -7 counts
02:22:34   64.4s       -4 counts
02:22:34   64.4s       -5 counts
02:22:34   64.5s       -1 counts
02:22:34   64.6s       -6 counts
02:22:34   64.6s       -9 counts
02:22:34   64.7s      -10 counts
02:22:34   64.7s       -3 counts
02:22:35   64.8s       -4 counts
02:22:35   64.9s       -7 counts
02:22:35   64.9s       -5 counts
02:22:35   65.0s       -7 counts
02:22:35   65.0s       -9 counts
02:22:35   65.1s       -6 counts
02:22:35   65.2s       -5 counts
02:22:35   65.2s       -2 counts
02:22:35   65.3s       -5 counts
02:22:35   65.3s        1 counts
02:22:35   65.4s       -4 counts
02:22:35   65.5s       -8 counts
02:22:35   65.5s       -3 counts
02:22:35   65.6s        0 counts
02:22:35   65.6s       -4 counts
02:22:35   65.7s       -3 counts
02:22:35   65.7s       -5 counts
02:22:36   65.8s        1 counts
02:22:36   65.8s       -6 counts
02:22:36   65.9s       -3 counts
02:22:36   66.0s       -5 counts
02:22:36   66.0s       -7 counts
02:22:36   66.1s       -7 counts
02:22:36   66.2s       -1 counts
02:22:36   66.2s       -5 counts
02:22:36   66.3s       -4 counts
02:22:36   66.3s       -6 counts
02:22:36   66.4s       -3 counts
02:22:36   66.4s       -1 counts
02:22:36   66.5s      104 counts
02:22:36   66.6s       16 counts
02:22:36   66.6s       19 counts
02:22:36   66.7s       65 counts
02:22:36   66.7s       22 counts
02:22:37   66.8s        1 counts
02:22:37   66.8s       91 counts
02:22:37   66.9s      262 counts
02:22:37   67.0s      566 counts
02:22:37   67.0s     1314 counts  <<< CONTACT: STOP TURNING. Bias set to 0 V. >>>
02:23:00   89.9s  check: -1 counts -> CLEAR
RESULT: clear
