03:20:44    0.1s       -8 counts
03:20:44    0.1s       -2 counts
03:20:44    0.2s       -5 counts
03:20:44    0.2s       -0 counts
03:20:44    0.3s       -4 counts
03:20:44    0.3s       -5 counts
03:20:45    0.4s        1 counts
03:20:45    0.5s       -5 counts
03:20:45    0.5s       -0 counts
03:20:45    0.6s       -2 counts
03:20:45    0.6s       -2 counts
03:20:45    0.7s       -6 counts
03:20:45    0.7s       -4 counts
03:20:45    0.8s       -3 counts
03:20:45    0.8s       -2 counts
03:20:45    0.9s       -5 counts
03:20:45    1.0s       -7 counts
03:20:45    1.0s       -4 counts
03:20:45    1.1s       -6 counts
03:20:45    1.2s       -6 counts
03:20:45    1.2s       -3 counts
03:20:45    1.3s        3 counts
03:20:45    1.3s       -3 counts
03:20:45    1.4s       -4 counts
03:20:46    1.4s       -2 counts
03:20:46    1.5s       -6 counts
03:20:46    1.6s       -4 counts
03:20:46    1.6s       -6 counts
03:20:46    1.7s       -6 counts
03:20:46    1.7s       -7 counts
03:20:46    1.8s       -1 counts
03:20:46    1.9s       -4 counts
03:20:46    1.9s       -7 counts
03:20:46    2.0s       -3 counts
03:20:46    2.0s       -3 counts
03:20:46    2.1s       -2 counts
03:20:46    2.2s       -4 counts
03:20:46    2.2s       -8 counts
03:20:46    2.3s       -2 counts
03:20:46    2.3s       -4 counts
03:20:46    2.4s       -4 counts
03:20:47    2.4s       -1 counts
03:20:47    2.5s       -6 counts
03:20:47    2.6s       -9 counts
03:20:47    2.6s       -7 counts
03:20:47    2.7s       -1 counts
03:20:47    2.8s       -8 counts
03:20:47    2.8s       -4 counts
03:20:47    2.9s       -1 counts
03:20:47    2.9s       -7 counts
03:20:47    3.0s       -7 counts
03:20:47    3.1s       -4 counts
03:20:47    3.1s       -5 counts
03:20:47    3.2s       -7 counts
03:20:47    3.2s       -3 counts
03:20:47    3.3s        2 counts
03:20:47    3.4s       -5 counts
03:20:48    3.4s       -3 counts
03:20:48    3.5s       -1 counts
03:20:48    3.5s       -0 counts
03:20:48    3.6s       -6 counts
03:20:48    3.6s       -2 counts
03:20:48    3.7s       -3 counts
03:20:48    3.7s       -3 counts
03:20:48    3.8s       -3 counts
03:20:48    3.8s       -3 counts
03:20:48    3.9s       -4 counts
03:20:48    3.9s        2 counts
03:20:48    4.0s       -8 counts
03:20:48    4.1s        2 counts
03:20:48    4.1s       -3 counts
03:20:48    4.2s       -4 counts
03:20:48    4.2s       -0 counts
03:20:48    4.3s       -1 counts
03:20:48    4.3s       -7 counts
03:20:49    4.4s       -8 counts
03:20:49    4.5s       -0 counts
03:20:49    4.5s       -5 counts
03:20:49    4.6s      -12 counts
03:20:49    4.7s       -1 counts
03:20:49    4.7s       -7 counts
03:20:49    4.8s       -3 counts
03:20:49    4.8s      -11 counts
03:20:49    4.9s       -7 counts
03:20:49    5.0s       -6 counts
03:20:49    5.0s       -5 counts
03:20:49    5.1s       -2 counts
03:20:49    5.1s       -1 counts
03:20:49    5.2s       -4 counts
03:20:49    5.2s        1 counts
03:20:49    5.3s       -5 counts
03:20:49    5.4s       -8 counts
03:20:50    5.4s      -11 counts
03:20:50    5.5s       -2 counts
03:20:50    5.6s       -4 counts
03:20:50    5.6s       -1 counts
03:20:50    5.7s       -5 counts
03:20:50    5.7s       -3 counts
03:20:50    5.8s       -6 counts
03:20:50    5.8s       -3 counts
03:20:50    5.9s       -3 counts
03:20:50    5.9s       -2 counts
03:20:50    6.0s       -5 counts
03:20:50    6.0s        2 counts
03:20:50    6.1s       -2 counts
03:20:50    6.2s       -6 counts
03:20:50    6.2s        0 counts
03:20:50    6.3s       -5 counts
03:20:50    6.3s        1 counts
03:20:50    6.4s        2 counts
03:20:51    6.4s       -4 counts
03:20:51    6.5s       -3 counts
03:20:51    6.5s       -1 counts
03:20:51    6.6s       -6 counts
03:20:51    6.7s       -5 counts
03:20:51    6.7s      -10 counts
03:20:51    6.8s       -9 counts
03:20:51    6.8s       -5 counts
03:20:51    6.9s       -2 counts
03:20:51    6.9s       -3 counts
03:20:51    7.0s       -2 counts
03:20:51    7.0s       -2 counts
03:20:51    7.1s      -10 counts
03:20:51    7.1s       -6 counts
03:20:51    7.2s       -2 counts
03:20:51    7.2s       -4 counts
03:20:51    7.3s       -1 counts
03:20:51    7.4s       -6 counts
03:20:52    7.4s       -1 counts
03:20:52    7.5s       -8 counts
03:20:52    7.5s       -4 counts
03:20:52    7.6s       -2 counts
03:20:52    7.7s      -11 counts
03:20:52    7.7s       -4 counts
03:20:52    7.8s       -8 counts
03:20:52    7.8s       -6 counts
03:20:52    7.9s       -2 counts
03:20:52    7.9s       -5 counts
03:20:52    8.0s       -6 counts
03:20:52    8.0s      -10 counts
03:20:52    8.1s       -1 counts
03:20:52    8.2s        1 counts
03:20:52    8.3s       -5 counts
03:20:52    8.3s       -2 counts
03:20:52    8.4s       -1 counts
03:20:53    8.4s       -4 counts
03:20:53    8.5s        1 counts
03:20:53    8.5s       -7 counts
03:20:53    8.6s       -5 counts
03:20:53    8.7s       -7 counts
03:20:53    8.7s       -7 counts
03:20:53    8.8s       -3 counts
03:20:53    8.8s       -3 counts
03:20:53    8.9s       -2 counts
03:20:53    9.0s       -4 counts
03:20:53    9.0s       -5 counts
03:20:53    9.1s       -4 counts
03:20:53    9.1s       -5 counts
03:20:53    9.2s       -2 counts
03:20:53    9.2s       -6 counts
03:20:53    9.3s       -3 counts
03:20:53    9.3s       -0 counts
03:20:54    9.4s       -6 counts
03:20:54    9.5s       -2 counts
03:20:54    9.5s       -4 counts
03:20:54    9.6s       -5 counts
03:20:54    9.6s       -1 counts
03:20:54    9.7s       -2 counts
03:20:54    9.7s       -1 counts
03:20:54    9.8s       -7 counts
03:20:54    9.8s       -0 counts
03:20:54    9.9s       -3 counts
03:20:54   10.0s       -2 counts
03:20:54   10.0s       -5 counts
03:20:54   10.1s       -3 counts
03:20:54   10.1s       -8 counts
03:20:54   10.2s       -2 counts
03:20:54   10.2s       -2 counts
03:20:54   10.3s       -5 counts
03:20:54   10.4s       -4 counts
03:20:55   10.4s       -1 counts
03:20:55   10.5s       -4 counts
03:20:55   10.5s       -4 counts
03:20:55   10.6s        1 counts
03:20:55   10.7s       -0 counts
03:20:55   10.7s       -4 counts
03:20:55   10.8s       -7 counts
03:20:55   10.8s       -5 counts
03:20:55   10.9s       -0 counts
03:20:55   11.0s       -3 counts
03:20:55   11.0s       -1 counts
03:20:55   11.1s       -6 counts
03:20:55   11.1s       -1 counts
03:20:55   11.2s       -4 counts
03:20:55   11.3s       -2 counts
03:20:55   11.3s       -4 counts
03:20:55   11.4s       -2 counts
03:20:56   11.4s       -7 counts
03:20:56   11.5s      -10 counts
03:20:56   11.6s       -3 counts
03:20:56   11.6s       -5 counts
03:20:56   11.7s       -6 counts
03:20:56   11.7s       -4 counts
03:20:56   11.8s       -3 counts
03:20:56   11.9s       -8 counts
03:20:56   11.9s       -6 counts
03:20:56   12.0s       -2 counts
03:20:56   12.0s       -3 counts
03:20:56   12.1s       -2 counts
03:20:56   12.2s       -6 counts
03:20:56   12.2s       -9 counts
03:20:56   12.3s       -6 counts
03:20:56   12.3s       -4 counts
03:20:56   12.4s       -2 counts
03:20:57   12.4s       -5 counts
03:20:57   12.5s       -5 counts
03:20:57   12.5s       -3 counts
03:20:57   12.6s       -7 counts
03:20:57   12.7s       -5 counts
03:20:57   12.7s       -6 counts
03:20:57   12.8s       -6 counts
03:20:57   12.8s       -8 counts
03:20:57   12.9s       -0 counts
03:20:57   12.9s      -11 counts
03:20:57   13.0s       -5 counts
03:20:57   13.1s        0 counts
03:20:57   13.1s       -7 counts
03:20:57   13.2s      -10 counts
03:20:57   13.2s       -6 counts
03:20:57   13.3s       -3 counts
03:20:57   13.4s       -7 counts
03:20:58   13.4s       -1 counts
03:20:58   13.5s       -4 counts
03:20:58   13.5s       -1 counts
03:20:58   13.6s       -5 counts
03:20:58   13.7s       -2 counts
03:20:58   13.7s       -1 counts
03:20:58   13.8s       -7 counts
03:20:58   13.8s       -9 counts
03:20:58   13.9s        2 counts
03:20:58   14.0s       -7 counts
03:20:58   14.0s       -6 counts
03:20:58   14.1s       -6 counts
03:20:58   14.1s       -1 counts
03:20:58   14.2s       -4 counts
03:20:58   14.3s       -1 counts
03:20:58   14.3s       -1 counts
03:20:58   14.4s       -7 counts
03:20:59   14.4s       -4 counts
03:20:59   14.5s       -9 counts
03:20:59   14.6s       -3 counts
03:20:59   14.6s       -9 counts
03:20:59   14.7s       -5 counts
03:20:59   14.7s       -5 counts
03:20:59   14.8s       -2 counts
03:20:59   14.9s       -6 counts
03:20:59   14.9s       -8 counts
03:20:59   15.0s       -4 counts
03:20:59   15.0s       -1 counts
03:20:59   15.1s       -5 counts
03:20:59   15.1s       -1 counts
03:20:59   15.2s       -2 counts
03:20:59   15.3s       -5 counts
03:20:59   15.3s       -6 counts
03:20:59   15.4s       -5 counts
03:21:00   15.4s       -3 counts
03:21:00   15.5s       -2 counts
03:21:00   15.5s       -3 counts
03:21:00   15.6s       -4 counts
03:21:00   15.6s       -5 counts
03:21:00   15.7s       -5 counts
03:21:00   15.8s       -2 counts
03:21:00   15.8s       -2 counts
03:21:00   15.9s       -3 counts
03:21:00   15.9s       -4 counts
03:21:00   16.0s        0 counts
03:21:00   16.0s       -8 counts
03:21:00   16.1s       -1 counts
03:21:00   16.2s        0 counts
03:21:00   16.2s       -3 counts
03:21:00   16.3s       -2 counts
03:21:00   16.3s       -6 counts
03:21:01   16.4s       -3 counts
03:21:01   16.5s       -4 counts
03:21:01   16.5s       -9 counts
03:21:01   16.6s       -2 counts
03:21:01   16.6s       -6 counts
03:21:01   16.7s       -2 counts
03:21:01   16.8s        1 counts
03:21:01   16.8s       -4 counts
03:21:01   16.9s       -1 counts
03:21:01   16.9s       -5 counts
03:21:01   17.0s       -3 counts
03:21:01   17.0s        4 counts
03:21:01   17.1s       -1 counts
03:21:01   17.2s       -5 counts
03:21:01   17.2s       -3 counts
03:21:01   17.3s       -6 counts
03:21:01   17.4s       -9 counts
03:21:02   17.4s       -2 counts
03:21:02   17.5s       -5 counts
03:21:02   17.5s       -3 counts
03:21:02   17.6s       -7 counts
03:21:02   17.7s        1 counts
03:21:02   17.7s       -1 counts
03:21:02   17.8s       -6 counts
03:21:02   17.8s       -2 counts
03:21:02   17.9s       -3 counts
03:21:02   18.0s       -4 counts
03:21:02   18.0s       -3 counts
03:21:02   18.1s       -3 counts
03:21:02   18.1s       -8 counts
03:21:02   18.2s       -3 counts
03:21:02   18.2s       -4 counts
03:21:02   18.3s       -9 counts
03:21:02   18.4s       -5 counts
03:21:03   18.4s       -0 counts
03:21:03   18.5s       -2 counts
03:21:03   18.5s       -5 counts
03:21:03   18.6s       -2 counts
03:21:03   18.6s       -6 counts
03:21:03   18.7s       -3 counts
03:21:03   18.7s       -1 counts
03:21:03   18.8s       -3 counts
03:21:03   18.9s       -7 counts
03:21:03   18.9s       -7 counts
03:21:03   19.0s       -5 counts
03:21:03   19.0s       -6 counts
03:21:03   19.1s       -3 counts
03:21:03   19.1s       -2 counts
03:21:03   19.2s       -4 counts
03:21:03   19.3s       -6 counts
03:21:03   19.3s       -5 counts
03:21:03   19.4s       -7 counts
03:21:04   19.4s       -4 counts
03:21:04   19.5s       -6 counts
03:21:04   19.6s       -7 counts
03:21:04   19.6s       -4 counts
03:21:04   19.7s      -10 counts
03:21:04   19.7s       -9 counts
03:21:04   19.8s       -9 counts
03:21:04   19.8s       -3 counts
03:21:04   19.9s       -9 counts
03:21:04   20.0s       -4 counts
03:21:04   20.0s       -5 counts
03:21:04   20.1s       -2 counts
03:21:04   20.1s       -6 counts
03:21:04   20.2s       -7 counts
03:21:04   20.3s       -6 counts
03:21:04   20.3s       -1 counts
03:21:04   20.4s       -3 counts
03:21:05   20.4s       -1 counts
03:21:05   20.5s       -5 counts
03:21:05   20.6s       -7 counts
03:21:05   20.6s       -3 counts
03:21:05   20.7s       -0 counts
03:21:05   20.8s       -6 counts
03:21:05   20.8s       -5 counts
03:21:05   20.9s       -5 counts
03:21:05   20.9s       -7 counts
03:21:05   21.0s       -5 counts
03:21:05   21.0s       -5 counts
03:21:05   21.1s       -8 counts
03:21:05   21.1s       -2 counts
03:21:05   21.2s       -8 counts
03:21:05   21.3s       -3 counts
03:21:05   21.3s       -2 counts
03:21:05   21.4s       -3 counts
03:21:06   21.4s       -1 counts
03:21:06   21.5s       -4 counts
03:21:06   21.5s       -2 counts
03:21:06   21.6s       -4 counts
03:21:06   21.7s      -11 counts
03:21:06   21.7s       -6 counts
03:21:06   21.8s       -4 counts
03:21:06   21.8s       -1 counts
03:21:06   21.9s       -7 counts
03:21:06   21.9s       -5 counts
03:21:06   22.0s       -5 counts
03:21:06   22.1s      -11 counts
03:21:06   22.1s       -3 counts
03:21:06   22.2s       -4 counts
03:21:06   22.2s       -5 counts
03:21:06   22.3s       -4 counts
03:21:06   22.4s       -7 counts
03:21:07   22.4s        3 counts
03:21:07   22.5s       -5 counts
03:21:07   22.5s       -6 counts
03:21:07   22.6s       -5 counts
03:21:07   22.7s       -4 counts
03:21:07   22.7s       -5 counts
03:21:07   22.8s       -3 counts
03:21:07   22.8s       -3 counts
03:21:07   22.9s       -7 counts
03:21:07   22.9s       -5 counts
03:21:07   23.0s       -6 counts
03:21:07   23.1s       -7 counts
03:21:07   23.1s       -3 counts
03:21:07   23.2s       -3 counts
03:21:07   23.2s       -6 counts
03:21:07   23.3s       -5 counts
03:21:07   23.3s       -5 counts
03:21:08   23.4s       -6 counts
03:21:08   23.5s       -6 counts
03:21:08   23.5s       -4 counts
03:21:08   23.6s       -9 counts
03:21:08   23.6s       -3 counts
03:21:08   23.7s       -5 counts
03:21:08   23.8s       -7 counts
03:21:08   23.8s        2 counts
03:21:08   23.9s       -3 counts
03:21:08   23.9s       -6 counts
03:21:08   24.0s       -8 counts
03:21:08   24.1s       -5 counts
03:21:08   24.1s       -7 counts
03:21:08   24.2s       -4 counts
03:21:08   24.2s       -5 counts
03:21:08   24.3s       -4 counts
03:21:08   24.3s       -4 counts
03:21:08   24.4s       -5 counts
03:21:09   24.4s       -0 counts
03:21:09   24.5s       -9 counts
03:21:09   24.6s       -3 counts
03:21:09   24.6s       -5 counts
03:21:09   24.7s       -2 counts
03:21:09   24.7s       -5 counts
03:21:09   24.8s       -4 counts
03:21:09   24.8s       -3 counts
03:21:09   24.9s       -6 counts
03:21:09   24.9s      -11 counts
03:21:09   25.0s       -9 counts
03:21:09   25.1s       -5 counts
03:21:09   25.1s       -5 counts
03:21:09   25.2s       -3 counts
03:21:09   25.2s       -5 counts
03:21:09   25.3s       -3 counts
03:21:09   25.4s       -4 counts
03:21:10   25.4s       -9 counts
03:21:10   25.5s       -5 counts
03:21:10   25.5s       -5 counts
03:21:10   25.6s       -7 counts
03:21:10   25.6s       -7 counts
03:21:10   25.7s       -8 counts
03:21:10   25.7s       -4 counts
03:21:10   25.8s       -7 counts
03:21:10   25.9s       -3 counts
03:21:10   25.9s      -10 counts
03:21:10   26.0s       -8 counts
03:21:10   26.0s       -3 counts
03:21:10   26.1s       -8 counts
03:21:10   26.2s        2 counts
03:21:10   26.2s       -7 counts
03:21:10   26.3s       -6 counts
03:21:10   26.3s       -5 counts
03:21:11   26.4s       -5 counts
03:21:11   26.5s       -2 counts
03:21:11   26.5s       -8 counts
03:21:11   26.6s        1 counts
03:21:11   26.6s       -2 counts
03:21:11   26.7s       -6 counts
03:21:11   26.8s       -4 counts
03:21:11   26.8s      -12 counts
03:21:11   26.9s       -2 counts
03:21:11   26.9s       -5 counts
03:21:11   27.0s       -7 counts
03:21:11   27.1s      -12 counts
03:21:11   27.1s       -1 counts
03:21:11   27.2s       -6 counts
03:21:11   27.2s       -6 counts
03:21:11   27.3s       -6 counts
03:21:11   27.3s       -2 counts
03:21:11   27.4s       -1 counts
03:21:12   27.4s       -7 counts
03:21:12   27.5s       -9 counts
03:21:12   27.6s       -2 counts
03:21:12   27.6s       -4 counts
03:21:12   27.7s       -6 counts
03:21:12   27.7s       -5 counts
03:21:12   27.8s       -5 counts
03:21:12   27.8s       -5 counts
03:21:12   27.9s       -2 counts
03:21:12   28.0s       -5 counts
03:21:12   28.0s       -5 counts
03:21:12   28.1s       -5 counts
03:21:12   28.1s       -1 counts
03:21:12   28.2s       -9 counts
03:21:12   28.3s       -5 counts
03:21:12   28.3s       -4 counts
03:21:12   28.4s       -7 counts
03:21:13   28.4s       -6 counts
03:21:13   28.5s       -2 counts
03:21:13   28.6s       -8 counts
03:21:13   28.6s       -5 counts
03:21:13   28.7s       -6 counts
03:21:13   28.7s       -3 counts
03:21:13   28.8s       -8 counts
03:21:13   28.9s       -6 counts
03:21:13   28.9s       -1 counts
03:21:13   29.0s       -4 counts
03:21:13   29.0s       -2 counts
03:21:13   29.1s       -5 counts
03:21:13   29.2s       -5 counts
03:21:13   29.2s      -11 counts
03:21:13   29.3s       -9 counts
03:21:13   29.3s       -0 counts
03:21:13   29.4s       -7 counts
03:21:14   29.5s       -1 counts
03:21:14   29.5s       -5 counts
03:21:14   29.6s       -7 counts
03:21:14   29.6s       -5 counts
03:21:14   29.7s      -10 counts
03:21:14   29.8s        3 counts
03:21:14   29.8s       -4 counts
03:21:14   29.9s       -7 counts
03:21:14   29.9s       -6 counts
03:21:14   30.0s       -5 counts
03:21:14   30.0s       -7 counts
03:21:14   30.1s       -9 counts
03:21:14   30.2s       -6 counts
03:21:14   30.2s       -4 counts
03:21:14   30.3s       -9 counts
03:21:14   30.3s       -9 counts
03:21:14   30.4s       -7 counts
03:21:15   30.4s       -2 counts
03:21:15   30.5s       -8 counts
03:21:15   30.6s       -2 counts
03:21:15   30.6s       -2 counts
03:21:15   30.7s       -5 counts
03:21:15   30.7s       -5 counts
03:21:15   30.8s       -4 counts
03:21:15   30.8s       -3 counts
03:21:15   30.9s       -8 counts
03:21:15   30.9s        1 counts
03:21:15   31.0s       -7 counts
03:21:15   31.1s       -6 counts
03:21:15   31.1s       -7 counts
03:21:15   31.2s      -10 counts
03:21:15   31.2s       -5 counts
03:21:15   31.3s       -5 counts
03:21:15   31.4s       -7 counts
03:21:16   31.4s       -1 counts
03:21:16   31.5s      -11 counts
03:21:16   31.5s       -4 counts
03:21:16   31.6s       -5 counts
03:21:16   31.7s       -4 counts
03:21:16   31.7s       -0 counts
03:21:16   31.8s       -7 counts
03:21:16   31.8s       -1 counts
03:21:16   31.9s       -7 counts
03:21:16   32.0s       -4 counts
03:21:16   32.0s      -12 counts
03:21:16   32.1s      -14 counts
03:21:16   32.1s       -7 counts
03:21:16   32.2s       -8 counts
03:21:16   32.2s       -5 counts
03:21:16   32.3s      -10 counts
03:21:16   32.4s       -2 counts
03:21:17   32.4s       -8 counts
03:21:17   32.5s       -9 counts
03:21:17   32.6s       -6 counts
03:21:17   32.6s       -5 counts
03:21:17   32.7s        0 counts
03:21:17   32.7s       -1 counts
03:21:17   32.8s       -4 counts
03:21:17   32.9s       -9 counts
03:21:17   32.9s       -8 counts
03:21:17   33.0s       -6 counts
03:21:17   33.0s       -6 counts
03:21:17   33.1s       -5 counts
03:21:17   33.1s       -7 counts
03:21:17   33.2s       -7 counts
03:21:17   33.3s      -10 counts
03:21:17   33.3s       -6 counts
03:21:17   33.4s       -5 counts
03:21:18   33.4s       -2 counts
03:21:18   33.5s       -3 counts
03:21:18   33.5s        3 counts
03:21:18   33.6s       -4 counts
03:21:18   33.7s       -3 counts
03:21:18   33.7s       -7 counts
03:21:18   33.8s       -7 counts
03:21:18   33.8s       -8 counts
03:21:18   33.9s       -3 counts
03:21:18   33.9s       -5 counts
03:21:18   34.0s       -3 counts
03:21:18   34.1s      -10 counts
03:21:18   34.1s       -9 counts
03:21:18   34.2s       -8 counts
03:21:18   34.2s       -4 counts
03:21:18   34.3s      -12 counts
03:21:18   34.4s      -11 counts
03:21:19   34.4s       -1 counts
03:21:19   34.5s      -14 counts
03:21:19   34.5s       -8 counts
03:21:19   34.6s       -5 counts
03:21:19   34.7s      -14 counts
03:21:19   34.7s       -6 counts
03:21:19   34.8s       -0 counts
03:21:19   34.8s       -4 counts
03:21:19   34.9s       -2 counts
03:21:19   35.0s       -9 counts
03:21:19   35.0s      -10 counts
03:21:19   35.1s       -7 counts
03:21:19   35.1s       -1 counts
03:21:19   35.2s       -3 counts
03:21:19   35.3s      -10 counts
03:21:19   35.3s       -7 counts
03:21:19   35.4s       -7 counts
03:21:20   35.4s       -2 counts
03:21:20   35.5s       -7 counts
03:21:20   35.6s        0 counts
03:21:20   35.6s       -8 counts
03:21:20   35.7s       -4 counts
03:21:20   35.7s      -13 counts
03:21:20   35.8s       -1 counts
03:21:20   35.9s       -7 counts
03:21:20   35.9s       -3 counts
03:21:20   36.0s       -8 counts
03:21:20   36.0s        1 counts
03:21:20   36.1s       -5 counts
03:21:20   36.1s       -2 counts
03:21:20   36.2s      -10 counts
03:21:20   36.3s       -5 counts
03:21:20   36.3s        3 counts
03:21:20   36.4s       -3 counts
03:21:21   36.4s       -6 counts
03:21:21   36.5s       -4 counts
03:21:21   36.5s       -9 counts
03:21:21   36.6s       -9 counts
03:21:21   36.7s       -5 counts
03:21:21   36.7s      -12 counts
03:21:21   36.8s        2 counts
03:21:21   36.8s      -13 counts
03:21:21   36.9s       -3 counts
03:21:21   36.9s       -9 counts
03:21:21   37.0s       -4 counts
03:21:21   37.0s        1 counts
03:21:21   37.1s       -9 counts
03:21:21   37.2s       -8 counts
03:21:21   37.2s      -15 counts
03:21:21   37.3s       -2 counts
03:21:21   37.3s      -10 counts
03:21:22   37.4s      -12 counts
03:21:22   37.5s    23425 counts  <<< CONTACT: STOP TURNING. Bias set to 0 V. >>>
03:21:44   60.3s  check: 32767 counts -> STILL TOUCHING, back off a hair more
03:22:07   83.1s  check: 32767 counts -> STILL TOUCHING, back off a hair more
03:22:30  105.9s  check: -5 counts -> CLEAR
RESULT: clear
