03:05:17    0.1s       -3 counts
03:05:17    0.1s       -6 counts
03:05:18    0.2s       -6 counts
03:05:18    0.3s       -5 counts
03:05:18    0.3s      -10 counts
03:05:18    0.4s       -6 counts
03:05:18    0.4s       -5 counts
03:05:18    0.5s       -7 counts
03:05:18    0.6s       -8 counts
03:05:18    0.6s       -4 counts
03:05:18    0.7s       -2 counts
03:05:18    0.7s       -3 counts
03:05:18    0.8s       -3 counts
03:05:18    0.9s       -6 counts
03:05:18    0.9s       -4 counts
03:05:18    1.0s       -1 counts
03:05:18    1.0s       -3 counts
03:05:18    1.1s       -6 counts
03:05:18    1.2s       -0 counts
03:05:19    1.2s       -3 counts
03:05:19    1.3s       -9 counts
03:05:19    1.4s       -5 counts
03:05:19    1.4s       -9 counts
03:05:19    1.5s       -8 counts
03:05:19    1.5s       -3 counts
03:05:19    1.6s       -4 counts
03:05:19    1.7s       -7 counts
03:05:19    1.7s       -4 counts
03:05:19    1.8s       -2 counts
03:05:19    1.8s       -1 counts
03:05:19    1.9s       -5 counts
03:05:19    2.0s       -4 counts
03:05:19    2.0s       -2 counts
03:05:19    2.1s       -5 counts
03:05:19    2.1s       -4 counts
03:05:20    2.2s       -4 counts
03:05:20    2.2s        0 counts
03:05:20    2.3s       -4 counts
03:05:20    2.4s       -9 counts
03:05:20    2.4s       -8 counts
03:05:20    2.5s       -6 counts
03:05:20    2.5s       -6 counts
03:05:20    2.6s       -5 counts
03:05:20    2.7s       -3 counts
03:05:20    2.7s       -6 counts
03:05:20    2.8s       -6 counts
03:05:20    2.8s       -6 counts
03:05:20    2.9s      -10 counts
03:05:20    3.0s       -8 counts
03:05:20    3.0s       -3 counts
03:05:20    3.1s      -12 counts
03:05:20    3.1s       -9 counts
03:05:21    3.2s       -1 counts
03:05:21    3.2s       -1 counts
03:05:21    3.3s        3 counts
03:05:21    3.3s       -6 counts
03:05:21    3.4s       -5 counts
03:05:21    3.4s       -1 counts
03:05:21    3.5s       -3 counts
03:05:21    3.5s        1 counts
03:05:21    3.6s      -10 counts
03:05:21    3.7s       -8 counts
03:05:21    3.7s       -7 counts
03:05:21    3.8s       -6 counts
03:05:21    3.8s       -5 counts
03:05:21    3.9s      -10 counts
03:05:21    4.0s       -1 counts
03:05:21    4.0s      -10 counts
03:05:21    4.1s       -1 counts
03:05:21    4.1s       -6 counts
03:05:22    4.2s       -9 counts
03:05:22    4.3s       -4 counts
03:05:22    4.3s       -7 counts
03:05:22    4.4s        0 counts
03:05:22    4.5s       -5 counts
03:05:22    4.5s       -9 counts
03:05:22    4.6s       -2 counts
03:05:22    4.6s       -1 counts
03:05:22    4.7s       -3 counts
03:05:22    4.8s      -10 counts
03:05:22    4.8s      -12 counts
03:05:22    4.9s       -4 counts
03:05:22    4.9s       -8 counts
03:05:22    5.0s       -3 counts
03:05:22    5.1s       -6 counts
03:05:22    5.1s       -3 counts
03:05:23    5.2s       -6 counts
03:05:23    5.2s       -2 counts
03:05:23    5.3s      -12 counts
03:05:23    5.4s      -15 counts
03:05:23    5.4s       -3 counts
03:05:23    5.5s        0 counts
03:05:23    5.5s       -3 counts
03:05:23    5.6s       -6 counts
03:05:23    5.7s       -2 counts
03:05:23    5.7s       -3 counts
03:05:23    5.8s       -1 counts
03:05:23    5.8s       -4 counts
03:05:23    5.9s       -4 counts
03:05:23    6.0s       -4 counts
03:05:23    6.0s       -2 counts
03:05:23    6.1s       -9 counts
03:05:23    6.2s       -3 counts
03:05:24    6.2s       -4 counts
03:05:24    6.3s       -3 counts
03:05:24    6.3s      -12 counts
03:05:24    6.4s        2 counts
03:05:24    6.5s        0 counts
03:05:24    6.5s       -4 counts
03:05:24    6.6s       -4 counts
03:05:24    6.6s        2 counts
03:05:24    6.7s        1 counts
03:05:24    6.8s       -3 counts
03:05:24    6.8s       -6 counts
03:05:24    6.9s       -6 counts
03:05:24    6.9s       -6 counts
03:05:24    7.0s       -3 counts
03:05:24    7.1s       -4 counts
03:05:24    7.1s       -1 counts
03:05:24    7.2s       -5 counts
03:05:25    7.2s        0 counts
03:05:25    7.3s       -9 counts
03:05:25    7.4s       -8 counts
03:05:25    7.4s       -3 counts
03:05:25    7.5s        2 counts
03:05:25    7.5s       -3 counts
03:05:25    7.6s       -4 counts
03:05:25    7.7s       -5 counts
03:05:25    7.7s       -2 counts
03:05:25    7.8s       -7 counts
03:05:25    7.8s       -0 counts
03:05:25    7.9s       -7 counts
03:05:25    7.9s       -3 counts
03:05:25    8.0s       -6 counts
03:05:25    8.0s       -7 counts
03:05:25    8.1s       -5 counts
03:05:25    8.2s        2 counts
03:05:26    8.2s       -8 counts
03:05:26    8.3s       -7 counts
03:05:26    8.3s       -4 counts
03:05:26    8.4s       -3 counts
03:05:26    8.5s       -6 counts
03:05:26    8.5s       -6 counts
03:05:26    8.6s       -3 counts
03:05:26    8.6s       -7 counts
03:05:26    8.7s       -6 counts
03:05:26    8.7s       -4 counts
03:05:26    8.8s       -4 counts
03:05:26    8.9s        2 counts
03:05:26    8.9s       -1 counts
03:05:26    9.0s       -8 counts
03:05:26    9.0s        3 counts
03:05:26    9.1s       -8 counts
03:05:26    9.2s       -1 counts
03:05:27    9.2s       -3 counts
03:05:27    9.3s       -9 counts
03:05:27    9.3s       -4 counts
03:05:27    9.4s       -2 counts
03:05:27    9.5s       -4 counts
03:05:27    9.5s       -2 counts
03:05:27    9.6s       -6 counts
03:05:27    9.6s        6 counts
03:05:27    9.7s       -7 counts
03:05:27    9.8s        2 counts
03:05:27    9.8s       -2 counts
03:05:27    9.9s       -5 counts
03:05:27    9.9s       -6 counts
03:05:27   10.0s       -2 counts
03:05:27   10.0s        1 counts
03:05:27   10.1s        1 counts
03:05:27   10.2s       -1 counts
03:05:28   10.2s       -8 counts
03:05:28   10.3s       -6 counts
03:05:28   10.4s       -8 counts
03:05:28   10.4s        1 counts
03:05:28   10.5s       -9 counts
03:05:28   10.5s       -7 counts
03:05:28   10.6s        1 counts
03:05:28   10.7s       -4 counts
03:05:28   10.7s       -0 counts
03:05:28   10.8s      -11 counts
03:05:28   10.8s       -2 counts
03:05:28   10.9s       -2 counts
03:05:28   11.0s       -5 counts
03:05:28   11.0s       -7 counts
03:05:28   11.1s      -13 counts
03:05:28   11.1s        0 counts
03:05:29   11.2s       -5 counts
03:05:29   11.3s        3 counts
03:05:29   11.3s       -8 counts
03:05:29   11.4s       -0 counts
03:05:29   11.4s       -1 counts
03:05:29   11.5s       -5 counts
03:05:29   11.6s       -7 counts
03:05:29   11.6s       -5 counts
03:05:29   11.7s       -4 counts
03:05:29   11.7s       -4 counts
03:05:29   11.8s       -6 counts
03:05:29   11.9s       -3 counts
03:05:29   11.9s       -7 counts
03:05:29   12.0s       -8 counts
03:05:29   12.1s       -8 counts
03:05:29   12.1s       -0 counts
03:05:29   12.2s       -4 counts
03:05:30   12.2s       -4 counts
03:05:30   12.3s       -5 counts
03:05:30   12.4s       -6 counts
03:05:30   12.4s       -7 counts
03:05:30   12.5s       -3 counts
03:05:30   12.5s        0 counts
03:05:30   12.6s       -8 counts
03:05:30   12.7s        1 counts
03:05:30   12.7s       -8 counts
03:05:30   12.8s       -6 counts
03:05:30   12.8s       -2 counts
03:05:30   12.9s       -0 counts
03:05:30   12.9s       -3 counts
03:05:30   13.0s       -5 counts
03:05:30   13.1s       -8 counts
03:05:30   13.1s       -5 counts
03:05:31   13.2s       -8 counts
03:05:31   13.2s       -5 counts
03:05:31   13.3s       -6 counts
03:05:31   13.4s       -4 counts
03:05:31   13.4s        2 counts
03:05:31   13.5s       -7 counts
03:05:31   13.6s       -1 counts
03:05:31   13.6s       -3 counts
03:05:31   13.7s       -3 counts
03:05:31   13.7s       -2 counts
03:05:31   13.8s       -1 counts
03:05:31   13.9s       -8 counts
03:05:31   13.9s       -1 counts
03:05:31   14.0s       -2 counts
03:05:31   14.0s       -2 counts
03:05:31   14.1s        2 counts
03:05:31   14.1s       -9 counts
03:05:32   14.2s       -3 counts
03:05:32   14.3s       -7 counts
03:05:32   14.4s       -6 counts
03:05:32   14.4s       -4 counts
03:05:32   14.5s       -5 counts
03:05:32   14.5s       -6 counts
03:05:32   14.6s       -6 counts
03:05:32   14.7s       -3 counts
03:05:32   14.7s        1 counts
03:05:32   14.8s        2 counts
03:05:32   14.8s       -3 counts
03:05:32   14.9s       -6 counts
03:05:32   14.9s       -2 counts
03:05:32   15.0s       -7 counts
03:05:32   15.1s       -2 counts
03:05:32   15.1s       -1 counts
03:05:33   15.2s       -3 counts
03:05:33   15.2s       -4 counts
03:05:33   15.3s        1 counts
03:05:33   15.4s       -6 counts
03:05:33   15.4s       -2 counts
03:05:33   15.5s       -9 counts
03:05:33   15.5s       -3 counts
03:05:33   15.6s       -8 counts
03:05:33   15.7s       -4 counts
03:05:33   15.7s        0 counts
03:05:33   15.8s       -6 counts
03:05:33   15.8s       -4 counts
03:05:33   15.9s       -5 counts
03:05:33   16.0s       -7 counts
03:05:33   16.0s       -2 counts
03:05:33   16.1s       -6 counts
03:05:33   16.1s       -5 counts
03:05:34   16.2s       -4 counts
03:05:34   16.2s       -5 counts
03:05:34   16.3s       -0 counts
03:05:34   16.4s        0 counts
03:05:34   16.4s       -6 counts
03:05:34   16.5s       -7 counts
03:05:34   16.5s        0 counts
03:05:34   16.6s       -4 counts
03:05:34   16.7s       -2 counts
03:05:34   16.7s       -3 counts
03:05:34   16.8s       -5 counts
03:05:34   16.8s       -2 counts
03:05:34   16.9s       -3 counts
03:05:34   17.0s        0 counts
03:05:34   17.0s       -8 counts
03:05:34   17.1s       -3 counts
03:05:34   17.1s       -5 counts
03:05:35   17.2s       -6 counts
03:05:35   17.3s       -4 counts
03:05:35   17.3s       -2 counts
03:05:35   17.4s       -4 counts
03:05:35   17.4s       -4 counts
03:05:35   17.5s       -2 counts
03:05:35   17.6s        1 counts
03:05:35   17.6s       -8 counts
03:05:35   17.7s       -1 counts
03:05:35   17.7s       -3 counts
03:05:35   17.8s       -5 counts
03:05:35   17.9s       -5 counts
03:05:35   17.9s       -3 counts
03:05:35   18.0s       -6 counts
03:05:35   18.0s       -8 counts
03:05:35   18.1s       -5 counts
03:05:35   18.2s       -5 counts
03:05:36   18.2s       -5 counts
03:05:36   18.3s       -4 counts
03:05:36   18.3s       -4 counts
03:05:36   18.4s       -3 counts
03:05:36   18.5s       -1 counts
03:05:36   18.5s        0 counts
03:05:36   18.6s       -2 counts
03:05:36   18.6s        0 counts
03:05:36   18.7s       -6 counts
03:05:36   18.8s       -1 counts
03:05:36   18.8s       -7 counts
03:05:36   18.9s       -4 counts
03:05:36   19.0s       -2 counts
03:05:36   19.0s       -2 counts
03:05:36   19.1s       -7 counts
03:05:36   19.1s       -5 counts
03:05:37   19.2s       -3 counts
03:05:37   19.3s      -10 counts
03:05:37   19.3s       -4 counts
03:05:37   19.4s       -3 counts
03:05:37   19.4s       -0 counts
03:05:37   19.5s       -3 counts
03:05:37   19.6s       -3 counts
03:05:37   19.6s       -1 counts
03:05:37   19.7s       -8 counts
03:05:37   19.8s       -6 counts
03:05:37   19.8s       -0 counts
03:05:37   19.9s       -2 counts
03:05:37   19.9s       -2 counts
03:05:37   20.0s       -4 counts
03:05:37   20.1s       -3 counts
03:05:37   20.1s        4 counts
03:05:37   20.2s        1 counts
03:05:38   20.2s       -1 counts
03:05:38   20.3s       -3 counts
03:05:38   20.4s       -2 counts
03:05:38   20.4s       -7 counts
03:05:38   20.5s       -7 counts
03:05:38   20.5s       -0 counts
03:05:38   20.6s       -2 counts
03:05:38   20.7s       -4 counts
03:05:38   20.7s       -4 counts
03:05:38   20.8s       -3 counts
03:05:38   20.8s       -5 counts
03:05:38   20.9s       -2 counts
03:05:38   21.0s        2 counts
03:05:38   21.0s       -4 counts
03:05:38   21.1s       -3 counts
03:05:38   21.1s       -2 counts
03:05:39   21.2s       -4 counts
03:05:39   21.3s       -1 counts
03:05:39   21.3s       -4 counts
03:05:39   21.4s       -5 counts
03:05:39   21.4s       -6 counts
03:05:39   21.5s       -8 counts
03:05:39   21.6s       -1 counts
03:05:39   21.6s       -8 counts
03:05:39   21.7s       -2 counts
03:05:39   21.8s       -4 counts
03:05:39   21.8s        1 counts
03:05:39   21.9s       -3 counts
03:05:39   21.9s        1 counts
03:05:39   22.0s       -0 counts
03:05:39   22.1s       -2 counts
03:05:39   22.1s       -5 counts
03:05:39   22.2s       -3 counts
03:05:40   22.2s       -3 counts
03:05:40   22.3s       -6 counts
03:05:40   22.4s       -2 counts
03:05:40   22.4s       -8 counts
03:05:40   22.5s       -6 counts
03:05:40   22.5s       -4 counts
03:05:40   22.6s       -3 counts
03:05:40   22.7s       -4 counts
03:05:40   22.7s       -2 counts
03:05:40   22.8s       -3 counts
03:05:40   22.8s       -4 counts
03:05:40   22.9s       -5 counts
03:05:40   22.9s       -3 counts
03:05:40   23.0s       -6 counts
03:05:40   23.1s       -8 counts
03:05:40   23.1s       -5 counts
03:05:41   23.2s       -7 counts
03:05:41   23.2s       -0 counts
03:05:41   23.3s       -5 counts
03:05:41   23.4s       -2 counts
03:05:41   23.4s       -2 counts
03:05:41   23.5s       -6 counts
03:05:41   23.5s        1 counts
03:05:41   23.6s       -0 counts
03:05:41   23.7s       -0 counts
03:05:41   23.7s       -8 counts
03:05:41   23.8s       -2 counts
03:05:41   23.9s        1 counts
03:05:41   23.9s       -3 counts
03:05:41   24.0s       -2 counts
03:05:41   24.0s       -5 counts
03:05:41   24.1s       -4 counts
03:05:41   24.2s       -6 counts
03:05:42   24.2s       -3 counts
03:05:42   24.3s       -8 counts
03:05:42   24.3s        2 counts
03:05:42   24.4s       -4 counts
03:05:42   24.5s       -3 counts
03:05:42   24.5s       -4 counts
03:05:42   24.6s       -3 counts
03:05:42   24.6s       -7 counts
03:05:42   24.7s       -1 counts
03:05:42   24.8s       -3 counts
03:05:42   24.8s       -7 counts
03:05:42   24.9s       -3 counts
03:05:42   24.9s       -2 counts
03:05:42   25.0s       -3 counts
03:05:42   25.0s        1 counts
03:05:42   25.1s       -3 counts
03:05:42   25.1s       -1 counts
03:05:42   25.2s       -3 counts
03:05:43   25.2s       -6 counts
03:05:43   25.3s        1 counts
03:05:43   25.3s       -3 counts
03:05:43   25.4s       -2 counts
03:05:43   25.4s       -2 counts
03:05:43   25.5s       -2 counts
03:05:43   25.5s       -2 counts
03:05:43   25.6s       -1 counts
03:05:43   25.6s       -0 counts
03:05:43   25.7s        2 counts
03:05:43   25.7s       -1 counts
03:05:43   25.8s       -1 counts
03:05:43   25.8s        4 counts
03:05:43   25.9s       -2 counts
03:05:43   25.9s       -2 counts
03:05:43   26.0s       -2 counts
03:05:43   26.0s        1 counts
03:05:43   26.1s       -5 counts
03:05:43   26.1s        3 counts
03:05:44   26.2s        2 counts
03:05:44   26.3s       -3 counts
03:05:44   26.3s       -8 counts
03:05:44   26.4s       -4 counts
03:05:44   26.4s       -4 counts
03:05:44   26.5s       -7 counts
03:05:44   26.6s       -6 counts
03:05:44   26.6s       -3 counts
03:05:44   26.7s       -4 counts
03:05:44   26.7s       -4 counts
03:05:44   26.8s        1 counts
03:05:44   26.9s       -2 counts
03:05:44   26.9s       -3 counts
03:05:44   27.0s       -2 counts
03:05:44   27.0s       -5 counts
03:05:44   27.1s       -4 counts
03:05:44   27.2s       -3 counts
03:05:45   27.2s        1 counts
03:05:45   27.3s       -2 counts
03:05:45   27.3s        1 counts
03:05:45   27.4s       -5 counts
03:05:45   27.5s       -8 counts
03:05:45   27.5s       -2 counts
03:05:45   27.6s       -3 counts
03:05:45   27.6s       -7 counts
03:05:45   27.7s       -5 counts
03:05:45   27.8s       -2 counts
03:05:45   27.8s       -6 counts
03:05:45   27.9s       -1 counts
03:05:45   27.9s      -10 counts
03:05:45   28.0s       -5 counts
03:05:45   28.1s       -2 counts
03:05:45   28.1s       -4 counts
03:05:45   28.2s       -0 counts
03:05:46   28.2s        3 counts
03:05:46   28.3s       -7 counts
03:05:46   28.4s       -3 counts
03:05:46   28.4s       -6 counts
03:05:46   28.5s       -8 counts
03:05:46   28.5s       -2 counts
03:05:46   28.6s       -4 counts
03:05:46   28.7s       -6 counts
03:05:46   28.7s       -6 counts
03:05:46   28.8s       -6 counts
03:05:46   28.8s        0 counts
03:05:46   28.9s       -4 counts
03:05:46   29.0s       -1 counts
03:05:46   29.0s       -8 counts
03:05:46   29.1s       -3 counts
03:05:46   29.1s       -5 counts
03:05:47   29.2s       -5 counts
03:05:47   29.3s      -10 counts
03:05:47   29.3s       -2 counts
03:05:47   29.4s       -2 counts
03:05:47   29.4s       -4 counts
03:05:47   29.5s       -5 counts
03:05:47   29.6s       -3 counts
03:05:47   29.6s       -2 counts
03:05:47   29.7s       -3 counts
03:05:47   29.8s       -6 counts
03:05:47   29.8s       -7 counts
03:05:47   29.9s       -6 counts
03:05:47   29.9s       -0 counts
03:05:47   30.0s        0 counts
03:05:47   30.1s       -5 counts
03:05:47   30.1s       -7 counts
03:05:48   30.2s       -1 counts
03:05:48   30.2s       -9 counts
03:05:48   30.3s       -1 counts
03:05:48   30.3s       -3 counts
03:05:48   30.4s       -5 counts
03:05:48   30.5s        0 counts
03:05:48   30.5s       -3 counts
03:05:48   30.6s       -4 counts
03:05:48   30.6s       -9 counts
03:05:48   30.7s       -3 counts
03:05:48   30.7s       -4 counts
03:05:48   30.8s       -4 counts
03:05:48   30.8s        1 counts
03:05:48   30.9s       -0 counts
03:05:48   31.0s       -3 counts
03:05:48   31.0s       -3 counts
03:05:48   31.1s       -4 counts
03:05:48   31.1s       -6 counts
03:05:49   31.2s       -8 counts
03:05:49   31.3s       -2 counts
03:05:49   31.3s       -3 counts
03:05:49   31.4s        3 counts
03:05:49   31.4s       -8 counts
03:05:49   31.5s       -5 counts
03:05:49   31.6s       -7 counts
03:05:49   31.6s       -8 counts
03:05:49   31.7s       -7 counts
03:05:49   31.7s       -2 counts
03:05:49   31.8s       -2 counts
03:05:49   31.9s       -2 counts
03:05:49   31.9s       -4 counts
03:05:49   32.0s       -4 counts
03:05:49   32.0s       -4 counts
03:05:49   32.1s       -7 counts
03:05:49   32.2s       -1 counts
03:05:50   32.2s       -3 counts
03:05:50   32.3s       -1 counts
03:05:50   32.3s       -4 counts
03:05:50   32.4s       -5 counts
03:05:50   32.5s       -4 counts
03:05:50   32.5s      -10 counts
03:05:50   32.6s       -3 counts
03:05:50   32.6s       -2 counts
03:05:50   32.7s       -4 counts
03:05:50   32.7s       -2 counts
03:05:50   32.8s       -6 counts
03:05:50   32.9s       -4 counts
03:05:50   32.9s       -2 counts
03:05:50   33.0s       -2 counts
03:05:50   33.0s       -6 counts
03:05:50   33.1s        4 counts
03:05:50   33.1s       -8 counts
03:05:51   33.2s       -5 counts
03:05:51   33.3s       -5 counts
03:05:51   33.3s       -4 counts
03:05:51   33.4s       -9 counts
03:05:51   33.4s       -4 counts
03:05:51   33.5s       -5 counts
03:05:51   33.5s       -2 counts
03:05:51   33.6s       -2 counts
03:05:51   33.7s       -1 counts
03:05:51   33.7s        0 counts
03:05:51   33.8s       -4 counts
03:05:51   33.8s       -6 counts
03:05:51   33.9s       -6 counts
03:05:51   34.0s       -4 counts
03:05:51   34.0s       -7 counts
03:05:51   34.1s        1 counts
03:05:51   34.1s       -6 counts
03:05:52   34.2s       -2 counts
03:05:52   34.3s       -3 counts
03:05:52   34.3s       -1 counts
03:05:52   34.4s       -5 counts
03:05:52   34.4s        2 counts
03:05:52   34.5s       -0 counts
03:05:52   34.6s        0 counts
03:05:52   34.6s       -2 counts
03:05:52   34.7s       -3 counts
03:05:52   34.7s       -4 counts
03:05:52   34.8s       -4 counts
03:05:52   34.9s       -6 counts
03:05:52   34.9s       -5 counts
03:05:52   35.0s       -3 counts
03:05:52   35.0s       -2 counts
03:05:52   35.1s        1 counts
03:05:52   35.2s       -7 counts
03:05:53   35.2s       -5 counts
03:05:53   35.3s       -5 counts
03:05:53   35.3s       -0 counts
03:05:53   35.4s       -1 counts
03:05:53   35.5s       -5 counts
03:05:53   35.5s        0 counts
03:05:53   35.6s        2 counts
03:05:53   35.6s       -7 counts
03:05:53   35.7s       -8 counts
03:05:53   35.8s       -1 counts
03:05:53   35.8s        0 counts
03:05:53   35.9s       -1 counts
03:05:53   35.9s       -3 counts
03:05:53   36.0s       -3 counts
03:05:53   36.0s       -7 counts
03:05:53   36.1s        2 counts
03:05:53   36.2s       -1 counts
03:05:54   36.2s        3 counts
03:05:54   36.3s       -6 counts
03:05:54   36.3s       -2 counts
03:05:54   36.4s        1 counts
03:05:54   36.5s       -2 counts
03:05:54   36.5s        4 counts
03:05:54   36.5s        1 counts
03:05:54   36.6s        3 counts
03:05:54   36.6s       -1 counts
03:05:54   36.7s       -6 counts
03:05:54   36.7s       -4 counts
03:05:54   36.8s       -7 counts
03:05:54   36.8s       -5 counts
03:05:54   36.9s       -5 counts
03:05:54   36.9s        3 counts
03:05:54   37.0s       -3 counts
03:05:54   37.1s       -4 counts
03:05:54   37.1s       -7 counts
03:05:54   37.2s       -8 counts
03:05:55   37.2s       -4 counts
03:05:55   37.3s       -4 counts
03:05:55   37.4s       -4 counts
03:05:55   37.4s       -3 counts
03:05:55   37.5s       -3 counts
03:05:55   37.5s       -1 counts
03:05:55   37.6s       -1 counts
03:05:55   37.6s       -2 counts
03:05:55   37.7s       -4 counts
03:05:55   37.8s       -3 counts
03:05:55   37.8s       -4 counts
03:05:55   37.9s        4 counts
03:05:55   37.9s        1 counts
03:05:55   38.0s       -1 counts
03:05:55   38.1s       -0 counts
03:05:55   38.1s       -2 counts
03:05:56   38.2s       -2 counts
03:05:56   38.2s       -7 counts
03:05:56   38.3s       -6 counts
03:05:56   38.4s       -2 counts
03:05:56   38.4s       -7 counts
03:05:56   38.5s       -9 counts
03:05:56   38.6s       -3 counts
03:05:56   38.6s       -2 counts
03:05:56   38.7s       -3 counts
03:05:56   38.7s       -2 counts
03:05:56   38.8s       -5 counts
03:05:56   38.8s       -1 counts
03:05:56   38.9s       -3 counts
03:05:56   38.9s       -3 counts
03:05:56   39.0s       -2 counts
03:05:56   39.0s       -6 counts
03:05:56   39.1s       -0 counts
03:05:56   39.2s       -3 counts
03:05:57   39.2s       -2 counts
03:05:57   39.3s      -11 counts
03:05:57   39.3s       -3 counts
03:05:57   39.4s       -2 counts
03:05:57   39.4s       -2 counts
03:05:57   39.5s       -5 counts
03:05:57   39.5s        2 counts
03:05:57   39.6s        1 counts
03:05:57   39.6s       -2 counts
03:05:57   39.7s       -8 counts
03:05:57   39.7s       -3 counts
03:05:57   39.8s       -4 counts
03:05:57   39.8s        1 counts
03:05:57   39.9s       -1 counts
03:05:57   40.0s       -5 counts
03:05:57   40.0s       -1 counts
03:05:57   40.1s        2 counts
03:05:57   40.1s        2 counts
03:05:57   40.2s        0 counts
03:05:58   40.2s       -5 counts
03:05:58   40.2s        2 counts
03:05:58   40.3s       -7 counts
03:05:58   40.3s       -0 counts
03:05:58   40.4s       -0 counts
03:05:58   40.5s       -0 counts
03:05:58   40.5s       -7 counts
03:05:58   40.6s        3 counts
03:05:58   40.6s       -3 counts
03:05:58   40.7s       -1 counts
03:05:58   40.8s        1 counts
03:05:58   40.8s       -6 counts
03:05:58   40.9s       -3 counts
03:05:58   40.9s       -4 counts
03:05:58   41.0s       -4 counts
03:05:58   41.1s       -1 counts
03:05:58   41.1s       -6 counts
03:05:58   41.2s       -2 counts
03:05:59   41.2s        0 counts
03:05:59   41.3s       -2 counts
03:05:59   41.4s       -5 counts
03:05:59   41.4s       -3 counts
03:05:59   41.5s       -2 counts
03:05:59   41.6s        4 counts
03:05:59   41.6s       -5 counts
03:05:59   41.7s       -2 counts
03:05:59   41.7s       -3 counts
03:05:59   41.8s       -2 counts
03:05:59   41.8s       -4 counts
03:05:59   41.9s       -3 counts
03:05:59   42.0s        3 counts
03:05:59   42.0s       -7 counts
03:05:59   42.1s       -5 counts
03:05:59   42.2s       -2 counts
03:06:00   42.2s       -2 counts
03:06:00   42.3s       -2 counts
03:06:00   42.3s       -2 counts
03:06:00   42.4s       -5 counts
03:06:00   42.5s      -10 counts
03:06:00   42.5s       -8 counts
03:06:00   42.6s        1 counts
03:06:00   42.6s       -7 counts
03:06:00   42.7s        0 counts
03:06:00   42.8s       -2 counts
03:06:00   42.8s       -7 counts
03:06:00   42.9s       -3 counts
03:06:00   42.9s       -7 counts
03:06:00   43.0s        1 counts
03:06:00   43.1s       -6 counts
03:06:00   43.1s       -6 counts
03:06:01   43.2s        0 counts
03:06:01   43.2s       -1 counts
03:06:01   43.3s        1 counts
03:06:01   43.4s       -4 counts
03:06:01   43.4s       -6 counts
03:06:01   43.5s       -2 counts
03:06:01   43.6s       -3 counts
03:06:01   43.6s       -4 counts
03:06:01   43.7s       -0 counts
03:06:01   43.7s       -2 counts
03:06:01   43.8s        1 counts
03:06:01   43.9s       -3 counts
03:06:01   43.9s       -6 counts
03:06:01   44.0s       -8 counts
03:06:01   44.0s       -1 counts
03:06:01   44.1s        5 counts
03:06:01   44.2s       -1 counts
03:06:02   44.2s       -7 counts
03:06:02   44.3s        4 counts
03:06:02   44.3s        2 counts
03:06:02   44.4s       -7 counts
03:06:02   44.5s        3 counts
03:06:02   44.5s       -2 counts
03:06:02   44.6s       -2 counts
03:06:02   44.6s      -12 counts
03:06:02   44.7s        5 counts
03:06:02   44.8s       -9 counts
03:06:02   44.8s        0 counts
03:06:02   44.9s        2 counts
03:06:02   44.9s        4 counts
03:06:02   45.0s       -3 counts
03:06:02   45.0s       -6 counts
03:06:02   45.1s       -3 counts
03:06:02   45.1s       -9 counts
03:06:02   45.2s       -6 counts
03:06:03   45.2s       -8 counts
03:06:03   45.3s       -1 counts
03:06:03   45.3s       -9 counts
03:06:03   45.4s      -11 counts
03:06:03   45.5s       -7 counts
03:06:03   45.5s       -8 counts
03:06:03   45.6s       -2 counts
03:06:03   45.6s       -8 counts
03:06:03   45.7s        4 counts
03:06:03   45.8s       -0 counts
03:06:03   45.8s       -9 counts
03:06:03   45.9s       -7 counts
03:06:03   45.9s       -9 counts
03:06:03   46.0s       -5 counts
03:06:03   46.1s       -4 counts
03:06:03   46.1s        1 counts
03:06:03   46.2s       -7 counts
03:06:04   46.2s       -3 counts
03:06:04   46.3s       -1 counts
03:06:04   46.4s       -7 counts
03:06:04   46.4s       -6 counts
03:06:04   46.5s       -4 counts
03:06:04   46.5s       -6 counts
03:06:04   46.6s       -8 counts
03:06:04   46.7s        3 counts
03:06:04   46.7s       -9 counts
03:06:04   46.8s        4 counts
03:06:04   46.8s       -8 counts
03:06:04   46.9s       -6 counts
03:06:04   47.0s       -1 counts
03:06:04   47.0s       -3 counts
03:06:04   47.1s       -2 counts
03:06:04   47.1s      -10 counts
03:06:05   47.2s        3 counts
03:06:05   47.3s       -5 counts
03:06:05   47.3s       -9 counts
03:06:05   47.4s        1 counts
03:06:05   47.4s       -2 counts
03:06:05   47.5s       -3 counts
03:06:05   47.6s       -3 counts
03:06:05   47.6s       -5 counts
03:06:05   47.7s        3 counts
03:06:05   47.7s       -4 counts
03:06:05   47.8s       -6 counts
03:06:05   47.9s       -4 counts
03:06:05   47.9s        1 counts
03:06:05   48.0s       -4 counts
03:06:05   48.0s       -6 counts
03:06:05   48.1s       -7 counts
03:06:05   48.2s       -1 counts
03:06:06   48.2s       -0 counts
03:06:06   48.3s       -1 counts
03:06:06   48.3s        1 counts
03:06:06   48.4s        2 counts
03:06:06   48.5s        2 counts
03:06:06   48.5s       -5 counts
03:06:06   48.6s       -3 counts
03:06:06   48.6s       -5 counts
03:06:06   48.7s       -0 counts
03:06:06   48.8s       -7 counts
03:06:06   48.8s      -11 counts
03:06:06   48.9s       -9 counts
03:06:06   48.9s        3 counts
03:06:06   49.0s       -1 counts
03:06:06   49.1s       -9 counts
03:06:06   49.1s       -6 counts
03:06:07   49.2s       -4 counts
03:06:07   49.3s        3 counts
03:06:07   49.3s       -5 counts
03:06:07   49.4s       -6 counts
03:06:07   49.4s       -3 counts
03:06:07   49.5s       -2 counts
03:06:07   49.6s        1 counts
03:06:07   49.6s        0 counts
03:06:07   49.7s        2 counts
03:06:07   49.8s       -6 counts
03:06:07   49.8s       -8 counts
03:06:07   49.9s       -3 counts
03:06:07   49.9s        2 counts
03:06:07   50.0s       -4 counts
03:06:07   50.0s       -1 counts
03:06:07   50.1s       -6 counts
03:06:07   50.1s        1 counts
03:06:08   50.2s        3 counts
03:06:08   50.2s        2 counts
03:06:08   50.3s       -9 counts
03:06:08   50.3s        3 counts
03:06:08   50.4s       -2 counts
03:06:08   50.4s       -1 counts
03:06:08   50.5s       -0 counts
03:06:08   50.5s       -1 counts
03:06:08   50.6s       -1 counts
03:06:08   50.6s       -3 counts
03:06:08   50.7s        3 counts
03:06:08   50.7s        1 counts
03:06:08   50.8s       -9 counts
03:06:08   50.8s       -1 counts
03:06:08   50.9s       -5 counts
03:06:08   51.0s        0 counts
03:06:08   51.0s       -2 counts
03:06:08   51.1s       -2 counts
03:06:08   51.1s        0 counts
03:06:08   51.2s       -2 counts
03:06:09   51.2s        4 counts
03:06:09   51.2s      -11 counts
03:06:09   51.3s       -7 counts
03:06:09   51.3s       -4 counts
03:06:09   51.4s        4 counts
03:06:09   51.5s       -9 counts
03:06:09   51.5s       -0 counts
03:06:09   51.6s      -17 counts
03:06:09   51.6s      -12 counts
03:06:09   51.7s       -3 counts
03:06:09   51.7s        4 counts
03:06:09   51.8s        3 counts
03:06:09   51.8s       -5 counts
03:06:09   51.9s        3 counts
03:06:09   51.9s       -7 counts
03:06:09   52.0s       -7 counts
03:06:09   52.1s        1 counts
03:06:09   52.1s       -3 counts
03:06:09   52.2s       -2 counts
03:06:10   52.2s        3 counts
03:06:10   52.3s       -2 counts
03:06:10   52.3s       -8 counts
03:06:10   52.4s       -0 counts
03:06:10   52.5s        0 counts
03:06:10   52.5s      -11 counts
03:06:10   52.6s        7 counts
03:06:10   52.6s       -0 counts
03:06:10   52.7s        6 counts
03:06:10   52.7s       -6 counts
03:06:10   52.8s        1 counts
03:06:10   52.8s       -8 counts
03:06:10   52.9s       -9 counts
03:06:10   53.0s       -5 counts
03:06:10   53.0s       -3 counts
03:06:10   53.1s        3 counts
03:06:10   53.1s       -5 counts
03:06:11   53.2s        5 counts
03:06:11   53.3s       -3 counts
03:06:11   53.3s       -2 counts
03:06:11   53.4s       -7 counts
03:06:11   53.5s       -3 counts
03:06:11   53.5s        1 counts
03:06:11   53.6s        2 counts
03:06:11   53.6s        4 counts
03:06:11   53.7s        1 counts
03:06:11   53.7s       -3 counts
03:06:11   53.8s       -0 counts
03:06:11   53.8s        1 counts
03:06:11   53.9s       -8 counts
03:06:11   53.9s        4 counts
03:06:11   54.0s       -5 counts
03:06:11   54.1s       -1 counts
03:06:11   54.1s       -4 counts
03:06:11   54.2s       -6 counts
03:06:12   54.2s      -11 counts
03:06:12   54.3s       -4 counts
03:06:12   54.3s      -12 counts
03:06:12   54.4s      -14 counts
03:06:12   54.5s       -5 counts
03:06:12   54.5s      -10 counts
03:06:12   54.6s       -7 counts
03:06:12   54.6s        7 counts
03:06:12   54.7s       -2 counts
03:06:12   54.8s       -3 counts
03:06:12   54.8s       -1 counts
03:06:12   54.9s       -2 counts
03:06:12   54.9s       -2 counts
03:06:12   55.0s       -5 counts
03:06:12   55.0s       -4 counts
03:06:12   55.1s        3 counts
03:06:12   55.2s       -8 counts
03:06:13   55.2s       -3 counts
03:06:13   55.3s       -5 counts
03:06:13   55.4s       -5 counts
03:06:13   55.4s        5 counts
03:06:13   55.5s        0 counts
03:06:13   55.5s       -2 counts
03:06:13   55.6s        5 counts
03:06:13   55.6s        5 counts
03:06:13   55.7s       -4 counts
03:06:13   55.8s       -4 counts
03:06:13   55.8s       -3 counts
03:06:13   55.9s        7 counts
03:06:13   55.9s        8 counts
03:06:13   56.0s       -8 counts
03:06:13   56.1s      -10 counts
03:06:13   56.1s      -11 counts
03:06:14   56.2s       -7 counts
03:06:14   56.2s       -6 counts
03:06:14   56.3s       -4 counts
03:06:14   56.4s      -11 counts
03:06:14   56.4s       -5 counts
03:06:14   56.5s       -3 counts
03:06:14   56.5s       -9 counts
03:06:14   56.6s        3 counts
03:06:14   56.7s       -6 counts
03:06:14   56.7s      -10 counts
03:06:14   56.8s       -8 counts
03:06:14   56.8s       -7 counts
03:06:14   56.9s       -3 counts
03:06:14   57.0s       -6 counts
03:06:14   57.0s       -1 counts
03:06:14   57.1s       -8 counts
03:06:14   57.1s       -8 counts
03:06:14   57.2s        3 counts
03:06:15   57.2s        0 counts
03:06:15   57.3s       -3 counts
03:06:15   57.3s       -7 counts
03:06:15   57.4s       -6 counts
03:06:15   57.5s      -12 counts
03:06:15   57.5s       -8 counts
03:06:15   57.6s       -8 counts
03:06:15   57.6s      -11 counts
03:06:15   57.7s      -15 counts
03:06:15   57.7s       -9 counts
03:06:15   57.8s        8 counts
03:06:15   57.8s       -7 counts
03:06:15   57.9s        3 counts
03:06:15   58.0s       -4 counts
03:06:15   58.0s        3 counts
03:06:15   58.1s       -0 counts
03:06:15   58.1s        0 counts
03:06:16   58.2s        2 counts
03:06:16   58.3s       -2 counts
03:06:16   58.3s       -4 counts
03:06:16   58.4s        4 counts
03:06:16   58.4s      -11 counts
03:06:16   58.5s       -3 counts
03:06:16   58.5s      -13 counts
03:06:16   58.6s       -8 counts
03:06:16   58.7s       -6 counts
03:06:16   58.7s       -3 counts
03:06:16   58.8s       -8 counts
03:06:16   58.8s       -7 counts
03:06:16   58.9s        5 counts
03:06:16   59.0s       -6 counts
03:06:16   59.0s       -6 counts
03:06:16   59.1s       -4 counts
03:06:16   59.1s        6 counts
03:06:17   59.2s       -5 counts
03:06:17   59.3s       -7 counts
03:06:17   59.3s       -0 counts
03:06:17   59.4s       -3 counts
03:06:17   59.4s       -1 counts
03:06:17   59.5s      -10 counts
03:06:17   59.6s      -10 counts
03:06:17   59.6s        2 counts
03:06:17   59.7s        6 counts
03:06:17   59.7s       -5 counts
03:06:17   59.8s       -4 counts
03:06:17   59.9s       -4 counts
03:06:17   59.9s       -0 counts
03:06:17   60.0s       -3 counts
03:06:17   60.0s        2 counts
03:06:17   60.1s       -7 counts
03:06:17   60.1s      -10 counts
03:06:18   60.2s       -9 counts
03:06:18   60.2s      -10 counts
03:06:18   60.3s        2 counts
03:06:18   60.4s      -12 counts
03:06:18   60.4s       -2 counts
03:06:18   60.5s       -6 counts
03:06:18   60.5s       -4 counts
03:06:18   60.6s       -4 counts
03:06:18   60.6s       -5 counts
03:06:18   60.7s       -7 counts
03:06:18   60.8s        3 counts
03:06:18   60.8s        1 counts
03:06:18   60.9s       -0 counts
03:06:18   60.9s       -9 counts
03:06:18   61.0s       -2 counts
03:06:18   61.1s       -3 counts
03:06:18   61.1s       -1 counts
03:06:19   61.2s       -1 counts
03:06:19   61.2s       -5 counts
03:06:19   61.3s       -7 counts
03:06:19   61.4s       -6 counts
03:06:19   61.4s       -6 counts
03:06:19   61.5s       -2 counts
03:06:19   61.5s       -5 counts
03:06:19   61.6s        1 counts
03:06:19   61.7s       -7 counts
03:06:19   61.7s       -1 counts
03:06:19   61.8s       -2 counts
03:06:19   61.8s       -7 counts
03:06:19   61.9s       -6 counts
03:06:19   62.0s       -6 counts
03:06:19   62.0s       -0 counts
03:06:19   62.1s       -0 counts
03:06:19   62.1s       -8 counts
03:06:20   62.2s      -12 counts
03:06:20   62.3s       -3 counts
03:06:20   62.3s       -1 counts
03:06:20   62.4s       -4 counts
03:06:20   62.4s       47 counts
03:06:20   62.5s     1349 counts  <<< CONTACT: STOP TURNING. Bias set to 0 V. >>>
03:06:43   85.4s  check: 32767 counts -> STILL TOUCHING, back off a hair more
03:07:06  108.2s  check: 32767 counts -> STILL TOUCHING, back off a hair more
03:07:28  131.0s  check: -5 counts -> CLEAR
RESULT: clear
