02:42:11    0.1s       18 counts
02:42:11    0.1s       16 counts
02:42:11    0.2s       10 counts
02:42:11    0.3s       10 counts
02:42:11    0.3s       13 counts
02:42:11    0.4s       17 counts
02:42:11    0.4s       13 counts
02:42:11    0.5s       14 counts
02:42:11    0.6s        8 counts
02:42:11    0.6s       14 counts
02:42:11    0.7s       11 counts
02:42:11    0.7s       13 counts
02:42:11    0.8s       13 counts
02:42:11    0.9s       16 counts
02:42:12    0.9s        8 counts
02:42:12    1.0s       10 counts
02:42:12    1.0s       15 counts
02:42:12    1.1s       10 counts
02:42:12    1.2s       17 counts
02:42:12    1.2s       10 counts
02:42:12    1.3s       10 counts
02:42:12    1.4s       12 counts
02:42:12    1.4s       13 counts
02:42:12    1.5s       12 counts
02:42:12    1.5s       11 counts
02:42:12    1.6s       17 counts
02:42:12    1.7s       18 counts
02:42:12    1.7s       17 counts
02:42:12    1.8s       15 counts
02:42:12    1.8s       11 counts
02:42:13    1.9s       11 counts
02:42:13    2.0s       18 counts
02:42:13    2.0s       18 counts
02:42:13    2.1s       11 counts
02:42:13    2.2s       10 counts
02:42:13    2.2s       14 counts
02:42:13    2.3s       16 counts
02:42:13    2.3s       14 counts
02:42:13    2.4s       11 counts
02:42:13    2.5s       12 counts
02:42:13    2.5s       14 counts
02:42:13    2.6s       12 counts
02:42:13    2.6s       13 counts
02:42:13    2.7s       15 counts
02:42:13    2.7s       14 counts
02:42:13    2.8s       11 counts
02:42:13    2.9s       16 counts
02:42:14    2.9s       15 counts
02:42:14    2.9s       15 counts
02:42:14    3.0s       14 counts
02:42:14    3.1s       11 counts
02:42:14    3.1s        8 counts
02:42:14    3.2s       11 counts
02:42:14    3.2s       11 counts
02:42:14    3.3s       13 counts
02:42:14    3.3s       14 counts
02:42:14    3.4s       12 counts
02:42:14    3.4s       12 counts
02:42:14    3.5s       12 counts
02:42:14    3.5s       12 counts
02:42:14    3.6s       11 counts
02:42:14    3.7s       17 counts
02:42:14    3.7s       13 counts
02:42:14    3.8s       15 counts
02:42:14    3.8s       12 counts
02:42:15    3.9s       12 counts
02:42:15    4.0s        8 counts
02:42:15    4.0s       12 counts
02:42:15    4.1s       15 counts
02:42:15    4.1s       11 counts
02:42:15    4.2s       13 counts
02:42:15    4.2s       12 counts
02:42:15    4.3s       17 counts
02:42:15    4.4s       10 counts
02:42:15    4.4s       14 counts
02:42:15    4.5s       10 counts
02:42:15    4.5s       12 counts
02:42:15    4.6s       12 counts
02:42:15    4.6s       14 counts
02:42:15    4.7s       10 counts
02:42:15    4.8s       10 counts
02:42:15    4.8s        8 counts
02:42:16    4.9s       13 counts
02:42:16    4.9s       13 counts
02:42:16    5.0s       12 counts
02:42:16    5.1s       11 counts
02:42:16    5.1s        8 counts
02:42:16    5.2s       15 counts
02:42:16    5.2s       10 counts
02:42:16    5.3s       14 counts
02:42:16    5.4s        8 counts
02:42:16    5.4s       10 counts
02:42:16    5.5s       14 counts
02:42:16    5.5s       13 counts
02:42:16    5.6s       11 counts
02:42:16    5.6s       15 counts
02:42:16    5.7s       14 counts
02:42:16    5.8s       11 counts
02:42:16    5.8s       13 counts
02:42:17    5.9s        8 counts
02:42:17    5.9s       11 counts
02:42:17    6.0s       15 counts
02:42:17    6.1s       11 counts
02:42:17    6.1s       15 counts
02:42:17    6.2s       16 counts
02:42:17    6.3s       11 counts
02:42:17    6.3s        9 counts
02:42:17    6.4s       11 counts
02:42:17    6.4s        9 counts
02:42:17    6.5s       14 counts
02:42:17    6.6s       10 counts
02:42:17    6.6s        8 counts
02:42:17    6.7s       10 counts
02:42:17    6.7s       15 counts
02:42:17    6.8s       14 counts
02:42:17    6.9s        5 counts
02:42:18    6.9s       17 counts
02:42:18    7.0s       11 counts
02:42:18    7.1s        9 counts
02:42:18    7.1s       11 counts
02:42:18    7.2s        8 counts
02:42:18    7.2s        6 counts
02:42:18    7.3s       12 counts
02:42:18    7.3s       10 counts
02:42:18    7.4s       11 counts
02:42:18    7.4s       13 counts
02:42:18    7.5s        9 counts
02:42:18    7.6s       11 counts
02:42:18    7.6s        6 counts
02:42:18    7.7s       10 counts
02:42:18    7.7s       11 counts
02:42:18    7.8s       12 counts
02:42:19    7.9s        8 counts
02:42:19    7.9s        9 counts
02:42:19    8.0s       10 counts
02:42:19    8.0s       13 counts
02:42:19    8.1s        8 counts
02:42:19    8.2s       11 counts
02:42:19    8.2s       11 counts
02:42:19    8.3s       11 counts
02:42:19    8.3s       10 counts
02:42:19    8.4s       12 counts
02:42:19    8.5s       11 counts
02:42:19    8.5s       11 counts
02:42:19    8.6s       14 counts
02:42:19    8.6s        8 counts
02:42:19    8.7s        9 counts
02:42:19    8.8s       10 counts
02:42:19    8.8s       11 counts
02:42:20    8.9s       12 counts
02:42:20    8.9s       10 counts
02:42:20    9.0s       16 counts
02:42:20    9.1s       13 counts
02:42:20    9.1s        8 counts
02:42:20    9.2s        9 counts
02:42:20    9.2s       12 counts
02:42:20    9.3s       12 counts
02:42:20    9.4s       14 counts
02:42:20    9.4s       11 counts
02:42:20    9.5s       13 counts
02:42:20    9.5s       19 counts
02:42:20    9.6s        9 counts
02:42:20    9.6s       14 counts
02:42:20    9.7s       13 counts
02:42:20    9.7s       19 counts
02:42:20    9.8s       15 counts
02:42:20    9.8s       12 counts
02:42:21    9.9s       10 counts
02:42:21    9.9s       14 counts
02:42:21   10.0s       12 counts
02:42:21   10.0s       10 counts
02:42:21   10.1s        9 counts
02:42:21   10.2s       11 counts
02:42:21   10.2s       12 counts
02:42:21   10.3s       16 counts
02:42:21   10.3s        9 counts
02:42:21   10.4s        9 counts
02:42:21   10.5s        4 counts
02:42:21   10.5s       13 counts
02:42:21   10.6s       11 counts
02:42:21   10.6s       11 counts
02:42:21   10.7s        7 counts
02:42:21   10.8s       15 counts
02:42:21   10.8s       10 counts
02:42:22   10.9s        6 counts
02:42:22   10.9s        7 counts
02:42:22   11.0s        9 counts
02:42:22   11.1s       13 counts
02:42:22   11.1s       11 counts
02:42:22   11.2s       11 counts
02:42:22   11.2s       14 counts
02:42:22   11.3s       11 counts
02:42:22   11.4s       12 counts
02:42:22   11.4s       13 counts
02:42:22   11.5s       14 counts
02:42:22   11.5s        9 counts
02:42:22   11.6s       15 counts
02:42:22   11.6s       11 counts
02:42:22   11.7s        5 counts
02:42:22   11.8s        9 counts
02:42:22   11.8s        9 counts
02:42:23   11.9s       10 counts
02:42:23   12.0s       13 counts
02:42:23   12.0s       12 counts
02:42:23   12.1s       11 counts
02:42:23   12.1s        9 counts
02:42:23   12.2s       15 counts
02:42:23   12.2s        9 counts
02:42:23   12.3s        8 counts
02:42:23   12.4s        6 counts
02:42:23   12.4s       15 counts
02:42:23   12.5s        8 counts
02:42:23   12.5s       11 counts
02:42:23   12.6s        9 counts
02:42:23   12.7s        9 counts
02:42:23   12.7s       12 counts
02:42:23   12.8s       11 counts
02:42:23   12.9s        9 counts
02:42:24   12.9s       11 counts
02:42:24   13.0s        7 counts
02:42:24   13.0s        9 counts
02:42:24   13.1s       10 counts
02:42:24   13.2s        9 counts
02:42:24   13.2s       12 counts
02:42:24   13.3s       16 counts
02:42:24   13.3s       14 counts
02:42:24   13.4s       11 counts
02:42:24   13.5s        8 counts
02:42:24   13.5s        6 counts
02:42:24   13.6s       11 counts
02:42:24   13.6s       10 counts
02:42:24   13.7s       11 counts
02:42:24   13.7s       11 counts
02:42:24   13.8s       14 counts
02:42:24   13.9s       10 counts
02:42:25   13.9s        8 counts
02:42:25   14.0s       10 counts
02:42:25   14.1s       15 counts
02:42:25   14.1s        7 counts
02:42:25   14.2s       10 counts
02:42:25   14.2s        8 counts
02:42:25   14.3s       11 counts
02:42:25   14.4s       11 counts
02:42:25   14.4s       10 counts
02:42:25   14.5s        8 counts
02:42:25   14.5s       13 counts
02:42:25   14.6s        9 counts
02:42:25   14.6s       12 counts
02:42:25   14.7s       10 counts
02:42:25   14.7s       10 counts
02:42:25   14.8s       14 counts
02:42:25   14.8s       13 counts
02:42:26   14.9s       13 counts
02:42:26   15.0s       12 counts
02:42:26   15.0s        5 counts
02:42:26   15.1s       11 counts
02:42:26   15.1s       12 counts
02:42:26   15.2s        7 counts
02:42:26   15.2s        8 counts
02:42:26   15.3s       13 counts
02:42:26   15.4s        9 counts
02:42:26   15.4s       14 counts
02:42:26   15.5s       11 counts
02:42:26   15.5s       13 counts
02:42:26   15.6s        8 counts
02:42:26   15.7s       12 counts
02:42:26   15.7s       11 counts
02:42:26   15.8s       10 counts
02:42:26   15.8s       12 counts
02:42:27   15.9s        9 counts
02:42:27   15.9s       13 counts
02:42:27   16.0s       12 counts
02:42:27   16.1s       11 counts
02:42:27   16.1s       14 counts
02:42:27   16.2s        8 counts
02:42:27   16.2s       11 counts
02:42:27   16.3s       15 counts
02:42:27   16.3s        9 counts
02:42:27   16.4s       12 counts
02:42:27   16.5s        8 counts
02:42:27   16.5s        9 counts
02:42:27   16.6s       10 counts
02:42:27   16.6s        8 counts
02:42:27   16.7s       10 counts
02:42:27   16.8s       10 counts
02:42:27   16.8s        9 counts
02:42:27   16.9s       14 counts
02:42:28   16.9s        6 counts
02:42:28   17.0s        5 counts
02:42:28   17.0s        9 counts
02:42:28   17.1s       12 counts
02:42:28   17.1s       13 counts
02:42:28   17.2s        5 counts
02:42:28   17.3s       12 counts
02:42:28   17.3s       13 counts
02:42:28   17.4s       14 counts
02:42:28   17.4s        6 counts
02:42:28   17.5s        8 counts
02:42:28   17.6s       11 counts
02:42:28   17.6s        9 counts
02:42:28   17.7s        9 counts
02:42:28   17.7s       10 counts
02:42:28   17.8s       10 counts
02:42:28   17.8s        6 counts
02:42:29   17.9s       12 counts
02:42:29   18.0s       11 counts
02:42:29   18.0s       11 counts
02:42:29   18.1s       16 counts
02:42:29   18.1s       13 counts
02:42:29   18.2s       14 counts
02:42:29   18.2s        9 counts
02:42:29   18.3s        9 counts
02:42:29   18.3s        8 counts
02:42:29   18.4s       10 counts
02:42:29   18.4s        7 counts
02:42:29   18.5s        9 counts
02:42:29   18.6s        8 counts
02:42:29   18.6s       11 counts
02:42:29   18.7s        8 counts
02:42:29   18.7s        9 counts
02:42:29   18.8s       10 counts
02:42:29   18.8s        8 counts
02:42:30   18.9s       11 counts
02:42:30   19.0s       11 counts
02:42:30   19.0s        6 counts
02:42:30   19.1s       10 counts
02:42:30   19.1s        7 counts
02:42:30   19.2s        7 counts
02:42:30   19.2s        9 counts
02:42:30   19.3s       11 counts
02:42:30   19.3s        7 counts
02:42:30   19.4s        6 counts
02:42:30   19.4s        6 counts
02:42:30   19.5s        7 counts
02:42:30   19.5s        7 counts
02:42:30   19.6s        5 counts
02:42:30   19.6s        3 counts
02:42:30   19.7s        9 counts
02:42:30   19.8s        8 counts
02:42:30   19.8s       11 counts
02:42:30   19.9s        8 counts
02:42:31   19.9s        8 counts
02:42:31   20.0s        8 counts
02:42:31   20.0s        7 counts
02:42:31   20.1s        7 counts
02:42:31   20.1s       10 counts
02:42:31   20.2s        9 counts
02:42:31   20.2s        8 counts
02:42:31   20.3s       13 counts
02:42:31   20.3s        5 counts
02:42:31   20.4s        9 counts
02:42:31   20.5s        9 counts
02:42:31   20.5s        7 counts
02:42:31   20.6s        8 counts
02:42:31   20.6s        2 counts
02:42:31   20.7s        9 counts
02:42:31   20.7s       11 counts
02:42:31   20.8s        8 counts
02:42:31   20.8s        8 counts
02:42:32   20.9s        6 counts
02:42:32   21.0s        9 counts
02:42:32   21.0s       10 counts
02:42:32   21.1s        6 counts
02:42:32   21.1s        3 counts
02:42:32   21.2s        7 counts
02:42:32   21.2s       11 counts
02:42:32   21.3s        7 counts
02:42:32   21.4s        6 counts
02:42:32   21.4s        3 counts
02:42:32   21.5s        6 counts
02:42:32   21.5s       11 counts
02:42:32   21.6s        7 counts
02:42:32   21.7s        7 counts
02:42:32   21.7s        7 counts
02:42:32   21.8s        5 counts
02:42:32   21.8s        6 counts
02:42:33   21.9s        5 counts
02:42:33   21.9s       20 counts
02:42:33   22.0s        6 counts
02:42:33   22.0s        5 counts
02:42:33   22.1s        6 counts
02:42:33   22.2s        3 counts
02:42:33   22.2s        6 counts
02:42:33   22.3s        9 counts
02:42:33   22.3s       10 counts
02:42:33   22.4s        5 counts
02:42:33   22.4s       10 counts
02:42:33   22.5s        9 counts
02:42:33   22.6s       12 counts
02:42:33   22.6s       20 counts
02:42:33   22.7s       12 counts
02:42:33   22.7s       15 counts
02:42:33   22.8s       21 counts
02:42:33   22.8s       10 counts
02:42:34   22.9s       15 counts
02:42:34   23.0s       19 counts
02:42:34   23.0s       15 counts
02:42:34   23.1s       21 counts
02:42:34   23.1s       20 counts
02:42:34   23.2s       19 counts
02:42:34   23.2s       18 counts
02:42:34   23.3s       22 counts
02:42:34   23.4s       16 counts
02:42:34   23.4s       21 counts
02:42:34   23.5s       16 counts
02:42:34   23.5s       13 counts
02:42:34   23.6s       17 counts
02:42:34   23.6s       15 counts
02:42:34   23.7s       14 counts
02:42:34   23.7s       14 counts
02:42:34   23.8s       15 counts
02:42:34   23.8s       19 counts
02:42:35   23.9s       21 counts
02:42:35   23.9s       18 counts
02:42:35   24.0s       19 counts
02:42:35   24.0s       20 counts
02:42:35   24.1s       22 counts
02:42:35   24.2s       23 counts
02:42:35   24.2s       20 counts
02:42:35   24.3s       22 counts
02:42:35   24.3s       21 counts
02:42:35   24.4s       22 counts
02:42:35   24.4s       19 counts
02:42:35   24.5s       22 counts
02:42:35   24.5s       18 counts
02:42:35   24.6s       22 counts
02:42:35   24.7s       25 counts
02:42:35   24.7s       17 counts
02:42:35   24.8s       21 counts
02:42:35   24.8s       22 counts
02:42:36   24.9s       19 counts
02:42:36   25.0s       16 counts
02:42:36   25.0s       20 counts
02:42:36   25.1s       28 counts
02:42:36   25.1s       18 counts
02:42:36   25.2s       21 counts
02:42:36   25.2s       16 counts
02:42:36   25.3s        9 counts
02:42:36   25.4s       20 counts
02:42:36   25.4s       -3 counts
02:42:36   25.5s       -5 counts
02:42:36   25.5s       -3 counts
02:42:36   25.6s       13 counts
02:42:36   25.6s      -10 counts
02:42:36   25.7s        6 counts
02:42:36   25.8s       -1 counts
02:42:36   25.8s       -7 counts
02:42:37   25.9s       17 counts
02:42:37   25.9s       27 counts
02:42:37   26.0s       -1 counts
02:42:37   26.0s       -7 counts
02:42:37   26.1s       33 counts
02:42:37   26.2s        0 counts
02:42:37   26.2s        9 counts
02:42:37   26.3s        0 counts
02:42:37   26.3s       -1 counts
02:42:37   26.4s       -5 counts
02:42:37   26.4s       -2 counts
02:42:37   26.5s       -4 counts
02:42:37   26.6s       -2 counts
02:42:37   26.6s        3 counts
02:42:37   26.7s       -4 counts
02:42:37   26.7s       -1 counts
02:42:37   26.8s       47 counts
02:42:37   26.8s       25 counts
02:42:38   26.9s       30 counts
02:42:38   27.0s       27 counts
02:42:38   27.0s       25 counts
02:42:38   27.1s       28 counts
02:42:38   27.1s       29 counts
02:42:38   27.2s       31 counts
02:42:38   27.2s       25 counts
02:42:38   27.3s       31 counts
02:42:38   27.4s        9 counts
02:42:38   27.4s       11 counts
02:42:38   27.5s       -4 counts
02:42:38   27.5s       -4 counts
02:42:38   27.6s       10 counts
02:42:38   27.6s       -8 counts
02:42:38   27.7s       -6 counts
02:42:38   27.8s      -12 counts
02:42:38   27.8s       -7 counts
02:42:39   27.9s        4 counts
02:42:39   27.9s        4 counts
02:42:39   28.0s       32 counts
02:42:39   28.0s       24 counts
02:42:39   28.1s       10 counts
02:42:39   28.1s       -6 counts
02:42:39   28.2s       -6 counts
02:42:39   28.3s       -3 counts
02:42:39   28.3s       -7 counts
02:42:39   28.4s       -4 counts
02:42:39   28.4s       -1 counts
02:42:39   28.5s       -8 counts
02:42:39   28.5s       -2 counts
02:42:39   28.6s       -5 counts
02:42:39   28.6s        9 counts
02:42:39   28.7s       -5 counts
02:42:39   28.8s       -3 counts
02:42:39   28.8s       -3 counts
02:42:40   28.9s       -5 counts
02:42:40   28.9s        1 counts
02:42:40   29.0s       17 counts
02:42:40   29.0s       16 counts
02:42:40   29.1s       24 counts
02:42:40   29.2s       13 counts
02:42:40   29.2s       -1 counts
02:42:40   29.3s       25 counts
02:42:40   29.3s       26 counts
02:42:40   29.4s       23 counts
02:42:40   29.4s       26 counts
02:42:40   29.5s        8 counts
02:42:40   29.5s        2 counts
02:42:40   29.6s       -5 counts
02:42:40   29.7s       -7 counts
02:42:40   29.7s       -4 counts
02:42:40   29.8s       -4 counts
02:42:40   29.8s       -3 counts
02:42:41   29.9s       -7 counts
02:42:41   29.9s        3 counts
02:42:41   30.0s       -2 counts
02:42:41   30.1s        4 counts
02:42:41   30.1s       -6 counts
02:42:41   30.2s       17 counts
02:42:41   30.2s       20 counts
02:42:41   30.3s       -6 counts
02:42:41   30.3s       15 counts
02:42:41   30.4s       17 counts
02:42:41   30.4s       -7 counts
02:42:41   30.5s       -1 counts
02:42:41   30.6s        4 counts
02:42:41   30.6s       25 counts
02:42:41   30.7s       23 counts
02:42:41   30.7s       18 counts
02:42:41   30.8s       15 counts
02:42:41   30.8s       19 counts
02:42:42   30.9s       14 counts
02:42:42   30.9s       15 counts
02:42:42   31.0s       17 counts
02:42:42   31.1s        7 counts
02:42:42   31.1s       18 counts
02:42:42   31.2s       15 counts
02:42:42   31.2s       18 counts
02:42:42   31.3s       16 counts
02:42:42   31.3s       13 counts
02:42:42   31.4s       12 counts
02:42:42   31.4s        7 counts
02:42:42   31.5s       -2 counts
02:42:42   31.5s       -7 counts
02:42:42   31.6s       -8 counts
02:42:42   31.7s       -2 counts
02:42:42   31.7s       -4 counts
02:42:42   31.8s       -5 counts
02:42:42   31.8s       -0 counts
02:42:43   31.9s       -2 counts
02:42:43   31.9s       -1 counts
02:42:43   32.0s       -4 counts
02:42:43   32.0s       -1 counts
02:42:43   32.1s       -8 counts
02:42:43   32.1s       -7 counts
02:42:43   32.2s       -0 counts
02:42:43   32.2s       -7 counts
02:42:43   32.3s       -9 counts
02:42:43   32.3s       -7 counts
02:42:43   32.4s       -7 counts
02:42:43   32.5s       -4 counts
02:42:43   32.5s       -7 counts
02:42:43   32.6s       -6 counts
02:42:43   32.6s       -4 counts
02:42:43   32.7s       -5 counts
02:42:43   32.7s       -4 counts
02:42:43   32.8s       -2 counts
02:42:43   32.8s        1 counts
02:42:44   32.9s       -3 counts
02:42:44   32.9s       -4 counts
02:42:44   33.0s       -3 counts
02:42:44   33.0s       -5 counts
02:42:44   33.1s       -5 counts
02:42:44   33.2s       -6 counts
02:42:44   33.2s        0 counts
02:42:44   33.3s        0 counts
02:42:44   33.3s       -4 counts
02:42:44   33.4s       -5 counts
02:42:44   33.5s       -9 counts
02:42:44   33.5s       -3 counts
02:42:44   33.6s       -2 counts
02:42:44   33.6s       -4 counts
02:42:44   33.7s       -2 counts
02:42:44   33.7s       10 counts
02:42:44   33.8s        6 counts
02:42:44   33.8s       28 counts
02:42:45   33.9s       16 counts
02:42:45   34.0s       23 counts
02:42:45   34.0s       23 counts
02:42:45   34.1s       20 counts
02:42:45   34.1s        9 counts
02:42:45   34.2s       15 counts
02:42:45   34.2s       12 counts
02:42:45   34.3s       -1 counts
02:42:45   34.3s       -5 counts
02:42:45   34.4s       -3 counts
02:42:45   34.5s       -5 counts
02:42:45   34.5s      -10 counts
02:42:45   34.6s       -1 counts
02:42:45   34.6s       -4 counts
02:42:45   34.7s       -2 counts
02:42:45   34.7s        9 counts
02:42:45   34.8s       12 counts
02:42:45   34.8s       26 counts
02:42:46   34.9s       20 counts
02:42:46   35.0s       11 counts
02:42:46   35.0s       14 counts
02:42:46   35.1s       19 counts
02:42:46   35.1s       18 counts
02:42:46   35.2s       16 counts
02:42:46   35.2s       17 counts
02:42:46   35.3s       18 counts
02:42:46   35.3s       13 counts
02:42:46   35.4s       15 counts
02:42:46   35.5s       10 counts
02:42:46   35.5s       16 counts
02:42:46   35.6s       23 counts
02:42:46   35.6s       16 counts
02:42:46   35.7s       24 counts
02:42:46   35.7s       15 counts
02:42:46   35.8s       20 counts
02:42:46   35.9s       18 counts
02:42:47   35.9s       18 counts
02:42:47   36.0s       14 counts
02:42:47   36.0s       18 counts
02:42:47   36.1s       21 counts
02:42:47   36.1s       17 counts
02:42:47   36.2s       14 counts
02:42:47   36.2s       14 counts
02:42:47   36.3s       20 counts
02:42:47   36.4s       16 counts
02:42:47   36.4s       14 counts
02:42:47   36.5s       15 counts
02:42:47   36.5s       20 counts
02:42:47   36.6s       14 counts
02:42:47   36.6s       19 counts
02:42:47   36.7s       15 counts
02:42:47   36.7s       14 counts
02:42:47   36.8s       15 counts
02:42:47   36.9s       14 counts
02:42:48   36.9s       11 counts
02:42:48   37.0s       16 counts
02:42:48   37.0s        9 counts
02:42:48   37.1s       16 counts
02:42:48   37.1s       19 counts
02:42:48   37.2s       16 counts
02:42:48   37.3s       10 counts
02:42:48   37.3s       10 counts
02:42:48   37.4s       19 counts
02:42:48   37.4s       10 counts
02:42:48   37.5s       14 counts
02:42:48   37.5s       10 counts
02:42:48   37.6s       11 counts
02:42:48   37.7s       -3 counts
02:42:48   37.7s       -7 counts
02:42:48   37.8s       -7 counts
02:42:48   37.8s       -5 counts
02:42:49   37.9s       -8 counts
02:42:49   37.9s       -2 counts
02:42:49   38.0s       -3 counts
02:42:49   38.0s       -1 counts
02:42:49   38.1s       -7 counts
02:42:49   38.1s       -2 counts
02:42:49   38.2s       -1 counts
02:42:49   38.3s       -9 counts
02:42:49   38.3s       -9 counts
02:42:49   38.4s       -0 counts
02:42:49   38.4s        3 counts
02:42:49   38.5s       -7 counts
02:42:49   38.6s      -11 counts
02:42:49   38.6s       -3 counts
02:42:49   38.7s       -1 counts
02:42:49   38.7s       -5 counts
02:42:49   38.8s       -4 counts
02:42:49   38.8s        0 counts
02:42:50   38.9s       -8 counts
02:42:50   38.9s       -7 counts
02:42:50   39.0s       -5 counts
02:42:50   39.1s       -4 counts
02:42:50   39.1s       -4 counts
02:42:50   39.2s       -7 counts
02:42:50   39.2s       -2 counts
02:42:50   39.3s       -3 counts
02:42:50   39.3s       -9 counts
02:42:50   39.4s       -3 counts
02:42:50   39.5s       -8 counts
02:42:50   39.5s       -5 counts
02:42:50   39.6s       -4 counts
02:42:50   39.6s       -9 counts
02:42:50   39.7s       -2 counts
02:42:50   39.8s       -7 counts
02:42:50   39.8s       -7 counts
02:42:50   39.9s       -8 counts
02:42:51   39.9s       -4 counts
02:42:51   40.0s       -9 counts
02:42:51   40.0s        2 counts
02:42:51   40.1s       -2 counts
02:42:51   40.1s       -1 counts
02:42:51   40.2s       -4 counts
02:42:51   40.3s       -2 counts
02:42:51   40.3s       -8 counts
02:42:51   40.4s       -9 counts
02:42:51   40.4s       -9 counts
02:42:51   40.5s       -5 counts
02:42:51   40.5s      -10 counts
02:42:51   40.6s      -11 counts
02:42:51   40.7s       -5 counts
02:42:51   40.7s       -3 counts
02:42:51   40.8s       -5 counts
02:42:51   40.8s       -6 counts
02:42:52   40.9s       -6 counts
02:42:52   40.9s       -8 counts
02:42:52   41.0s       -4 counts
02:42:52   41.0s       -5 counts
02:42:52   41.1s       -0 counts
02:42:52   41.2s       -5 counts
02:42:52   41.2s       -6 counts
02:42:52   41.3s       -1 counts
02:42:52   41.3s       -9 counts
02:42:52   41.4s       -4 counts
02:42:52   41.4s       -2 counts
02:42:52   41.5s       -1 counts
02:42:52   41.6s       -3 counts
02:42:52   41.6s       -4 counts
02:42:52   41.7s       -9 counts
02:42:52   41.7s       -7 counts
02:42:52   41.8s       -7 counts
02:42:52   41.8s      -15 counts
02:42:53   41.9s       -9 counts
02:42:53   42.0s      -10 counts
02:42:53   42.0s      -10 counts
02:42:53   42.1s       -0 counts
02:42:53   42.1s       -1 counts
02:42:53   42.2s       -3 counts
02:42:53   42.2s       -4 counts
02:42:53   42.3s       -6 counts
02:42:53   42.4s       -5 counts
02:42:53   42.4s       -7 counts
02:42:53   42.5s       -3 counts
02:42:53   42.5s       -8 counts
02:42:53   42.6s       -5 counts
02:42:53   42.6s      -13 counts
02:42:53   42.7s       -3 counts
02:42:53   42.8s       -7 counts
02:42:53   42.8s      -12 counts
02:42:54   42.9s       -2 counts
02:42:54   42.9s       -4 counts
02:42:54   43.0s       -7 counts
02:42:54   43.0s       -5 counts
02:42:54   43.1s       -4 counts
02:42:54   43.2s       -6 counts
02:42:54   43.2s       -5 counts
02:42:54   43.3s      -12 counts
02:42:54   43.3s       -9 counts
02:42:54   43.4s      -11 counts
02:42:54   43.4s       -5 counts
02:42:54   43.5s       -7 counts
02:42:54   43.5s       -3 counts
02:42:54   43.6s       -8 counts
02:42:54   43.7s        0 counts
02:42:54   43.7s       -6 counts
02:42:54   43.8s       -5 counts
02:42:54   43.8s        2 counts
02:42:55   43.9s      -11 counts
02:42:55   43.9s       -9 counts
02:42:55   44.0s       -1 counts
02:42:55   44.1s       -5 counts
02:42:55   44.1s       -4 counts
02:42:55   44.2s       -5 counts
02:42:55   44.2s       -6 counts
02:42:55   44.3s       -0 counts
02:42:55   44.3s       -9 counts
02:42:55   44.4s       -5 counts
02:42:55   44.4s       -9 counts
02:42:55   44.5s       -7 counts
02:42:55   44.6s       -0 counts
02:42:55   44.6s       -8 counts
02:42:55   44.7s       -9 counts
02:42:55   44.7s       -9 counts
02:42:55   44.8s       -5 counts
02:42:55   44.8s       -6 counts
02:42:56   44.9s       -7 counts
02:42:56   45.0s       -5 counts
02:42:56   45.0s       -2 counts
02:42:56   45.1s       -3 counts
02:42:56   45.1s       -4 counts
02:42:56   45.2s       -5 counts
02:42:56   45.2s       -3 counts
02:42:56   45.3s       -5 counts
02:42:56   45.3s       -6 counts
02:42:56   45.4s       -3 counts
02:42:56   45.5s       -5 counts
02:42:56   45.5s       -2 counts
02:42:56   45.6s       -3 counts
02:42:56   45.6s       -2 counts
02:42:56   45.7s       -5 counts
02:42:56   45.7s       -8 counts
02:42:56   45.8s       -6 counts
02:42:56   45.9s       -3 counts
02:42:57   45.9s      -10 counts
02:42:57   46.0s       -5 counts
02:42:57   46.0s       -5 counts
02:42:57   46.1s       -4 counts
02:42:57   46.1s       -5 counts
02:42:57   46.2s       -4 counts
02:42:57   46.3s       -5 counts
02:42:57   46.3s       -6 counts
02:42:57   46.4s       -2 counts
02:42:57   46.4s       -2 counts
02:42:57   46.5s       -6 counts
02:42:57   46.5s       -6 counts
02:42:57   46.6s       -5 counts
02:42:57   46.6s       -4 counts
02:42:57   46.7s       -5 counts
02:42:57   46.8s       -4 counts
02:42:57   46.8s       -4 counts
02:42:58   46.9s       -3 counts
02:42:58   46.9s       -1 counts
02:42:58   47.0s       -3 counts
02:42:58   47.1s       -1 counts
02:42:58   47.1s       -2 counts
02:42:58   47.2s       -5 counts
02:42:58   47.2s       -6 counts
02:42:58   47.3s       -8 counts
02:42:58   47.4s       -3 counts
02:42:58   47.4s       -7 counts
02:42:58   47.5s       -9 counts
02:42:58   47.5s       -2 counts
02:42:58   47.6s       -5 counts
02:42:58   47.6s       -2 counts
02:42:58   47.7s       -2 counts
02:42:58   47.8s       -5 counts
02:42:58   47.8s       -8 counts
02:42:58   47.9s       -4 counts
02:42:59   47.9s       -2 counts
02:42:59   48.0s       -5 counts
02:42:59   48.0s       -5 counts
02:42:59   48.1s       -6 counts
02:42:59   48.1s       -5 counts
02:42:59   48.2s       -4 counts
02:42:59   48.2s       -3 counts
02:42:59   48.3s       -3 counts
02:42:59   48.3s       -6 counts
02:42:59   48.4s       -9 counts
02:42:59   48.4s       -5 counts
02:42:59   48.5s       -4 counts
02:42:59   48.6s       -6 counts
02:42:59   48.6s       -3 counts
02:42:59   48.7s       -7 counts
02:42:59   48.7s        1 counts
02:42:59   48.8s       -5 counts
02:42:59   48.8s       -4 counts
02:43:00   48.9s        0 counts
02:43:00   49.0s       -5 counts
02:43:00   49.0s       -5 counts
02:43:00   49.1s       -4 counts
02:43:00   49.1s       -5 counts
02:43:00   49.2s       -9 counts
02:43:00   49.2s       -5 counts
02:43:00   49.3s       -4 counts
02:43:00   49.4s       -6 counts
02:43:00   49.4s       -4 counts
02:43:00   49.5s       -7 counts
02:43:00   49.5s       -3 counts
02:43:00   49.6s       -3 counts
02:43:00   49.6s       -4 counts
02:43:00   49.7s        0 counts
02:43:00   49.8s       -7 counts
02:43:00   49.8s       -4 counts
02:43:01   49.9s       -4 counts
02:43:01   49.9s       -6 counts
02:43:01   50.0s       -5 counts
02:43:01   50.0s       -7 counts
02:43:01   50.1s       -7 counts
02:43:01   50.2s       -2 counts
02:43:01   50.2s       -6 counts
02:43:01   50.3s       -5 counts
02:43:01   50.3s       -6 counts
02:43:01   50.4s       -6 counts
02:43:01   50.4s       -6 counts
02:43:01   50.5s       -8 counts
02:43:01   50.5s       -5 counts
02:43:01   50.6s       -8 counts
02:43:01   50.7s       -3 counts
02:43:01   50.7s       -6 counts
02:43:01   50.8s       -1 counts
02:43:01   50.8s       -3 counts
02:43:02   50.9s       -3 counts
02:43:02   50.9s       -3 counts
02:43:02   51.0s       -3 counts
02:43:02   51.0s       -8 counts
02:43:02   51.1s       -4 counts
02:43:02   51.1s       -4 counts
02:43:02   51.2s       -5 counts
02:43:02   51.2s       -4 counts
02:43:02   51.3s       -2 counts
02:43:02   51.3s       -4 counts
02:43:02   51.4s       -3 counts
02:43:02   51.5s       -6 counts
02:43:02   51.5s       -7 counts
02:43:02   51.6s       -9 counts
02:43:02   51.6s       -4 counts
02:43:02   51.7s       -6 counts
02:43:02   51.7s       -7 counts
02:43:02   51.8s       -6 counts
02:43:02   51.8s       -4 counts
02:43:03   51.9s       -4 counts
02:43:03   51.9s       -6 counts
02:43:03   52.0s       -6 counts
02:43:03   52.0s       -1 counts
02:43:03   52.1s       -7 counts
02:43:03   52.1s       -6 counts
02:43:03   52.2s       -7 counts
02:43:03   52.3s       -8 counts
02:43:03   52.3s       -2 counts
02:43:03   52.4s       -8 counts
02:43:03   52.4s       -6 counts
02:43:03   52.5s      -10 counts
02:43:03   52.5s       -7 counts
02:43:03   52.6s       -6 counts
02:43:03   52.7s       -4 counts
02:43:03   52.7s       -3 counts
02:43:03   52.8s       -7 counts
02:43:03   52.8s       -3 counts
02:43:03   52.9s       -7 counts
02:43:04   52.9s       -3 counts
02:43:04   53.0s       -6 counts
02:43:04   53.0s       -1 counts
02:43:04   53.1s       -4 counts
02:43:04   53.1s       -3 counts
02:43:04   53.2s       -4 counts
02:43:04   53.2s       -7 counts
02:43:04   53.3s       -3 counts
02:43:04   53.4s       -5 counts
02:43:04   53.4s       -5 counts
02:43:04   53.5s       -5 counts
02:43:04   53.5s        0 counts
02:43:04   53.6s       -3 counts
02:43:04   53.6s       -6 counts
02:43:04   53.7s       -5 counts
02:43:04   53.7s       -7 counts
02:43:04   53.8s       -6 counts
02:43:04   53.8s       -6 counts
02:43:05   53.9s       -7 counts
02:43:05   54.0s       -4 counts
02:43:05   54.0s       -4 counts
02:43:05   54.1s       -5 counts
02:43:05   54.1s       -4 counts
02:43:05   54.2s       -7 counts
02:43:05   54.2s       -6 counts
02:43:05   54.3s       -7 counts
02:43:05   54.3s       -3 counts
02:43:05   54.4s       -4 counts
02:43:05   54.4s       -1 counts
02:43:05   54.5s       -3 counts
02:43:05   54.6s       -8 counts
02:43:05   54.6s       -4 counts
02:43:05   54.7s       -2 counts
02:43:05   54.7s       -3 counts
02:43:05   54.8s       -3 counts
02:43:05   54.8s       -5 counts
02:43:06   54.9s       -6 counts
02:43:06   54.9s       -1 counts
02:43:06   55.0s       -3 counts
02:43:06   55.1s       -4 counts
02:43:06   55.1s       -6 counts
02:43:06   55.2s       -7 counts
02:43:06   55.2s       -8 counts
02:43:06   55.3s       -7 counts
02:43:06   55.4s       -4 counts
02:43:06   55.4s       -6 counts
02:43:06   55.5s       -7 counts
02:43:06   55.5s       -8 counts
02:43:06   55.6s       -3 counts
02:43:06   55.7s       -5 counts
02:43:06   55.7s       -4 counts
02:43:06   55.8s       -1 counts
02:43:06   55.8s       -5 counts
02:43:07   55.9s       -4 counts
02:43:07   55.9s       -7 counts
02:43:07   56.0s       -4 counts
02:43:07   56.1s       -2 counts
02:43:07   56.1s       -8 counts
02:43:07   56.2s       -7 counts
02:43:07   56.2s       -7 counts
02:43:07   56.3s       -5 counts
02:43:07   56.3s        0 counts
02:43:07   56.4s       -7 counts
02:43:07   56.4s       -5 counts
02:43:07   56.5s       -3 counts
02:43:07   56.5s       -5 counts
02:43:07   56.6s       -2 counts
02:43:07   56.7s       -8 counts
02:43:07   56.7s       -2 counts
02:43:07   56.8s       -8 counts
02:43:07   56.8s       -6 counts
02:43:08   56.9s       -3 counts
02:43:08   56.9s       -6 counts
02:43:08   57.0s       -4 counts
02:43:08   57.1s       -3 counts
02:43:08   57.1s      -10 counts
02:43:08   57.2s       -4 counts
02:43:08   57.2s       -5 counts
02:43:08   57.3s       -7 counts
02:43:08   57.4s       -7 counts
02:43:08   57.4s       -2 counts
02:43:08   57.5s       -3 counts
02:43:08   57.5s       -2 counts
02:43:08   57.6s       -7 counts
02:43:08   57.6s       -4 counts
02:43:08   57.7s       -6 counts
02:43:08   57.8s       -6 counts
02:43:08   57.8s       -3 counts
02:43:09   57.9s       -6 counts
02:43:09   57.9s       -1 counts
02:43:09   58.0s       -8 counts
02:43:09   58.1s       -3 counts
02:43:09   58.1s       -6 counts
02:43:09   58.2s       -7 counts
02:43:09   58.2s       -4 counts
02:43:09   58.3s       -6 counts
02:43:09   58.3s       -4 counts
02:43:09   58.4s       -7 counts
02:43:09   58.4s       -5 counts
02:43:09   58.5s       -5 counts
02:43:09   58.6s       -6 counts
02:43:09   58.6s       -9 counts
02:43:09   58.7s       -6 counts
02:43:09   58.7s       -5 counts
02:43:09   58.8s       -3 counts
02:43:09   58.8s       -6 counts
02:43:10   58.9s       -9 counts
02:43:10   58.9s       -5 counts
02:43:10   59.0s       -7 counts
02:43:10   59.1s       -3 counts
02:43:10   59.1s       -7 counts
02:43:10   59.2s       -7 counts
02:43:10   59.2s       -7 counts
02:43:10   59.3s       -7 counts
02:43:10   59.3s      -11 counts
02:43:10   59.4s       -3 counts
02:43:10   59.4s       -8 counts
02:43:10   59.5s       -5 counts
02:43:10   59.6s       -2 counts
02:43:10   59.6s      -13 counts
02:43:10   59.7s       -2 counts
02:43:10   59.7s        1 counts
02:43:10   59.8s       -1 counts
02:43:10   59.8s      -11 counts
02:43:11   59.9s       -8 counts
02:43:11   59.9s       -2 counts
02:43:11   60.0s       -5 counts
02:43:11   60.1s        0 counts
02:43:11   60.1s       -6 counts
02:43:11   60.2s      -10 counts
02:43:11   60.2s       -7 counts
02:43:11   60.3s       -6 counts
02:43:11   60.4s       -5 counts
02:43:11   60.4s      -12 counts
02:43:11   60.5s       -4 counts
02:43:11   60.5s      -10 counts
02:43:11   60.6s       -9 counts
02:43:11   60.6s       -8 counts
02:43:11   60.7s       -5 counts
02:43:11   60.8s       -2 counts
02:43:11   60.8s       -6 counts
02:43:12   60.9s       -1 counts
02:43:12   60.9s       -4 counts
02:43:12   61.0s       -5 counts
02:43:12   61.0s       -3 counts
02:43:12   61.1s       -8 counts
02:43:12   61.2s        2 counts
02:43:12   61.2s      -10 counts
02:43:12   61.3s       -5 counts
02:43:12   61.3s      -12 counts
02:43:12   61.4s       -5 counts
02:43:12   61.4s       -5 counts
02:43:12   61.5s       -8 counts
02:43:12   61.6s       -8 counts
02:43:12   61.6s       -3 counts
02:43:12   61.7s       -6 counts
02:43:12   61.7s       -3 counts
02:43:12   61.8s      -11 counts
02:43:12   61.8s       -6 counts
02:43:13   61.9s       -7 counts
02:43:13   61.9s       -5 counts
02:43:13   62.0s       -2 counts
02:43:13   62.1s      -11 counts
02:43:13   62.1s       -6 counts
02:43:13   62.2s       -1 counts
02:43:13   62.2s       -6 counts
02:43:13   62.3s       -6 counts
02:43:13   62.3s      -13 counts
02:43:13   62.4s       -3 counts
02:43:13   62.4s       -7 counts
02:43:13   62.5s       -2 counts
02:43:13   62.6s       -5 counts
02:43:13   62.6s        5 counts
02:43:13   62.7s       -3 counts
02:43:13   62.7s       -5 counts
02:43:13   62.8s        1 counts
02:43:13   62.8s       -8 counts
02:43:14   62.9s       -8 counts
02:43:14   63.0s       -2 counts
02:43:14   63.0s       -3 counts
02:43:14   63.1s       -2 counts
02:43:14   63.1s       -5 counts
02:43:14   63.2s       -4 counts
02:43:14   63.2s       -6 counts
02:43:14   63.3s       -9 counts
02:43:14   63.3s       -0 counts
02:43:14   63.4s       -4 counts
02:43:14   63.4s       -6 counts
02:43:14   63.5s       -3 counts
02:43:14   63.6s      -10 counts
02:43:14   63.6s       -0 counts
02:43:14   63.7s       -1 counts
02:43:14   63.7s       -6 counts
02:43:14   63.8s      -10 counts
02:43:14   63.8s       -5 counts
02:43:15   63.9s       -0 counts
02:43:15   64.0s      -12 counts
02:43:15   64.0s       -7 counts
02:43:15   64.1s        1 counts
02:43:15   64.1s       -7 counts
02:43:15   64.2s       -7 counts
02:43:15   64.2s      -10 counts
02:43:15   64.3s       -1 counts
02:43:15   64.3s       -2 counts
02:43:15   64.4s      -10 counts
02:43:15   64.5s       -9 counts
02:43:15   64.5s       -8 counts
02:43:15   64.6s       -1 counts
02:43:15   64.6s       -6 counts
02:43:15   64.7s       -7 counts
02:43:15   64.8s       -6 counts
02:43:15   64.8s       -6 counts
02:43:15   64.9s       -3 counts
02:43:16   64.9s       -2 counts
02:43:16   65.0s      -10 counts
02:43:16   65.0s       -5 counts
02:43:16   65.1s       -4 counts
02:43:16   65.1s       -9 counts
02:43:16   65.2s       -1 counts
02:43:16   65.3s       -5 counts
02:43:16   65.3s       -4 counts
02:43:16   65.4s       -2 counts
02:43:16   65.4s        0 counts
02:43:16   65.5s       -8 counts
02:43:16   65.6s       -1 counts
02:43:16   65.6s       -7 counts
02:43:16   65.7s       -3 counts
02:43:16   65.7s       -7 counts
02:43:16   65.8s       -8 counts
02:43:16   65.8s       -6 counts
02:43:17   65.9s       -4 counts
02:43:17   65.9s       -2 counts
02:43:17   66.0s       -6 counts
02:43:17   66.1s       -8 counts
02:43:17   66.1s       -2 counts
02:43:17   66.2s       -4 counts
02:43:17   66.2s       -2 counts
02:43:17   66.3s       -3 counts
02:43:17   66.3s       -6 counts
02:43:17   66.4s        1 counts
02:43:17   66.4s       -5 counts
02:43:17   66.5s       -7 counts
02:43:17   66.6s       -8 counts
02:43:17   66.6s      -12 counts
02:43:17   66.7s       -2 counts
02:43:17   66.7s       -5 counts
02:43:17   66.8s       -4 counts
02:43:17   66.8s      -12 counts
02:43:18   66.9s        2 counts
02:43:18   66.9s       -4 counts
02:43:18   67.0s       -4 counts
02:43:18   67.1s       -4 counts
02:43:18   67.1s      -11 counts
02:43:18   67.2s       -6 counts
02:43:18   67.2s        3 counts
02:43:18   67.3s       -4 counts
02:43:18   67.3s       -9 counts
02:43:18   67.4s      -10 counts
02:43:18   67.4s      -11 counts
02:43:18   67.5s       -7 counts
02:43:18   67.6s       -7 counts
02:43:18   67.6s       -4 counts
02:43:18   67.7s       -8 counts
02:43:18   67.7s       -5 counts
02:43:18   67.8s       -4 counts
02:43:18   67.9s       -4 counts
02:43:19   67.9s       -4 counts
02:43:19   68.0s       -5 counts
02:43:19   68.0s       -1 counts
02:43:19   68.1s       -5 counts
02:43:19   68.1s       -5 counts
02:43:19   68.2s       -3 counts
02:43:19   68.2s       -3 counts
02:43:19   68.3s       -6 counts
02:43:19   68.3s       -2 counts
02:43:19   68.4s       -1 counts
02:43:19   68.4s       -3 counts
02:43:19   68.5s       -7 counts
02:43:19   68.6s       -8 counts
02:43:19   68.6s        0 counts
02:43:19   68.7s       -0 counts
02:43:19   68.7s       -7 counts
02:43:19   68.8s       -6 counts
02:43:19   68.8s       -6 counts
02:43:20   68.9s       -1 counts
02:43:20   69.0s       -4 counts
02:43:20   69.0s      -11 counts
02:43:20   69.1s      -13 counts
02:43:20   69.1s       -4 counts
02:43:20   69.2s       -9 counts
02:43:20   69.2s       -1 counts
02:43:20   69.3s       -6 counts
02:43:20   69.3s       -0 counts
02:43:20   69.4s       -2 counts
02:43:20   69.4s       -3 counts
02:43:20   69.5s       -1 counts
02:43:20   69.6s      -15 counts
02:43:20   69.6s       -4 counts
02:43:20   69.7s       -7 counts
02:43:20   69.7s       -6 counts
02:43:20   69.8s       -3 counts
02:43:20   69.8s       -3 counts
02:43:21   69.9s       -5 counts
02:43:21   70.0s       -9 counts
02:43:21   70.0s       -6 counts
02:43:21   70.1s       -2 counts
02:43:21   70.1s       -8 counts
02:43:21   70.2s       -9 counts
02:43:21   70.2s       -7 counts
02:43:21   70.3s       -4 counts
02:43:21   70.3s       -1 counts
02:43:21   70.4s       -4 counts
02:43:21   70.5s       -5 counts
02:43:21   70.5s        0 counts
02:43:21   70.6s       -6 counts
02:43:21   70.6s       -4 counts
02:43:21   70.7s       -7 counts
02:43:21   70.7s       -9 counts
02:43:21   70.8s       -6 counts
02:43:21   70.8s       -1 counts
02:43:22   70.9s       -5 counts
02:43:22   71.0s       -5 counts
02:43:22   71.0s       -8 counts
02:43:22   71.1s       -4 counts
02:43:22   71.1s       -3 counts
02:43:22   71.2s       -7 counts
02:43:22   71.2s       -7 counts
02:43:22   71.3s       -4 counts
02:43:22   71.3s        3 counts
02:43:22   71.4s       -2 counts
02:43:22   71.5s        0 counts
02:43:22   71.5s       -8 counts
02:43:22   71.6s       -4 counts
02:43:22   71.6s       -8 counts
02:43:22   71.7s        2 counts
02:43:22   71.7s       -2 counts
02:43:22   71.8s       -6 counts
02:43:22   71.9s      -10 counts
02:43:23   71.9s       -9 counts
02:43:23   72.0s       -4 counts
02:43:23   72.0s       -5 counts
02:43:23   72.1s       -5 counts
02:43:23   72.1s        1 counts
02:43:23   72.2s       -4 counts
02:43:23   72.2s       -7 counts
02:43:23   72.3s       -4 counts
02:43:23   72.3s       -8 counts
02:43:23   72.4s       -1 counts
02:43:23   72.5s       -3 counts
02:43:23   72.5s       -2 counts
02:43:23   72.6s       -5 counts
02:43:23   72.6s       -9 counts
02:43:23   72.7s       -1 counts
02:43:23   72.7s       -3 counts
02:43:23   72.8s      -11 counts
02:43:23   72.8s       -8 counts
02:43:24   72.9s       -6 counts
02:43:24   73.0s       -5 counts
02:43:24   73.0s        2 counts
02:43:24   73.1s       -7 counts
02:43:24   73.1s       -1 counts
02:43:24   73.2s       -2 counts
02:43:24   73.2s       -7 counts
02:43:24   73.3s       -5 counts
02:43:24   73.3s       -5 counts
02:43:24   73.4s       -4 counts
02:43:24   73.5s       -5 counts
02:43:24   73.5s       -6 counts
02:43:24   73.6s       -7 counts
02:43:24   73.6s       -9 counts
02:43:24   73.7s       -5 counts
02:43:24   73.7s       -5 counts
02:43:24   73.8s       -5 counts
02:43:24   73.9s       -7 counts
02:43:25   73.9s       -3 counts
02:43:25   74.0s       -3 counts
02:43:25   74.0s       -1 counts
02:43:25   74.1s       -5 counts
02:43:25   74.1s       -5 counts
02:43:25   74.2s       -6 counts
02:43:25   74.2s       -6 counts
02:43:25   74.3s       -3 counts
02:43:25   74.3s       -6 counts
02:43:25   74.4s       -4 counts
02:43:25   74.4s       -2 counts
02:43:25   74.5s       -4 counts
02:43:25   74.5s       -5 counts
02:43:25   74.6s       -4 counts
02:43:25   74.6s       -8 counts
02:43:25   74.7s       -4 counts
02:43:25   74.7s       -4 counts
02:43:25   74.8s       -7 counts
02:43:25   74.8s       -5 counts
02:43:26   74.9s       -2 counts
02:43:26   75.0s       -2 counts
02:43:26   75.0s       -6 counts
02:43:26   75.1s       -1 counts
02:43:26   75.1s       -3 counts
02:43:26   75.2s       -3 counts
02:43:26   75.2s       -6 counts
02:43:26   75.3s       -4 counts
02:43:26   75.3s       -7 counts
02:43:26   75.4s       -9 counts
02:43:26   75.4s       -3 counts
02:43:26   75.5s       -7 counts
02:43:26   75.5s       -5 counts
02:43:26   75.6s      -10 counts
02:43:26   75.7s       -3 counts
02:43:26   75.7s       -5 counts
02:43:26   75.8s       -5 counts
02:43:26   75.8s       -1 counts
02:43:27   75.9s       -8 counts
02:43:27   75.9s       -9 counts
02:43:27   76.0s       -7 counts
02:43:27   76.1s       -6 counts
02:43:27   76.1s       -5 counts
02:43:27   76.2s      -10 counts
02:43:27   76.2s       -5 counts
02:43:27   76.3s       -7 counts
02:43:27   76.3s       -0 counts
02:43:27   76.4s       -5 counts
02:43:27   76.4s       -9 counts
02:43:27   76.5s       -1 counts
02:43:27   76.6s       -7 counts
02:43:27   76.6s      -10 counts
02:43:27   76.7s       -5 counts
02:43:27   76.7s       -2 counts
02:43:27   76.8s       -8 counts
02:43:27   76.9s       -6 counts
02:43:28   76.9s       -8 counts
02:43:28   77.0s       -3 counts
02:43:28   77.0s       -9 counts
02:43:28   77.1s       -6 counts
02:43:28   77.1s       -3 counts
02:43:28   77.2s       -6 counts
02:43:28   77.2s       -1 counts
02:43:28   77.3s       -2 counts
02:43:28   77.3s       -3 counts
02:43:28   77.4s       -8 counts
02:43:28   77.4s       -3 counts
02:43:28   77.5s       -3 counts
02:43:28   77.5s       -7 counts
02:43:28   77.6s       -4 counts
02:43:28   77.7s       -6 counts
02:43:28   77.7s       -5 counts
02:43:28   77.8s       -7 counts
02:43:28   77.8s       -5 counts
02:43:29   77.9s       -1 counts
02:43:29   77.9s       -6 counts
02:43:29   78.0s       -6 counts
02:43:29   78.1s       -5 counts
02:43:29   78.1s       -2 counts
02:43:29   78.2s       -5 counts
02:43:29   78.2s       -7 counts
02:43:29   78.3s        0 counts
02:43:29   78.3s       -3 counts
02:43:29   78.4s       -5 counts
02:43:29   78.4s       -7 counts
02:43:29   78.5s       -3 counts
02:43:29   78.6s       -1 counts
02:43:29   78.6s       -5 counts
02:43:29   78.7s       -7 counts
02:43:29   78.7s       -7 counts
02:43:29   78.8s       -9 counts
02:43:29   78.8s       -5 counts
02:43:30   78.9s       -5 counts
02:43:30   78.9s       -2 counts
02:43:30   79.0s       -7 counts
02:43:30   79.0s       -4 counts
02:43:30   79.1s       -8 counts
02:43:30   79.2s       -3 counts
02:43:30   79.2s       -6 counts
02:43:30   79.3s       -4 counts
02:43:30   79.3s       -5 counts
02:43:30   79.4s       -4 counts
02:43:30   79.4s       -2 counts
02:43:30   79.5s       -7 counts
02:43:30   79.5s       -6 counts
02:43:30   79.6s       -5 counts
02:43:30   79.7s       -4 counts
02:43:30   79.7s       -5 counts
02:43:30   79.8s       -7 counts
02:43:30   79.8s       -5 counts
02:43:31   79.9s       -6 counts
02:43:31   79.9s       -6 counts
02:43:31   80.0s       -5 counts
02:43:31   80.0s       -7 counts
02:43:31   80.1s       -4 counts
02:43:31   80.1s       -3 counts
02:43:31   80.2s       -4 counts
02:43:31   80.3s       -7 counts
02:43:31   80.3s       -7 counts
02:43:31   80.4s       -7 counts
02:43:31   80.4s       -8 counts
02:43:31   80.5s       -6 counts
02:43:31   80.5s       -5 counts
02:43:31   80.6s       -3 counts
02:43:31   80.7s       -6 counts
02:43:31   80.7s       -3 counts
02:43:31   80.8s       -6 counts
02:43:31   80.8s       -0 counts
02:43:32   80.9s       -4 counts
02:43:32   80.9s       -2 counts
02:43:32   81.0s       -9 counts
02:43:32   81.1s       -6 counts
02:43:32   81.1s       -7 counts
02:43:32   81.2s       -8 counts
02:43:32   81.2s       -6 counts
02:43:32   81.3s       -5 counts
02:43:32   81.3s       -8 counts
02:43:32   81.4s        0 counts
02:43:32   81.5s       -3 counts
02:43:32   81.5s       -7 counts
02:43:32   81.6s       -3 counts
02:43:32   81.6s       -7 counts
02:43:32   81.7s       -5 counts
02:43:32   81.7s       -2 counts
02:43:32   81.8s      -10 counts
02:43:32   81.8s       -8 counts
02:43:33   81.9s       -5 counts
02:43:33   81.9s       -1 counts
02:43:33   82.0s       -4 counts
02:43:33   82.1s       -6 counts
02:43:33   82.1s       -4 counts
02:43:33   82.2s       -8 counts
02:43:33   82.2s       -5 counts
02:43:33   82.3s       -3 counts
02:43:33   82.3s      -12 counts
02:43:33   82.4s       -1 counts
02:43:33   82.4s       -4 counts
02:43:33   82.5s       -1 counts
02:43:33   82.5s       -5 counts
02:43:33   82.6s      -10 counts
02:43:33   82.7s       -1 counts
02:43:33   82.7s       -5 counts
02:43:33   82.8s       -4 counts
02:43:33   82.8s       -3 counts
02:43:34   82.9s       -4 counts
02:43:34   82.9s       -4 counts
02:43:34   83.0s       -2 counts
02:43:34   83.0s       -4 counts
02:43:34   83.1s       -4 counts
02:43:34   83.2s       -4 counts
02:43:34   83.2s       -6 counts
02:43:34   83.3s       -7 counts
02:43:34   83.3s       -7 counts
02:43:34   83.4s       -7 counts
02:43:34   83.4s       -6 counts
02:43:34   83.5s       -6 counts
02:43:34   83.5s       -5 counts
02:43:34   83.6s       -6 counts
02:43:34   83.7s       -3 counts
02:43:34   83.7s       -5 counts
02:43:34   83.8s       -4 counts
02:43:34   83.8s       -3 counts
02:43:35   83.9s       -2 counts
02:43:35   83.9s       -2 counts
02:43:35   84.0s       -2 counts
02:43:35   84.1s       -8 counts
02:43:35   84.1s      -10 counts
02:43:35   84.2s       -4 counts
02:43:35   84.2s       -7 counts
02:43:35   84.3s       -6 counts
02:43:35   84.3s       -2 counts
02:43:35   84.4s       -8 counts
02:43:35   84.4s       -2 counts
02:43:35   84.5s       -7 counts
02:43:35   84.6s       -7 counts
02:43:35   84.6s       -2 counts
02:43:35   84.7s       -7 counts
02:43:35   84.7s       -5 counts
02:43:35   84.8s       -5 counts
02:43:35   84.8s       -7 counts
02:43:36   84.9s       -6 counts
02:43:36   84.9s       -5 counts
02:43:36   85.0s       -9 counts
02:43:36   85.1s       -6 counts
02:43:36   85.1s       -3 counts
02:43:36   85.2s       -3 counts
02:43:36   85.2s       -8 counts
02:43:36   85.3s       -0 counts
02:43:36   85.3s       -6 counts
02:43:36   85.4s       -8 counts
02:43:36   85.4s       -5 counts
02:43:36   85.5s       -6 counts
02:43:36   85.5s       -4 counts
02:43:36   85.6s       -6 counts
02:43:36   85.7s       -7 counts
02:43:36   85.7s       -3 counts
02:43:36   85.8s       -4 counts
02:43:36   85.8s       -4 counts
02:43:37   85.9s       -4 counts
02:43:37   85.9s       -3 counts
02:43:37   86.0s       -8 counts
02:43:37   86.1s       -3 counts
02:43:37   86.1s       -6 counts
02:43:37   86.2s       -2 counts
02:43:37   86.2s       -6 counts
02:43:37   86.3s       -4 counts
02:43:37   86.4s       -4 counts
02:43:37   86.4s       -8 counts
02:43:37   86.5s       -2 counts
02:43:37   86.5s       -4 counts
02:43:37   86.6s       -6 counts
02:43:37   86.6s       -4 counts
02:43:37   86.7s       -5 counts
02:43:37   86.8s       -7 counts
02:43:37   86.8s       -1 counts
02:43:38   86.9s       -4 counts
02:43:38   86.9s       -6 counts
02:43:38   87.0s       -3 counts
02:43:38   87.0s       -4 counts
02:43:38   87.1s       -5 counts
02:43:38   87.1s       -2 counts
02:43:38   87.2s       -5 counts
02:43:38   87.3s       -6 counts
02:43:38   87.3s       -4 counts
02:43:38   87.4s       -3 counts
02:43:38   87.4s       -4 counts
02:43:38   87.5s       -8 counts
02:43:38   87.6s       -4 counts
02:43:38   87.6s       -6 counts
02:43:38   87.7s       -4 counts
02:43:38   87.7s       -3 counts
02:43:38   87.8s       -4 counts
02:43:38   87.8s       -4 counts
02:43:39   87.9s       -6 counts
02:43:39   87.9s       -7 counts
02:43:39   88.0s       -5 counts
02:43:39   88.0s      -10 counts
02:43:39   88.1s       -3 counts
02:43:39   88.1s        2 counts
02:43:39   88.2s       -5 counts
02:43:39   88.3s       -8 counts
02:43:39   88.3s       -7 counts
02:43:39   88.4s       -5 counts
02:43:39   88.4s        0 counts
02:43:39   88.5s       -6 counts
02:43:39   88.5s       -8 counts
02:43:39   88.6s       -7 counts
02:43:39   88.6s       -6 counts
02:43:39   88.7s       -5 counts
02:43:39   88.8s       -2 counts
02:43:39   88.8s       -3 counts
02:43:40   88.9s       -1 counts
02:43:40   88.9s       -7 counts
02:43:40   89.0s       -3 counts
02:43:40   89.0s       -5 counts
02:43:40   89.1s       -4 counts
02:43:40   89.1s       -3 counts
02:43:40   89.2s       -4 counts
02:43:40   89.2s       -3 counts
02:43:40   89.3s       -5 counts
02:43:40   89.4s       -9 counts
02:43:40   89.4s       -9 counts
02:43:40   89.5s       -7 counts
02:43:40   89.5s       -6 counts
02:43:40   89.6s       -8 counts
02:43:40   89.6s       -2 counts
02:43:40   89.7s       -6 counts
02:43:40   89.7s       -5 counts
02:43:40   89.8s       -2 counts
02:43:40   89.9s       -4 counts
02:43:41   89.9s       -5 counts
02:43:41   90.0s       -6 counts
02:43:41   90.0s       -4 counts
02:43:41   90.1s       -8 counts
02:43:41   90.2s       -4 counts
02:43:41   90.2s       -3 counts
02:43:41   90.3s       -6 counts
02:43:41   90.3s       -8 counts
02:43:41   90.4s       -2 counts
02:43:41   90.4s       -2 counts
02:43:41   90.5s       -9 counts
02:43:41   90.5s       -3 counts
02:43:41   90.6s       -6 counts
02:43:41   90.7s       -3 counts
02:43:41   90.7s       -4 counts
02:43:41   90.8s       -2 counts
02:43:41   90.8s       -8 counts
02:43:42   90.9s       -5 counts
02:43:42   90.9s       -8 counts
02:43:42   91.0s       -7 counts
02:43:42   91.1s       -6 counts
02:43:42   91.1s       -9 counts
02:43:42   91.2s       -3 counts
02:43:42   91.2s       -4 counts
02:43:42   91.3s       -4 counts
02:43:42   91.3s       -5 counts
02:43:42   91.4s       -2 counts
02:43:42   91.4s       -9 counts
02:43:42   91.5s       -8 counts
02:43:42   91.6s       -1 counts
02:43:42   91.6s       -2 counts
02:43:42   91.7s        0 counts
02:43:42   91.7s       -5 counts
02:43:42   91.8s       -5 counts
02:43:42   91.8s       -5 counts
02:43:43   91.9s       -6 counts
02:43:43   92.0s       -8 counts
02:43:43   92.0s        0 counts
02:43:43   92.1s       -3 counts
02:43:43   92.1s       -8 counts
02:43:43   92.2s       -6 counts
02:43:43   92.2s       -4 counts
02:43:43   92.3s       -5 counts
02:43:43   92.3s       -3 counts
02:43:43   92.4s       -3 counts
02:43:43   92.4s       -4 counts
02:43:43   92.5s       -4 counts
02:43:43   92.6s       -4 counts
02:43:43   92.6s       -7 counts
02:43:43   92.7s       -4 counts
02:43:43   92.7s       -7 counts
02:43:43   92.8s       -3 counts
02:43:43   92.8s       -3 counts
02:43:44   92.9s       -4 counts
02:43:44   93.0s       -3 counts
02:43:44   93.0s       -6 counts
02:43:44   93.1s       -2 counts
02:43:44   93.1s       -3 counts
02:43:44   93.2s       -8 counts
02:43:44   93.2s       -4 counts
02:43:44   93.3s       -5 counts
02:43:44   93.4s       -4 counts
02:43:44   93.4s       -9 counts
02:43:44   93.5s       -5 counts
02:43:44   93.5s       -4 counts
02:43:44   93.6s       -5 counts
02:43:44   93.6s       -8 counts
02:43:44   93.7s       -9 counts
02:43:44   93.7s       -4 counts
02:43:44   93.8s       -5 counts
02:43:44   93.9s       -5 counts
02:43:45   93.9s       -3 counts
02:43:45   94.0s       -1 counts
02:43:45   94.0s       -0 counts
02:43:45   94.1s       -4 counts
02:43:45   94.1s       -5 counts
02:43:45   94.2s       -9 counts
02:43:45   94.2s       -2 counts
02:43:45   94.3s       -5 counts
02:43:45   94.4s      -14 counts
02:43:45   94.4s       -6 counts
02:43:45   94.5s       -2 counts
02:43:45   94.5s       -9 counts
02:43:45   94.6s       -4 counts
02:43:45   94.6s       -7 counts
02:43:45   94.7s       -7 counts
02:43:45   94.7s       -5 counts
02:43:45   94.8s       -6 counts
02:43:45   94.9s       -9 counts
02:43:46   94.9s       -1 counts
02:43:46   95.0s       -4 counts
02:43:46   95.0s       -2 counts
02:43:46   95.1s      -15 counts
02:43:46   95.1s        3 counts
02:43:46   95.2s       -8 counts
02:43:46   95.2s       -7 counts
02:43:46   95.3s       -3 counts
02:43:46   95.3s       -3 counts
02:43:46   95.4s       -9 counts
02:43:46   95.5s       -4 counts
02:43:46   95.5s       -2 counts
02:43:46   95.6s       -5 counts
02:43:46   95.6s       -7 counts
02:43:46   95.7s       -5 counts
02:43:46   95.7s       -5 counts
02:43:46   95.8s       -6 counts
02:43:46   95.9s      -13 counts
02:43:47   95.9s      -12 counts
02:43:47   96.0s       -6 counts
02:43:47   96.0s       -3 counts
02:43:47   96.1s      -12 counts
02:43:47   96.1s      -11 counts
02:43:47   96.2s       -3 counts
02:43:47   96.2s       -6 counts
02:43:47   96.3s       -6 counts
02:43:47   96.3s       -2 counts
02:43:47   96.4s       -3 counts
02:43:47   96.5s       -6 counts
02:43:47   96.5s       -2 counts
02:43:47   96.6s       -2 counts
02:43:47   96.6s      -11 counts
02:43:47   96.7s       -6 counts
02:43:47   96.7s      -13 counts
02:43:47   96.8s      -10 counts
02:43:47   96.9s       -1 counts
02:43:48   96.9s       -2 counts
02:43:48   97.0s       -0 counts
02:43:48   97.0s      -10 counts
02:43:48   97.1s       -8 counts
02:43:48   97.1s      -10 counts
02:43:48   97.2s        1 counts
02:43:48   97.3s       -3 counts
02:43:48   97.3s       -3 counts
02:43:48   97.4s       -4 counts
02:43:48   97.4s       -4 counts
02:43:48   97.5s      -11 counts
02:43:48   97.5s       -3 counts
02:43:48   97.6s       -8 counts
02:43:48   97.6s       -6 counts
02:43:48   97.7s       -0 counts
02:43:48   97.8s       -6 counts
02:43:48   97.8s       -7 counts
02:43:48   97.9s       -8 counts
02:43:49   97.9s       -8 counts
02:43:49   98.0s       -9 counts
02:43:49   98.0s       -4 counts
02:43:49   98.1s       -5 counts
02:43:49   98.1s       -4 counts
02:43:49   98.2s       -4 counts
02:43:49   98.3s       -6 counts
02:43:49   98.3s        3 counts
02:43:49   98.4s       -2 counts
02:43:49   98.4s       -5 counts
02:43:49   98.5s      -11 counts
02:43:49   98.5s       -2 counts
02:43:49   98.6s       -8 counts
02:43:49   98.6s      -15 counts
02:43:49   98.7s       -5 counts
02:43:49   98.7s       -4 counts
02:43:49   98.8s       -1 counts
02:43:49   98.9s       -9 counts
02:43:50   98.9s       -4 counts
02:43:50   99.0s       -8 counts
02:43:50   99.0s      -12 counts
02:43:50   99.1s       -7 counts
02:43:50   99.1s       -7 counts
02:43:50   99.2s       -4 counts
02:43:50   99.2s       -2 counts
02:43:50   99.3s       -3 counts
02:43:50   99.4s        2 counts
02:43:50   99.4s       -1 counts
02:43:50   99.5s       -7 counts
02:43:50   99.5s       -6 counts
02:43:50   99.6s       -1 counts
02:43:50   99.6s       -5 counts
02:43:50   99.7s       -9 counts
02:43:50   99.7s       -6 counts
02:43:50   99.8s       -4 counts
02:43:50   99.9s       -4 counts
02:43:51   99.9s       -4 counts
02:43:51  100.0s       -7 counts
02:43:51  100.0s       -5 counts
02:43:51  100.1s       -3 counts
02:43:51  100.1s       -1 counts
02:43:51  100.2s      -13 counts
02:43:51  100.3s       -2 counts
02:43:51  100.3s       -3 counts
02:43:51  100.4s        1 counts
02:43:51  100.4s      -12 counts
02:43:51  100.5s       -8 counts
02:43:51  100.5s       -7 counts
02:43:51  100.6s       -3 counts
02:43:51  100.7s       -8 counts
02:43:51  100.7s       -7 counts
02:43:51  100.8s       -7 counts
02:43:51  100.8s       -7 counts
02:43:52  100.9s       -3 counts
02:43:52  100.9s      -10 counts
02:43:52  101.0s       -3 counts
02:43:52  101.0s       -4 counts
02:43:52  101.1s       -8 counts
02:43:52  101.2s       -2 counts
02:43:52  101.2s       -5 counts
02:43:52  101.3s       -7 counts
02:43:52  101.3s       -3 counts
02:43:52  101.4s       -4 counts
02:43:52  101.4s        0 counts
02:43:52  101.5s      -10 counts
02:43:52  101.6s       -6 counts
02:43:52  101.6s       -6 counts
02:43:52  101.7s       -6 counts
02:43:52  101.7s        1 counts
02:43:52  101.8s       -5 counts
02:43:52  101.8s       -4 counts
02:43:53  101.9s       -5 counts
02:43:53  101.9s       -4 counts
02:43:53  102.0s       -2 counts
02:43:53  102.1s      -11 counts
02:43:53  102.1s       -6 counts
02:43:53  102.2s       -6 counts
02:43:53  102.2s       -4 counts
02:43:53  102.3s       -3 counts
02:43:53  102.3s       -8 counts
02:43:53  102.4s       -9 counts
02:43:53  102.4s       -3 counts
02:43:53  102.5s      -10 counts
02:43:53  102.6s       -5 counts
02:43:53  102.6s       -5 counts
02:43:53  102.7s       -7 counts
02:43:53  102.7s       -2 counts
02:43:53  102.8s       -1 counts
02:43:53  102.8s       -4 counts
02:43:54  102.9s       -7 counts
02:43:54  103.0s       -4 counts
02:43:54  103.0s       -5 counts
02:43:54  103.1s       -5 counts
02:43:54  103.1s       -4 counts
02:43:54  103.2s       -8 counts
02:43:54  103.2s       -5 counts
02:43:54  103.3s       -6 counts
02:43:54  103.3s       -5 counts
02:43:54  103.4s       -5 counts
02:43:54  103.5s       -5 counts
02:43:54  103.5s       -3 counts
02:43:54  103.6s       -2 counts
02:43:54  103.6s       -3 counts
02:43:54  103.7s       -4 counts
02:43:54  103.7s       -7 counts
02:43:54  103.8s       -1 counts
02:43:54  103.8s       -4 counts
02:43:55  103.9s       -4 counts
02:43:55  103.9s       -3 counts
02:43:55  104.0s       -4 counts
02:43:55  104.0s       -5 counts
02:43:55  104.1s       -5 counts
02:43:55  104.2s       -8 counts
02:43:55  104.2s       -3 counts
02:43:55  104.3s       -4 counts
02:43:55  104.3s       -2 counts
02:43:55  104.4s       -7 counts
02:43:55  104.4s       -6 counts
02:43:55  104.5s       -3 counts
02:43:55  104.6s       -4 counts
02:43:55  104.6s       -2 counts
02:43:55  104.7s       -2 counts
02:43:55  104.7s       -5 counts
02:43:55  104.8s       -6 counts
02:43:55  104.8s       -3 counts
02:43:56  104.9s       -6 counts
02:43:56  104.9s       -4 counts
02:43:56  105.0s       -4 counts
02:43:56  105.0s       -2 counts
02:43:56  105.1s       -0 counts
02:43:56  105.2s       -6 counts
02:43:56  105.2s       -9 counts
02:43:56  105.3s       -9 counts
02:43:56  105.3s       -3 counts
02:43:56  105.4s       -4 counts
02:43:56  105.4s       -8 counts
02:43:56  105.5s       -5 counts
02:43:56  105.5s       -3 counts
02:43:56  105.6s       -8 counts
02:43:56  105.7s       -2 counts
02:43:56  105.7s       -3 counts
02:43:56  105.8s       -4 counts
02:43:56  105.8s       -7 counts
02:43:57  105.9s       -4 counts
02:43:57  105.9s       -6 counts
02:43:57  106.0s       -4 counts
02:43:57  106.0s       -1 counts
02:43:57  106.1s       -5 counts
02:43:57  106.1s       -4 counts
02:43:57  106.2s       -5 counts
02:43:57  106.2s       -6 counts
02:43:57  106.3s        1 counts
02:43:57  106.4s       -4 counts
02:43:57  106.4s       -0 counts
02:43:57  106.5s       -8 counts
02:43:57  106.5s       -4 counts
02:43:57  106.6s       -7 counts
02:43:57  106.6s       -8 counts
02:43:57  106.7s       -9 counts
02:43:57  106.8s       -4 counts
02:43:57  106.8s      -10 counts
02:43:58  106.9s       -3 counts
02:43:58  106.9s       -3 counts
02:43:58  107.0s       -3 counts
02:43:58  107.0s       -7 counts
02:43:58  107.1s       -4 counts
02:43:58  107.2s       -8 counts
02:43:58  107.2s       -9 counts
02:43:58  107.3s       -4 counts
02:43:58  107.3s       -6 counts
02:43:58  107.4s       -1 counts
02:43:58  107.4s       -4 counts
02:43:58  107.5s       -7 counts
02:43:58  107.5s       -5 counts
02:43:58  107.6s       -2 counts
02:43:58  107.7s       -4 counts
02:43:58  107.7s       -3 counts
02:43:58  107.8s       -3 counts
02:43:58  107.8s       -1 counts
02:43:59  107.9s       -5 counts
02:43:59  107.9s        2 counts
02:43:59  108.0s       -3 counts
02:43:59  108.0s      -10 counts
02:43:59  108.1s       -6 counts
02:43:59  108.1s       -6 counts
02:43:59  108.2s       -5 counts
02:43:59  108.3s       -6 counts
02:43:59  108.3s       -3 counts
02:43:59  108.4s       -9 counts
02:43:59  108.4s       -3 counts
02:43:59  108.5s      -10 counts
02:43:59  108.5s       -5 counts
02:43:59  108.6s       -5 counts
02:43:59  108.6s       -4 counts
02:43:59  108.7s        1 counts
02:43:59  108.8s       -5 counts
02:43:59  108.8s       -3 counts
02:43:59  108.9s       -6 counts
02:44:00  108.9s       -5 counts
02:44:00  109.0s       -4 counts
02:44:00  109.0s       -4 counts
02:44:00  109.1s       -4 counts
02:44:00  109.1s       -3 counts
02:44:00  109.2s       -5 counts
02:44:00  109.2s       -3 counts
02:44:00  109.3s       -9 counts
02:44:00  109.4s       -4 counts
02:44:00  109.4s       -4 counts
02:44:00  109.5s       -7 counts
02:44:00  109.5s       -5 counts
02:44:00  109.6s       -2 counts
02:44:00  109.6s       -9 counts
02:44:00  109.7s       -6 counts
02:44:00  109.7s       -1 counts
02:44:00  109.8s       -3 counts
02:44:00  109.9s       -5 counts
02:44:01  109.9s       -6 counts
02:44:01  110.0s       -4 counts
02:44:01  110.0s       -4 counts
02:44:01  110.1s       -8 counts
02:44:01  110.1s       -7 counts
02:44:01  110.2s      -10 counts
02:44:01  110.2s       -8 counts
02:44:01  110.3s       -3 counts
02:44:01  110.3s       -3 counts
02:44:01  110.4s       -5 counts
02:44:01  110.5s       -6 counts
02:44:01  110.5s      -11 counts
02:44:01  110.6s       -5 counts
02:44:01  110.6s       -9 counts
02:44:01  110.7s       -5 counts
02:44:01  110.7s       -1 counts
02:44:01  110.8s       -4 counts
02:44:01  110.8s       -8 counts
02:44:02  110.9s       -5 counts
02:44:02  110.9s      -14 counts
02:44:02  111.0s        3 counts
02:44:02  111.1s       -2 counts
02:44:02  111.1s       -3 counts
02:44:02  111.2s       -4 counts
02:44:02  111.2s       -7 counts
02:44:02  111.3s       -7 counts
02:44:02  111.3s      -10 counts
02:44:02  111.4s       -7 counts
02:44:02  111.4s       -8 counts
02:44:02  111.5s       -5 counts
02:44:02  111.6s       -6 counts
02:44:02  111.6s      -10 counts
02:44:02  111.7s       -5 counts
02:44:02  111.7s       -3 counts
02:44:02  111.8s       -4 counts
02:44:02  111.8s       -6 counts
02:44:03  111.9s       -2 counts
02:44:03  111.9s       -3 counts
02:44:03  112.0s       -2 counts
02:44:03  112.1s       -0 counts
02:44:03  112.1s        2 counts
02:44:03  112.2s       -3 counts
02:44:03  112.2s       -7 counts
02:44:03  112.3s       -2 counts
02:44:03  112.4s       -2 counts
02:44:03  112.4s       -1 counts
02:44:03  112.5s       -7 counts
02:44:03  112.5s       -4 counts
02:44:03  112.6s       -5 counts
02:44:03  112.6s       -5 counts
02:44:03  112.7s       -6 counts
02:44:03  112.8s      -12 counts
02:44:03  112.8s        2 counts
02:44:03  112.9s      -11 counts
02:44:04  112.9s       -9 counts
02:44:04  113.0s       -3 counts
02:44:04  113.0s      -11 counts
02:44:04  113.1s       -5 counts
02:44:04  113.1s       -9 counts
02:44:04  113.2s       -6 counts
02:44:04  113.3s       -2 counts
02:44:04  113.3s       -1 counts
02:44:04  113.4s        1 counts
02:44:04  113.4s      -11 counts
02:44:04  113.5s       -6 counts
02:44:04  113.5s       -8 counts
02:44:04  113.6s       -3 counts
02:44:04  113.6s       -5 counts
02:44:04  113.7s       -0 counts
02:44:04  113.7s       -9 counts
02:44:04  113.8s       -9 counts
02:44:04  113.9s       -8 counts
02:44:05  113.9s      -11 counts
02:44:05  114.0s       -6 counts
02:44:05  114.0s       -8 counts
02:44:05  114.1s       -2 counts
02:44:05  114.1s       -4 counts
02:44:05  114.2s       -6 counts
02:44:05  114.2s       -8 counts
02:44:05  114.3s       -3 counts
02:44:05  114.4s       -8 counts
02:44:05  114.4s       -7 counts
02:44:05  114.5s       -2 counts
02:44:05  114.5s       -0 counts
02:44:05  114.6s        1 counts
02:44:05  114.6s       -9 counts
02:44:05  114.7s        0 counts
02:44:05  114.7s       -4 counts
02:44:05  114.8s       -9 counts
02:44:05  114.8s       -7 counts
02:44:06  114.9s       -6 counts
02:44:06  114.9s       -4 counts
02:44:06  115.0s       -5 counts
02:44:06  115.1s       -4 counts
02:44:06  115.1s       -2 counts
02:44:06  115.2s      -11 counts
02:44:06  115.2s       -4 counts
02:44:06  115.3s       -8 counts
02:44:06  115.3s       -0 counts
02:44:06  115.4s       -5 counts
02:44:06  115.4s       -3 counts
02:44:06  115.5s       -9 counts
02:44:06  115.5s       -7 counts
02:44:06  115.6s      -26 counts
02:44:06  115.7s      -10 counts
02:44:06  115.7s       -6 counts
02:44:06  115.8s       -4 counts
02:44:06  115.8s       -3 counts
02:44:07  115.9s       -3 counts
02:44:07  115.9s       -8 counts
02:44:07  116.0s      -16 counts
02:44:07  116.0s       -3 counts
02:44:07  116.1s       -8 counts
02:44:07  116.2s       -2 counts
02:44:07  116.2s      -11 counts
02:44:07  116.3s       -4 counts
02:44:07  116.3s        2 counts
02:44:07  116.4s      -11 counts
02:44:07  116.4s       -4 counts
02:44:07  116.5s      -10 counts
02:44:07  116.6s      -13 counts
02:44:07  116.6s        2 counts
02:44:07  116.7s       -5 counts
02:44:07  116.7s       -8 counts
02:44:07  116.8s       -6 counts
02:44:07  116.8s       -9 counts
02:44:08  116.9s       -4 counts
02:44:08  116.9s        1 counts
02:44:08  117.0s       -5 counts
02:44:08  117.0s       -6 counts
02:44:08  117.1s       -2 counts
02:44:08  117.1s       -8 counts
02:44:08  117.2s      -10 counts
02:44:08  117.3s       -2 counts
02:44:08  117.3s       -5 counts
02:44:08  117.4s       -5 counts
02:44:08  117.4s       -6 counts
02:44:08  117.5s        5 counts
02:44:08  117.5s      -18 counts
02:44:08  117.6s      -12 counts
02:44:08  117.6s        6 counts
02:44:08  117.7s        4 counts
02:44:08  117.7s       -2 counts
02:44:08  117.8s      -12 counts
02:44:08  117.8s      -11 counts
02:44:09  117.9s      -12 counts
02:44:09  117.9s      -14 counts
02:44:09  118.0s       -3 counts
02:44:09  118.1s        0 counts
02:44:09  118.1s       -7 counts
02:44:09  118.2s        1 counts
02:44:09  118.2s       -4 counts
02:44:09  118.3s        3 counts
02:44:09  118.3s       -8 counts
02:44:09  118.4s      -15 counts
02:44:09  118.4s       -5 counts
02:44:09  118.5s        3 counts
02:44:09  118.6s      -12 counts
02:44:09  118.6s       -4 counts
02:44:09  118.7s        1 counts
02:44:09  118.7s      -12 counts
02:44:09  118.8s      -10 counts
02:44:09  118.8s       -7 counts
02:44:10  118.9s       -5 counts
02:44:10  118.9s      -21 counts
02:44:10  119.0s        3 counts
02:44:10  119.0s        0 counts
02:44:10  119.1s      -12 counts
02:44:10  119.2s       -1 counts
02:44:10  119.2s       -4 counts
02:44:10  119.3s       -3 counts
02:44:10  119.3s       -6 counts
02:44:10  119.4s       -8 counts
02:44:10  119.4s       -2 counts
02:44:10  119.5s       -3 counts
02:44:10  119.6s      -14 counts
02:44:10  119.6s       -9 counts
02:44:10  119.7s      -10 counts
02:44:10  119.7s      -14 counts
02:44:10  119.8s      -10 counts
02:44:10  119.8s       -2 counts
02:44:11  119.9s       -0 counts
02:44:11  120.0s       -5 counts
02:44:11  120.0s        0 counts
02:44:11  120.1s        6 counts
02:44:11  120.1s       -4 counts
02:44:11  120.2s       -5 counts
02:44:11  120.2s       -4 counts
02:44:11  120.3s      -13 counts
02:44:11  120.3s      -17 counts
02:44:11  120.4s       -9 counts
02:44:11  120.5s       -7 counts
02:44:11  120.5s       -1 counts
02:44:11  120.6s       -2 counts
02:44:11  120.6s      -18 counts
02:44:11  120.7s       -9 counts
02:44:11  120.7s      -11 counts
02:44:11  120.8s       -3 counts
02:44:11  120.8s       -7 counts
02:44:12  120.9s       -1 counts
02:44:12  120.9s        1 counts
02:44:12  121.0s      -11 counts
02:44:12  121.1s       -5 counts
02:44:12  121.1s      -15 counts
02:44:12  121.2s       -2 counts
02:44:12  121.2s      -13 counts
02:44:12  121.3s      -13 counts
02:44:12  121.3s       -5 counts
02:44:12  121.4s       -5 counts
02:44:12  121.5s       -9 counts
02:44:12  121.5s        9 counts
02:44:12  121.6s      -13 counts
02:44:12  121.6s       -7 counts
02:44:12  121.7s       -5 counts
02:44:12  121.7s       -8 counts
02:44:12  121.8s       -5 counts
02:44:12  121.8s       -1 counts
02:44:13  121.9s      -10 counts
02:44:13  122.0s       -9 counts
02:44:13  122.0s      -15 counts
02:44:13  122.1s      -10 counts
02:44:13  122.1s      -23 counts
02:44:13  122.2s       -8 counts
02:44:13  122.2s       -1 counts
02:44:13  122.3s       -5 counts
02:44:13  122.3s       -6 counts
02:44:13  122.4s        5 counts
02:44:13  122.4s       -6 counts
02:44:13  122.5s       -1 counts
02:44:13  122.6s      -11 counts
02:44:13  122.6s      -12 counts
02:44:13  122.7s       -9 counts
02:44:13  122.7s       -1 counts
02:44:13  122.8s       -6 counts
02:44:13  122.8s       -3 counts
02:44:14  122.9s       -6 counts
02:44:14  122.9s        2 counts
02:44:14  123.0s        0 counts
02:44:14  123.0s        7 counts
02:44:14  123.1s      -15 counts
02:44:14  123.2s       -7 counts
02:44:14  123.2s       -2 counts
02:44:14  123.3s       -7 counts
02:44:14  123.3s       13 counts
02:44:14  123.4s       -5 counts
02:44:14  123.4s        2 counts
02:44:14  123.5s       -6 counts
02:44:14  123.6s        7 counts
02:44:14  123.6s       -2 counts
02:44:14  123.7s       -5 counts
02:44:14  123.7s       -7 counts
02:44:14  123.8s       -0 counts
02:44:14  123.8s       -2 counts
02:44:15  123.9s       -8 counts
02:44:15  123.9s       -1 counts
02:44:15  124.0s       -2 counts
02:44:15  124.0s        5 counts
02:44:15  124.1s       -8 counts
02:44:15  124.1s        3 counts
02:44:15  124.2s      -10 counts
02:44:15  124.3s       -8 counts
02:44:15  124.3s        0 counts
02:44:15  124.4s      -13 counts
02:44:15  124.4s       -3 counts
02:44:15  124.5s      -17 counts
02:44:15  124.5s       -6 counts
02:44:15  124.6s      -13 counts
02:44:15  124.6s      -12 counts
02:44:15  124.7s       -5 counts
02:44:15  124.7s       -2 counts
02:44:15  124.8s        1 counts
02:44:15  124.9s        0 counts
02:44:16  124.9s      -13 counts
02:44:16  125.0s        7 counts
02:44:16  125.0s      -19 counts
02:44:16  125.1s       -6 counts
02:44:16  125.2s       -6 counts
02:44:16  125.2s        4 counts
02:44:16  125.3s      -12 counts
02:44:16  125.3s       -3 counts
02:44:16  125.4s        4 counts
02:44:16  125.4s        3 counts
02:44:16  125.5s       -5 counts
02:44:16  125.5s      -18 counts
02:44:16  125.6s       -8 counts
02:44:16  125.7s        6 counts
02:44:16  125.7s       -5 counts
02:44:16  125.8s       -2 counts
02:44:16  125.8s       -5 counts
02:44:17  125.9s       -1 counts
02:44:17  125.9s        3 counts
02:44:17  126.0s       -8 counts
02:44:17  126.0s       -9 counts
02:44:17  126.1s      -17 counts
02:44:17  126.2s        2 counts
02:44:17  126.2s       -9 counts
02:44:17  126.3s       -1 counts
02:44:17  126.3s        4 counts
02:44:17  126.4s       10 counts
02:44:17  126.4s       -7 counts
02:44:17  126.5s      -11 counts
02:44:17  126.5s      -10 counts
02:44:17  126.6s      -10 counts
02:44:17  126.7s        5 counts
02:44:17  126.7s      -13 counts
02:44:17  126.8s      -10 counts
02:44:17  126.8s        2 counts
02:44:18  126.9s      -12 counts
02:44:18  126.9s       -1 counts
02:44:18  127.0s        0 counts
02:44:18  127.0s       -1 counts
02:44:18  127.1s       -6 counts
02:44:18  127.2s       -3 counts
02:44:18  127.2s       -4 counts
02:44:18  127.3s       -9 counts
02:44:18  127.3s       -5 counts
02:44:18  127.4s       -2 counts
02:44:18  127.4s       -6 counts
02:44:18  127.5s       -7 counts
02:44:18  127.5s       -0 counts
02:44:18  127.6s       -4 counts
02:44:18  127.7s       -4 counts
02:44:18  127.7s       -6 counts
02:44:18  127.8s       -4 counts
02:44:18  127.8s       -6 counts
02:44:19  127.9s       -4 counts
02:44:19  127.9s       -2 counts
02:44:19  128.0s       -6 counts
02:44:19  128.0s       -7 counts
02:44:19  128.1s       -2 counts
02:44:19  128.2s       -6 counts
02:44:19  128.2s        1 counts
02:44:19  128.3s       -5 counts
02:44:19  128.3s       -4 counts
02:44:19  128.4s       -2 counts
02:44:19  128.4s       -3 counts
02:44:19  128.5s       -3 counts
02:44:19  128.5s       -6 counts
02:44:19  128.6s       -5 counts
02:44:19  128.6s       -5 counts
02:44:19  128.7s       -5 counts
02:44:19  128.8s       -4 counts
02:44:19  128.8s        0 counts
02:44:20  128.9s       -3 counts
02:44:20  128.9s       -0 counts
02:44:20  129.0s       -7 counts
02:44:20  129.0s       -5 counts
02:44:20  129.1s       -6 counts
02:44:20  129.2s      -10 counts
02:44:20  129.2s       -2 counts
02:44:20  129.3s       -5 counts
02:44:20  129.3s       -6 counts
02:44:20  129.4s       -3 counts
02:44:20  129.4s       -5 counts
02:44:20  129.5s       -6 counts
02:44:20  129.5s       -4 counts
02:44:20  129.6s       -7 counts
02:44:20  129.7s       -4 counts
02:44:20  129.7s       -6 counts
02:44:20  129.8s       -5 counts
02:44:20  129.8s       -4 counts
02:44:21  129.9s       -0 counts
02:44:21  129.9s      -11 counts
02:44:21  130.0s      -12 counts
02:44:21  130.0s       -3 counts
02:44:21  130.1s       -8 counts
02:44:21  130.1s       -8 counts
02:44:21  130.2s       -4 counts
02:44:21  130.3s       -2 counts
02:44:21  130.3s       -8 counts
02:44:21  130.4s      -13 counts
02:44:21  130.4s       -7 counts
02:44:21  130.5s       -4 counts
02:44:21  130.5s      -12 counts
02:44:21  130.6s       -5 counts
02:44:21  130.6s       -0 counts
02:44:21  130.7s        2 counts
02:44:21  130.8s       -6 counts
02:44:21  130.8s       -8 counts
02:44:22  130.9s       -5 counts
02:44:22  130.9s       -5 counts
02:44:22  131.0s       -8 counts
02:44:22  131.0s      -13 counts
02:44:22  131.1s       -0 counts
02:44:22  131.1s       -4 counts
02:44:22  131.2s       -7 counts
02:44:22  131.3s       -3 counts
02:44:22  131.3s       -4 counts
02:44:22  131.4s       -8 counts
02:44:22  131.4s       -7 counts
02:44:22  131.5s       -5 counts
02:44:22  131.5s      -10 counts
02:44:22  131.6s       -8 counts
02:44:22  131.6s       -5 counts
02:44:22  131.7s       -6 counts
02:44:22  131.8s        3 counts
02:44:22  131.8s       -7 counts
02:44:22  131.9s       -6 counts
02:44:23  131.9s       -3 counts
02:44:23  132.0s       -2 counts
02:44:23  132.0s      -11 counts
02:44:23  132.1s       -1 counts
02:44:23  132.1s       -7 counts
02:44:23  132.2s       -9 counts
02:44:23  132.3s      -14 counts
02:44:23  132.3s       -8 counts
02:44:23  132.4s       -8 counts
02:44:23  132.4s       -6 counts
02:44:23  132.5s       -4 counts
02:44:23  132.5s      -13 counts
02:44:23  132.6s       -1 counts
02:44:23  132.7s       -7 counts
02:44:23  132.7s       -1 counts
02:44:23  132.8s       -7 counts
02:44:23  132.8s       -8 counts
02:44:24  132.9s       -3 counts
02:44:24  132.9s       -8 counts
02:44:24  133.0s       -8 counts
02:44:24  133.0s       -3 counts
02:44:24  133.1s       -2 counts
02:44:24  133.1s       -4 counts
02:44:24  133.2s       -1 counts
02:44:24  133.3s       -1 counts
02:44:24  133.3s       -6 counts
02:44:24  133.4s       -2 counts
02:44:24  133.4s       -4 counts
02:44:24  133.5s       -7 counts
02:44:24  133.5s       -9 counts
02:44:24  133.6s       -5 counts
02:44:24  133.6s       -6 counts
02:44:24  133.7s       -4 counts
02:44:24  133.8s        4 counts
02:44:24  133.8s        2 counts
02:44:25  133.9s       -7 counts
02:44:25  133.9s        3 counts
02:44:25  134.0s       -4 counts
02:44:25  134.0s       -9 counts
02:44:25  134.1s        3 counts
02:44:25  134.1s      -10 counts
02:44:25  134.2s       -7 counts
02:44:25  134.3s       -4 counts
02:44:25  134.3s       -6 counts
02:44:25  134.4s       -6 counts
02:44:25  134.4s       -8 counts
02:44:25  134.5s      -11 counts
02:44:25  134.5s       -4 counts
02:44:25  134.6s       -5 counts
02:44:25  134.6s       -7 counts
02:44:25  134.7s       -8 counts
02:44:25  134.8s       -7 counts
02:44:25  134.8s       -2 counts
02:44:26  134.9s       -6 counts
02:44:26  134.9s       -4 counts
02:44:26  135.0s       -5 counts
02:44:26  135.0s       -7 counts
02:44:26  135.1s        4 counts
02:44:26  135.1s       -3 counts
02:44:26  135.2s       -2 counts
02:44:26  135.3s      -10 counts
02:44:26  135.3s        1 counts
02:44:26  135.4s      -10 counts
02:44:26  135.4s       -5 counts
02:44:26  135.5s      145 counts
02:44:26  135.5s        4 counts
02:44:26  135.6s      536 counts
02:44:26  135.6s       83 counts
02:44:26  135.7s       57 counts
02:44:26  135.8s       66 counts
02:44:26  135.8s       28 counts
02:44:26  135.9s       21 counts
02:44:27  135.9s       -4 counts
02:44:27  136.0s        5 counts
02:44:27  136.0s        5 counts
02:44:27  136.1s     1160 counts  <<< CONTACT: STOP TURNING. Bias set to 0 V. >>>
02:44:50  158.9s  check: -4 counts -> CLEAR
RESULT: clear
